Archive member included to satisfy reference by file (symbol)

/home/cameron/AutoTurretPico/libmicroros/libmicroros.a(librcl-publisher.c.obj)
                              CMakeFiles/turret.dir/turretMainLoop.cpp.obj (rcl_publish)
/home/cameron/AutoTurretPico/libmicroros/libmicroros.a(librclc-init.c.obj)
                              CMakeFiles/turret.dir/turretMainLoop.cpp.obj (rclc_support_init)
/home/cameron/AutoTurretPico/libmicroros/libmicroros.a(librclc-node.c.obj)
                              CMakeFiles/turret.dir/turretMainLoop.cpp.obj (rclc_node_init_default)
/home/cameron/AutoTurretPico/libmicroros/libmicroros.a(librcutils-allocator.c.obj)
                              CMakeFiles/turret.dir/turretMainLoop.cpp.obj (rcutils_get_default_allocator)
/home/cameron/AutoTurretPico/libmicroros/libmicroros.a(librcutils-error_handling.c.obj)
                              /home/cameron/AutoTurretPico/libmicroros/libmicroros.a(librcl-publisher.c.obj) (rcutils_reset_error)
/home/cameron/AutoTurretPico/libmicroros/libmicroros.a(librmw-publisher_options.c.obj)
                              /home/cameron/AutoTurretPico/libmicroros/libmicroros.a(librcl-publisher.c.obj) (rmw_get_default_publisher_options)
/home/cameron/AutoTurretPico/libmicroros/libmicroros.a(librmw_microxrcedds-rmw_publish.c.obj)
                              /home/cameron/AutoTurretPico/libmicroros/libmicroros.a(librcl-publisher.c.obj) (rmw_publish)
/home/cameron/AutoTurretPico/libmicroros/libmicroros.a(librmw_microxrcedds-rmw_publisher.c.obj)
                              /home/cameron/AutoTurretPico/libmicroros/libmicroros.a(librcl-publisher.c.obj) (rmw_create_publisher)
/home/cameron/AutoTurretPico/libmicroros/libmicroros.a(librmw_microxrcedds-types.c.obj)
                              /home/cameron/AutoTurretPico/libmicroros/libmicroros.a(librmw_microxrcedds-rmw_publisher.c.obj) (rmw_uxrce_fini_publisher_memory)
/home/cameron/AutoTurretPico/libmicroros/libmicroros.a(librmw_microxrcedds-utils.c.obj)
                              /home/cameron/AutoTurretPico/libmicroros/libmicroros.a(librmw_microxrcedds-rmw_publisher.c.obj) (run_xrce_session)
/home/cameron/AutoTurretPico/libmicroros/libmicroros.a(librosidl_runtime_c-message_type_support.c.obj)
                              /home/cameron/AutoTurretPico/libmicroros/libmicroros.a(librmw_microxrcedds-rmw_publisher.c.obj) (get_message_typesupport_handle)
/home/cameron/AutoTurretPico/libmicroros/libmicroros.a(libstd_msgs__rosidl_typesupport_c-bool__type_support.cpp.obj)
                              CMakeFiles/turret.dir/turretMainLoop.cpp.obj (rosidl_typesupport_c__get_message_type_support_handle__std_msgs__msg__Bool)
/home/cameron/AutoTurretPico/libmicroros/libmicroros.a(libstd_msgs__rosidl_typesupport_introspection_c-bool__type_support.c.obj)
                              /home/cameron/AutoTurretPico/libmicroros/libmicroros.a(libstd_msgs__rosidl_typesupport_c-bool__type_support.cpp.obj) (rosidl_typesupport_introspection_c__get_message_type_support_handle__std_msgs__msg__Bool)
/home/cameron/AutoTurretPico/libmicroros/libmicroros.a(libstd_msgs__rosidl_typesupport_microxrcedds_c-bool__type_support_c.c.obj)
                              /home/cameron/AutoTurretPico/libmicroros/libmicroros.a(libstd_msgs__rosidl_typesupport_c-bool__type_support.cpp.obj) (rosidl_typesupport_microxrcedds_c__get_message_type_support_handle__std_msgs__msg__Bool)
/home/cameron/AutoTurretPico/libmicroros/libmicroros.a(libmicrocdr-basic.c.obj)
                              /home/cameron/AutoTurretPico/libmicroros/libmicroros.a(libstd_msgs__rosidl_typesupport_microxrcedds_c-bool__type_support_c.c.obj) (ucdr_serialize_bool)
/home/cameron/AutoTurretPico/libmicroros/libmicroros.a(libmicrocdr-common.c.obj)
                              /home/cameron/AutoTurretPico/libmicroros/libmicroros.a(libmicrocdr-basic.c.obj) (ucdr_check_buffer_available_for)
/home/cameron/AutoTurretPico/libmicroros/libmicroros.a(libmicroxrcedds_client-common_create_entities.c.obj)
                              /home/cameron/AutoTurretPico/libmicroros/libmicroros.a(librmw_microxrcedds-rmw_publisher.c.obj) (uxr_buffer_delete_entity)
/home/cameron/AutoTurretPico/libmicroros/libmicroros.a(libmicroxrcedds_client-create_entities_bin.c.obj)
                              /home/cameron/AutoTurretPico/libmicroros/libmicroros.a(librmw_microxrcedds-rmw_publisher.c.obj) (uxr_buffer_create_publisher_bin)
/home/cameron/AutoTurretPico/libmicroros/libmicroros.a(libmicroxrcedds_client-object_id.c.obj)
                              /home/cameron/AutoTurretPico/libmicroros/libmicroros.a(librmw_microxrcedds-rmw_publisher.c.obj) (uxr_object_id)
/home/cameron/AutoTurretPico/libmicroros/libmicroros.a(libmicroxrcedds_client-session.c.obj)
                              /home/cameron/AutoTurretPico/libmicroros/libmicroros.a(librmw_microxrcedds-rmw_publish.c.obj) (uxr_flash_output_streams)
/home/cameron/AutoTurretPico/libmicroros/libmicroros.a(libmicroxrcedds_client-session_info.c.obj)
[...]
Memory Configuration

Name             Origin             Length             Attributes
FLASH            0x0000000010000000 0x0000000000200000 xr
RAM              0x0000000020000000 0x0000000000040000 xrw
SCRATCH_X        0x0000000020040000 0x0000000000001000 xrw
SCRATCH_Y        0x0000000020041000 0x0000000000001000 xrw
*default*        0x0000000000000000 0xffffffffffffffff

Linker script and memory map

LOAD /usr/lib/gcc/arm-none-eabi/10.3.1/thumb/v6-m/nofp/crti.o
LOAD /usr/lib/gcc/arm-none-eabi/10.3.1/thumb/v6-m/nofp/crtbegin.o
LOAD /usr/lib/gcc/arm-none-eabi/10.3.1/../../../arm-none-eabi/lib/thumb/v6-m/nofp/crt0.o

.flash_begin    0x0000000010000000        0x0
                0x0000000010000000                __flash_binary_start = .

.boot2          0x0000000010000000      0x100
                0x0000000010000000                __boot2_start__ = .
 *(.boot2)
 .boot2         0x0000000010000000      0x100 /tmp/ccYnKJdW.o
                0x0000000010000100                __boot2_end__ = .
                0x0000000000000001                ASSERT (((__boot2_end__ - __boot2_start__) == 0x100), ERROR: Pico second stage bootloader must be 256 bytes in size)

.text           0x0000000010000100     0xcbe8
                0x0000000010000100                __logical_binary_start = .
 *(.vectors)
 .vectors       0x0000000010000100       0xd4 CMakeFiles/turret.dir/home/cameron/pico-sdk/src/rp2_common/pico_standard_link/crt0.S.obj
                0x0000000010000100                __vectors
                0x0000000010000100                __VECTOR_TABLE
                0x00000000100001c0                isr_invalid
                0x00000000100001c0                __default_isrs_start
                0x00000000100001c2                isr_nmi
                0x00000000100001c4                isr_hardfault
                0x00000000100001c6                isr_svcall
                0x00000000100001c8                isr_pendsv
                0x00000000100001ca                isr_systick
                0x00000000100001cc                isr_irq30
                0x00000000100001cc                __unhandled_user_irq
                0x00000000100001cc                isr_irq13
                0x00000000100001cc                isr_irq27
                0x00000000100001cc                isr_irq31
                0x00000000100001cc                isr_irq5
                0x00000000100001cc                isr_irq11
                0x00000000100001cc                isr_irq23
                0x00000000100001cc                isr_irq18
                0x00000000100001cc                isr_irq28
                0x00000000100001cc                isr_irq19
                0x00000000100001cc                isr_irq0
                0x00000000100001cc                isr_irq6
                0x00000000100001cc                isr_irq22
                0x00000000100001cc                isr_irq17
                0x00000000100001cc                isr_irq14
                0x00000000100001cc                isr_irq2
                0x00000000100001cc                isr_irq10
                0x00000000100001cc                isr_irq8
                0x00000000100001cc                isr_irq24
                0x00000000100001cc                isr_irq1
                0x00000000100001cc                isr_irq7
                0x00000000100001cc                isr_irq21
                0x00000000100001cc                isr_irq20
                0x00000000100001cc                isr_irq15
                0x00000000100001cc                isr_irq25
                0x00000000100001cc                isr_irq4
                0x00000000100001cc                isr_irq16
                0x00000000100001cc                isr_irq29
                0x00000000100001cc                isr_irq26
                0x00000000100001cc                __default_isrs_end
                0x00000000100001cc                isr_irq3
                0x00000000100001cc                isr_irq12
                0x00000000100001cc                isr_irq9
                0x00000000100001d2                unhandled_user_irq_num_in_r0
 *(.binary_info_header)
 .binary_info_header
                0x00000000100001d4       0x14 CMakeFiles/turret.dir/home/cameron/pico-sdk/src/rp2_common/pico_standard_link/crt0.S.obj
                0x00000000100001e8                __binary_info_header_end = .
 *(.reset)
 .reset         0x00000000100001e8       0xa0 CMakeFiles/turret.dir/home/cameron/pico-sdk/src/rp2_common/pico_standard_link/crt0.S.obj
                0x00000000100001e8                _entry_point
 .reset         0x0000000010000288       0x30 CMakeFiles/turret.dir/home/cameron/pico-sdk/src/rp2_common/pico_standard_link/binary_info.c.obj
 *(.init)
 .init          0x00000000100002b8        0x4 /usr/lib/gcc/arm-none-eabi/10.3.1/thumb/v6-m/nofp/crti.o
                0x00000000100002b8                _init
 *(EXCLUDE_FILE(*libm.a: *libc.a:*lib_a-mem*.o *libgcc.a:) .text*)
 .text          0x00000000100002bc       0x98 /usr/lib/gcc/arm-none-eabi/10.3.1/thumb/v6-m/nofp/crtbegin.o
 .text.startup.main
                0x0000000010000354       0x34 CMakeFiles/turret.dir/turretMainLoop.cpp.obj
                0x0000000010000354                main
 .text.startup._GLOBAL__sub_I_LeftLimitPublisher
                0x0000000010000388       0x10 CMakeFiles/turret.dir/turretMainLoop.cpp.obj
 .text.running_on_fpga
                0x0000000010000398       0x10 CMakeFiles/turret.dir/home/cameron/pico-sdk/src/rp2_common/pico_platform/platform.c.obj
                0x0000000010000398                running_on_fpga
 .text.hw_claim_or_assert
                0x00000000100003a8       0x44 CMakeFiles/turret.dir/home/cameron/pico-sdk/src/rp2_common/hardware_claim/claim.c.obj
                0x00000000100003a8                hw_claim_or_assert
 .text.spin_locks_reset
                0x00000000100003ec       0x1c CMakeFiles/turret.dir/home/cameron/pico-sdk/src/rp2_common/hardware_sync/sync.c.obj
                0x00000000100003ec                spin_locks_reset
 .text.next_striped_spin_lock_num
                0x0000000010000408       0x18 CMakeFiles/turret.dir/home/cameron/pico-sdk/src/rp2_common/hardware_sync/sync.c.obj
                0x0000000010000408                next_striped_spin_lock_num
 .text.irq_set_enabled
                0x0000000010000420       0x24 CMakeFiles/turret.dir/home/cameron/pico-sdk/src/rp2_common/hardware_irq/irq.c.obj
                0x0000000010000420                irq_set_enabled
 .text.irq_get_vtable_handler
                0x0000000010000444       0x10 CMakeFiles/turret.dir/home/cameron/pico-sdk/src/rp2_common/hardware_irq/irq.c.obj
                0x0000000010000444                irq_get_vtable_handler
 .text.irq_set_exclusive_handler
                0x0000000010000454       0x54 CMakeFiles/turret.dir/home/cameron/pico-sdk/src/rp2_common/hardware_irq/irq.c.obj
                0x0000000010000454                irq_set_exclusive_handler
 .text.irq_remove_handler
                0x00000000100004a8      0x1b0 CMakeFiles/turret.dir/home/cameron/pico-sdk/src/rp2_common/hardware_irq/irq.c.obj
                0x00000000100004a8                irq_remove_handler
 .text.irq_add_tail_to_free_list
                0x0000000010000658       0xb4 CMakeFiles/turret.dir/home/cameron/pico-sdk/src/rp2_common/hardware_irq/irq.c.obj
                0x0000000010000658                irq_add_tail_to_free_list
 .text.irq_init_priorities
                0x000000001000070c       0x24 CMakeFiles/turret.dir/home/cameron/pico-sdk/src/rp2_common/hardware_irq/irq.c.obj
                0x000000001000070c                irq_init_priorities
 .text.lock_init
                0x0000000010000730       0x10 CMakeFiles/turret.dir/home/cameron/pico-sdk/src/common/pico_sync/lock_core.c.obj
                0x0000000010000730                lock_init
 .text.mutex_init
                0x0000000010000740       0x1c CMakeFiles/turret.dir/home/cameron/pico-sdk/src/common/pico_sync/mutex.c.obj
                0x0000000010000740                mutex_init
 .text.recursive_mutex_init
                0x000000001000075c       0x1c CMakeFiles/turret.dir/home/cameron/pico-sdk/src/common/pico_sync/mutex.c.obj
                0x000000001000075c                recursive_mutex_init
 .text.timer_pool_entry_comparator
                0x0000000010000778       0x34 CMakeFiles/turret.dir/home/cameron/pico-sdk/src/common/pico_time/time.c.obj
                0x0000000010000778                timer_pool_entry_comparator
 .text.sleep_until_callback
                0x00000000100007ac       0x30 CMakeFiles/turret.dir/home/cameron/pico-sdk/src/common/pico_time/time.c.obj
 .text.add_alarm_under_lock.isra.0
                0x00000000100007dc      0x100 CMakeFiles/turret.dir/home/cameron/pico-sdk/src/common/pico_time/time.c.obj
 .text.alarm_pool_alarm_callback
                0x00000000100008dc      0x1bc CMakeFiles/turret.dir/home/cameron/pico-sdk/src/common/pico_time/time.c.obj
 .text.alarm_pool_init_default
                0x0000000010000a98       0x6c CMakeFiles/turret.dir/home/cameron/pico-sdk/src/common/pico_time/time.c.obj
                0x0000000010000a98                alarm_pool_init_default
 .text.alarm_pool_add_alarm_at
                0x0000000010000b04      0x178 CMakeFiles/turret.dir/home/cameron/pico-sdk/src/common/pico_time/time.c.obj
                0x0000000010000b04                alarm_pool_add_alarm_at
 .text.best_effort_wfe_or_timeout
                0x0000000010000c7c       0xd4 CMakeFiles/turret.dir/home/cameron/pico-sdk/src/common/pico_time/time.c.obj
                0x0000000010000c7c                best_effort_wfe_or_timeout
 .text.hardware_alarm_irq_handler
                0x0000000010000d50       0xbc CMakeFiles/turret.dir/home/cameron/pico-sdk/src/rp2_common/hardware_timer/timer.c.obj
 .text.hardware_alarm_claim
                0x0000000010000e0c       0x18 CMakeFiles/turret.dir/home/cameron/pico-sdk/src/rp2_common/hardware_timer/timer.c.obj
                0x0000000010000e0c                hardware_alarm_claim
 .text.time_us_64
                0x0000000010000e24       0x14 CMakeFiles/turret.dir/home/cameron/pico-sdk/src/rp2_common/hardware_timer/timer.c.obj
                0x0000000010000e24                time_us_64
 .text.hardware_alarm_set_callback
                0x0000000010000e38       0x8c CMakeFiles/turret.dir/home/cameron/pico-sdk/src/rp2_common/hardware_timer/timer.c.obj
                0x0000000010000e38                hardware_alarm_set_callback
 .text.hardware_alarm_set_target
                0x0000000010000ec4       0xd4 CMakeFiles/turret.dir/home/cameron/pico-sdk/src/rp2_common/hardware_timer/timer.c.obj
                0x0000000010000ec4                hardware_alarm_set_target
 .text.hardware_alarm_cancel
                0x0000000010000f98       0x3c CMakeFiles/turret.dir/home/cameron/pico-sdk/src/rp2_common/hardware_timer/timer.c.obj
                0x0000000010000f98                hardware_alarm_cancel
 .text.ph_merge_nodes
                0x0000000010000fd4       0x68 CMakeFiles/turret.dir/home/cameron/pico-sdk/src/common/pico_util/pheap.c.obj
 .text.ph_post_alloc_init
                0x000000001000103c       0x3c CMakeFiles/turret.dir/home/cameron/pico-sdk/src/common/pico_util/pheap.c.obj
                0x000000001000103c                ph_post_alloc_init
 .text.ph_merge_two_pass
                0x0000000010001078       0x90 CMakeFiles/turret.dir/home/cameron/pico-sdk/src/common/pico_util/pheap.c.obj
                0x0000000010001078                ph_merge_two_pass
 .text.ph_remove_any_head
                0x0000000010001108      0x100 CMakeFiles/turret.dir/home/cameron/pico-sdk/src/common/pico_util/pheap.c.obj
 .text.ph_remove_head
                0x0000000010001208      0x104 CMakeFiles/turret.dir/home/cameron/pico-sdk/src/common/pico_util/pheap.c.obj
                0x0000000010001208                ph_remove_head
 .text.ph_remove_and_free_node
                0x000000001000130c       0x7c CMakeFiles/turret.dir/home/cameron/pico-sdk/src/common/pico_util/pheap.c.obj
                0x000000001000130c                ph_remove_and_free_node
 .text.clocks_init
                0x0000000010001388      0x2d0 CMakeFiles/turret.dir/home/cameron/pico-sdk/src/rp2_common/hardware_clocks/clocks.c.obj
                0x0000000010001388                clocks_init
 .text.pll_init
                0x0000000010001658       0xa0 CMakeFiles/turret.dir/home/cameron/pico-sdk/src/rp2_common/hardware_pll/pll.c.obj
                0x0000000010001658                pll_init
 .text.watchdog_start_tick
                0x00000000100016f8       0x10 CMakeFiles/turret.dir/home/cameron/pico-sdk/src/rp2_common/hardware_watchdog/watchdog.c.obj
                0x00000000100016f8                watchdog_start_tick
 .text.xosc_init
                0x0000000010001708       0x28 CMakeFiles/turret.dir/home/cameron/pico-sdk/src/rp2_common/hardware_xosc/xosc.c.obj
                0x0000000010001708                xosc_init
 .text.runtime_init
                0x0000000010001730       0xf0 CMakeFiles/turret.dir/home/cameron/pico-sdk/src/rp2_common/pico_runtime/runtime.c.obj
                0x0000000010001730                runtime_init
 .text._exit    0x0000000010001820        0x4 CMakeFiles/turret.dir/home/cameron/pico-sdk/src/rp2_common/pico_runtime/runtime.c.obj
                0x0000000010001820                _exit
 .text._sbrk    0x0000000010001824       0x34 CMakeFiles/turret.dir/home/cameron/pico-sdk/src/rp2_common/pico_runtime/runtime.c.obj
                0x0000000010001824                _sbrk
 .text.exit     0x0000000010001858        0x8 CMakeFiles/turret.dir/home/cameron/pico-sdk/src/rp2_common/pico_runtime/runtime.c.obj
                0x0000000010001858                exit
 .text.panic    0x0000000010001860       0x30 CMakeFiles/turret.dir/home/cameron/pico-sdk/src/rp2_common/pico_runtime/runtime.c.obj
                0x0000000010001860                panic
 .text.hard_assertion_failure
                0x0000000010001890        0xc CMakeFiles/turret.dir/home/cameron/pico-sdk/src/rp2_common/pico_runtime/runtime.c.obj
                0x0000000010001890                hard_assertion_failure
 .text._out_buffer
                0x000000001000189c        0x8 CMakeFiles/turret.dir/home/cameron/pico-sdk/src/rp2_common/pico_printf/printf.c.obj
 .text._out_null
                0x00000000100018a4        0x4 CMakeFiles/turret.dir/home/cameron/pico-sdk/src/rp2_common/pico_printf/printf.c.obj
 .text._out_rev
                0x00000000100018a8       0x9c CMakeFiles/turret.dir/home/cameron/pico-sdk/src/rp2_common/pico_printf/printf.c.obj
 .text._ntoa_format
                0x0000000010001944      0x1cc CMakeFiles/turret.dir/home/cameron/pico-sdk/src/rp2_common/pico_printf/printf.c.obj
 .text._out_char
                0x0000000010001b10       0x10 CMakeFiles/turret.dir/home/cameron/pico-sdk/src/rp2_common/pico_printf/printf.c.obj
 .text._etoa    0x0000000010001b20      0x44c CMakeFiles/turret.dir/home/cameron/pico-sdk/src/rp2_common/pico_printf/printf.c.obj
 .text._ftoa    0x0000000010001f6c      0x398 CMakeFiles/turret.dir/home/cameron/pico-sdk/src/rp2_common/pico_printf/printf.c.obj
 .text._vsnprintf
                0x0000000010002304      0xb04 CMakeFiles/turret.dir/home/cameron/pico-sdk/src/rp2_common/pico_printf/printf.c.obj
 .text.__wrap_snprintf
                0x0000000010002e08       0x28 CMakeFiles/turret.dir/home/cameron/pico-sdk/src/rp2_common/pico_printf/printf.c.obj
                0x0000000010002e08                __wrap_snprintf
 .text.__wrap_vsnprintf
                0x0000000010002e30       0x1c CMakeFiles/turret.dir/home/cameron/pico-sdk/src/rp2_common/pico_printf/printf.c.obj
                0x0000000010002e30                __wrap_vsnprintf
 .text.weak_raw_vprintf
                0x0000000010002e4c       0x30 CMakeFiles/turret.dir/home/cameron/pico-sdk/src/rp2_common/pico_printf/printf.c.obj
                0x0000000010002e4c                weak_raw_vprintf
 .text          0x0000000010002e7c       0x10 CMakeFiles/turret.dir/home/cameron/pico-sdk/src/rp2_common/pico_bit_ops/bit_ops_aeabi.S.obj
 .text.rom_func_lookup
                0x0000000010002e8c       0x10 CMakeFiles/turret.dir/home/cameron/pico-sdk/src/rp2_common/pico_bootrom/bootrom.c.obj
                0x0000000010002e8c                rom_func_lookup
 .text.rom_data_lookup
                0x0000000010002e9c       0x10 CMakeFiles/turret.dir/home/cameron/pico-sdk/src/rp2_common/pico_bootrom/bootrom.c.obj
                0x0000000010002e9c                rom_data_lookup
 .text.rom_funcs_lookup
                0x0000000010002eac       0x44 CMakeFiles/turret.dir/home/cameron/pico-sdk/src/rp2_common/pico_bootrom/bootrom.c.obj
                0x0000000010002eac                rom_funcs_lookup
 .text.__wrap___aeabi_idiv
                0x0000000010002ef0       0x50 CMakeFiles/turret.dir/home/cameron/pico-sdk/src/rp2_common/pico_divider/divider.S.obj
                0x0000000010002ef0                __wrap___aeabi_idivmod
                0x0000000010002ef0                divmod_s32s32
                0x0000000010002ef0                div_s32s32
                0x0000000010002ef0                __wrap___aeabi_idiv
                0x0000000010002ef8                divmod_s32s32_unsafe
                0x0000000010002f24                divmod_s32s32_savestate
 .text.__wrap___aeabi_uidiv
                0x0000000010002f40       0x4c CMakeFiles/turret.dir/home/cameron/pico-sdk/src/rp2_common/pico_divider/divider.S.obj
                0x0000000010002f40                __wrap___aeabi_uidiv
                0x0000000010002f40                __wrap___aeabi_uidivmod
                0x0000000010002f40                div_u32u32
                0x0000000010002f40                divmod_u32u32
                0x0000000010002f48                divmod_u32u32_unsafe
                0x0000000010002f70                divmod_u32u32_savestate
 .text.__wrap___aeabi_ldiv
                0x0000000010002f8c      0x424 CMakeFiles/turret.dir/home/cameron/pico-sdk/src/rp2_common/pico_divider/divider.S.obj
                0x0000000010002f8c                div_s64s64
                0x0000000010002f8c                divmod_s64s64
                0x0000000010002f8c                __wrap___aeabi_ldivmod
                0x0000000010002fbc                div_u64u64
                0x0000000010002fbc                divmod_u64u64
                0x0000000010002fbc                __wrap___aeabi_uldivmod
                0x0000000010002fcc                divmod_u64u64_savestate
                0x0000000010002fec                divmod_s64s64_unsafe
                0x0000000010003074                divmod_u64u64_unsafe
 .text.__wrap___aeabi_darithmetic
                0x00000000100033b0       0x80 CMakeFiles/turret.dir/home/cameron/pico-sdk/src/rp2_common/pico_double/double_aeabi.S.obj
                0x00000000100033b0                __wrap___aeabi_drsub
                0x00000000100033b6                __wrap___aeabi_dsub
                0x00000000100033c8                __wrap___aeabi_dadd
                0x00000000100033da                __wrap___aeabi_ddiv
                0x0000000010003416                __wrap___aeabi_dmul
 .text.__wrap___aeabi_cdcmple
                0x0000000010003430       0x6c CMakeFiles/turret.dir/home/cameron/pico-sdk/src/rp2_common/pico_double/double_aeabi.S.obj
                0x0000000010003430                __wrap___aeabi_cdrcmple
                0x0000000010003440                __wrap___aeabi_cdcmple
                0x0000000010003440                __wrap___aeabi_cdcmpeq
 .text.__wrap___aeabi_dcmplt
                0x000000001000349c        0xc CMakeFiles/turret.dir/home/cameron/pico-sdk/src/rp2_common/pico_double/double_aeabi.S.obj
                0x000000001000349c                __wrap___aeabi_dcmplt
 .text.__wrap___aeabi_dcmple
                0x00000000100034a8       0x10 CMakeFiles/turret.dir/home/cameron/pico-sdk/src/rp2_common/pico_double/double_aeabi.S.obj
                0x00000000100034a8                __wrap___aeabi_dcmple
 .text.__wrap___aeabi_dcmpge
                0x00000000100034b8       0x10 CMakeFiles/turret.dir/home/cameron/pico-sdk/src/rp2_common/pico_double/double_aeabi.S.obj
                0x00000000100034b8                __wrap___aeabi_dcmpge
 .text.__wrap___aeabi_dcmpgt
                0x00000000100034c8        0xa CMakeFiles/turret.dir/home/cameron/pico-sdk/src/rp2_common/pico_double/double_aeabi.S.obj
                0x00000000100034c8                __wrap___aeabi_dcmpgt
 .text.__wrap___aeabi_dcmpun
                0x00000000100034d2       0x1c CMakeFiles/turret.dir/home/cameron/pico-sdk/src/rp2_common/pico_double/double_aeabi.S.obj
                0x00000000100034d2                __wrap___aeabi_dcmpun
 *fill*         0x00000000100034ee        0x2 
 .text.__wrap___aeabi_i2d
                0x00000000100034f0       0x38 CMakeFiles/turret.dir/home/cameron/pico-sdk/src/rp2_common/pico_double/double_aeabi.S.obj
                0x00000000100034f0                __wrap___aeabi_ui2d
                0x00000000100034f8                __wrap___aeabi_i2d
 .text.__wrap___aeabi_d2iz
                0x0000000010003528       0x48 CMakeFiles/turret.dir/home/cameron/pico-sdk/src/rp2_common/pico_double/double_aeabi.S.obj
                0x0000000010003528                __wrap___aeabi_d2iz
                0x0000000010003528                double2int_z
 .text.__wrap___aeabi_d2uiz
                0x0000000010003570       0x18 CMakeFiles/turret.dir/home/cameron/pico-sdk/src/rp2_common/pico_double/double_aeabi.S.obj
                0x0000000010003570                double2uint
                0x0000000010003570                __wrap___aeabi_d2uiz
 .text.__aeabi_double_init
                0x0000000010003588       0x94 CMakeFiles/turret.dir/home/cameron/pico-sdk/src/rp2_common/pico_double/double_init_rom.c.obj
                0x0000000010003588                __aeabi_double_init
 .text.double_table_shim_on_use_helper
                0x000000001000361c       0x2c CMakeFiles/turret.dir/home/cameron/pico-sdk/src/rp2_common/pico_double/double_v1_rom_shim.S.obj
                0x000000001000361c                double_table_shim_on_use_helper
 .text.__wrap___aeabi_dsub
                0x0000000010003648       0x10 CMakeFiles/turret.dir/home/cameron/pico-sdk/src/rp2_common/pico_double/double_v1_rom_shim.S.obj
                0x0000000010003648                drsub_shim
                0x000000001000364e                dsub_shim
 .text.dadd_shim
                0x0000000010003658      0x15c CMakeFiles/turret.dir/home/cameron/pico-sdk/src/rp2_common/pico_double/double_v1_rom_shim.S.obj
                0x0000000010003658                dadd_shim
 .text.dmul_shim
                0x00000000100037b4      0x15c CMakeFiles/turret.dir/home/cameron/pico-sdk/src/rp2_common/pico_double/double_v1_rom_shim.S.obj
                0x00000000100037b4                dmul_shim
 .text.ddiv_shim
                0x0000000010003910      0x1b0 CMakeFiles/turret.dir/home/cameron/pico-sdk/src/rp2_common/pico_double/double_v1_rom_shim.S.obj
                0x0000000010003910                ddiv_shim
 .text.double2uint_shim
                0x0000000010003ac0        0xe CMakeFiles/turret.dir/home/cameron/pico-sdk/src/rp2_common/pico_double/double_v1_rom_shim.S.obj
                0x0000000010003ac0                double2uint_shim
                0x0000000010003ac2                double2ufix_shim
 *fill*         0x0000000010003ace        0x2 
 .text.double2uint64_shim
                0x0000000010003ad0       0x70 CMakeFiles/turret.dir/home/cameron/pico-sdk/src/rp2_common/pico_double/double_v1_rom_shim.S.obj
                0x0000000010003ad0                double2uint64_shim
                0x0000000010003ad2                double2ufix64_shim
                0x0000000010003af2                d2fix_a
 .text.dunpacks
                0x0000000010003b40       0x3c CMakeFiles/turret.dir/home/cameron/pico-sdk/src/rp2_common/pico_double/double_v1_rom_shim.S.obj
                0x0000000010003b40                dunpacks
 .text.__aeabi_lmul
                0x0000000010003b7c       0x32 CMakeFiles/turret.dir/home/cameron/pico-sdk/src/rp2_common/pico_int64_ops/pico_int64_ops_aeabi.S.obj
                0x0000000010003b7c                __wrap___aeabi_lmul
 *fill*         0x0000000010003bae        0x2 
 .text.__aeabi_float_init
                0x0000000010003bb0       0x64 CMakeFiles/turret.dir/home/cameron/pico-sdk/src/rp2_common/pico_float/float_init_rom.c.obj
                0x0000000010003bb0                __aeabi_float_init
 .text.float_table_shim_on_use_helper
                0x0000000010003c14       0x2c CMakeFiles/turret.dir/home/cameron/pico-sdk/src/rp2_common/pico_float/float_v1_rom_shim.S.obj
                0x0000000010003c14                float_table_shim_on_use_helper
 .text.__wrap_malloc
                0x0000000010003c40       0x24 CMakeFiles/turret.dir/home/cameron/pico-sdk/src/rp2_common/pico_malloc/pico_malloc.c.obj
                0x0000000010003c40                __wrap_malloc
 .text.__wrap_calloc
                0x0000000010003c64       0x24 CMakeFiles/turret.dir/home/cameron/pico-sdk/src/rp2_common/pico_malloc/pico_malloc.c.obj
                0x0000000010003c64                __wrap_calloc
 .text.__wrap_realloc
                0x0000000010003c88       0x24 CMakeFiles/turret.dir/home/cameron/pico-sdk/src/rp2_common/pico_malloc/pico_malloc.c.obj
                0x0000000010003c88                __wrap_realloc
 .text.__wrap_free
                0x0000000010003cac        0x8 CMakeFiles/turret.dir/home/cameron/pico-sdk/src/rp2_common/pico_malloc/pico_malloc.c.obj
                0x0000000010003cac                __wrap_free
 .text          0x0000000010003cb4       0x10 CMakeFiles/turret.dir/home/cameron/pico-sdk/src/rp2_common/pico_mem_ops/mem_ops_aeabi.S.obj
                0x0000000010003cb4                __aeabi_mem_init
 .text.memset   0x0000000010003cc4        0xc CMakeFiles/turret.dir/home/cameron/pico-sdk/src/rp2_common/pico_mem_ops/mem_ops_aeabi.S.obj
                0x0000000010003cc4                __wrap_memset
 .text.memcpy   0x0000000010003cd0        0xc CMakeFiles/turret.dir/home/cameron/pico-sdk/src/rp2_common/pico_mem_ops/mem_ops_aeabi.S.obj
                0x0000000010003cd0                __wrap___aeabi_memcpy
                0x0000000010003cd0                __wrap_memcpy
 .text.stdio_out_chars_no_crlf
                0x0000000010003cdc       0x10 CMakeFiles/turret.dir/home/cameron/pico-sdk/src/rp2_common/pico_stdio/stdio.c.obj
 .text.stdio_out_chars_crlf
                0x0000000010003cec       0x10 CMakeFiles/turret.dir/home/cameron/pico-sdk/src/rp2_common/pico_stdio/stdio.c.obj
 .text.stdio_put_string.isra.0
                0x0000000010003cfc       0xfc CMakeFiles/turret.dir/home/cameron/pico-sdk/src/rp2_common/pico_stdio/stdio.c.obj
 .text.__wrap_putchar
                0x0000000010003df8       0x98 CMakeFiles/turret.dir/home/cameron/pico-sdk/src/rp2_common/pico_stdio/stdio.c.obj
                0x0000000010003df8                __wrap_putchar
 .text.__wrap_puts
                0x0000000010003e90       0x3c CMakeFiles/turret.dir/home/cameron/pico-sdk/src/rp2_common/pico_stdio/stdio.c.obj
                0x0000000010003e90                __wrap_puts
 .text.startup._retrieve_unique_id_on_boot
                0x0000000010003ecc       0x10 CMakeFiles/turret.dir/home/cameron/pico-sdk/src/rp2_common/pico_unique_id/unique_id.c.obj
 .text.flash_get_unique_id
                0x0000000010003edc       0x40 CMakeFiles/turret.dir/home/cameron/pico-sdk/src/rp2_common/hardware_flash/flash.c.obj
                0x0000000010003edc                flash_get_unique_id
 .text.rclc_support_init
                0x0000000010003f1c       0x94 /home/cameron/AutoTurretPico/libmicroros/libmicroros.a(librclc-init.c.obj)
                0x0000000010003f1c                rclc_support_init
 .text.rclc_node_init_default
                0x0000000010003fb0       0x74 /home/cameron/AutoTurretPico/libmicroros/libmicroros.a(librclc-node.c.obj)
                0x0000000010003fb0                rclc_node_init_default
 .text.__default_zero_allocate
                0x0000000010004024        0x8 /home/cameron/AutoTurretPico/libmicroros/libmicroros.a(librcutils-allocator.c.obj)
 .text.__default_reallocate
                0x000000001000402c        0x8 /home/cameron/AutoTurretPico/libmicroros/libmicroros.a(librcutils-allocator.c.obj)
 .text.__default_deallocate
                0x0000000010004034        0x8 /home/cameron/AutoTurretPico/libmicroros/libmicroros.a(librcutils-allocator.c.obj)
 .text.__default_allocate
                0x000000001000403c        0x8 /home/cameron/AutoTurretPico/libmicroros/libmicroros.a(librcutils-allocator.c.obj)
 .text.rcutils_get_zero_initialized_allocator
                0x0000000010004044       0x14 /home/cameron/AutoTurretPico/libmicroros/libmicroros.a(librcutils-allocator.c.obj)
                0x0000000010004044                rcutils_get_zero_initialized_allocator
 .text.rcutils_get_default_allocator
                0x0000000010004058       0x14 /home/cameron/AutoTurretPico/libmicroros/libmicroros.a(librcutils-allocator.c.obj)
                0x0000000010004058                rcutils_get_default_allocator
 .text.rcutils_allocator_is_valid
                0x000000001000406c       0x24 /home/cameron/AutoTurretPico/libmicroros/libmicroros.a(librcutils-allocator.c.obj)
                0x000000001000406c                rcutils_allocator_is_valid
 .text.rcutils_get_error_string
                0x0000000010004090       0x34 /home/cameron/AutoTurretPico/libmicroros/libmicroros.a(librcutils-error_handling.c.obj)
                0x0000000010004090                rcutils_get_error_string
 .text.rcutils_reset_error
                0x00000000100040c4       0x38 /home/cameron/AutoTurretPico/libmicroros/libmicroros.a(librcutils-error_handling.c.obj)
                0x00000000100040c4                rcutils_reset_error
 .text.rmw_destroy_publisher
                0x00000000100040fc       0xe4 /home/cameron/AutoTurretPico/libmicroros/libmicroros.a(librmw_microxrcedds-rmw_publisher.c.obj)
                0x00000000100040fc                rmw_destroy_publisher
 .text.rmw_uxrce_init_service_memory
                0x00000000100041e0       0x48 /home/cameron/AutoTurretPico/libmicroros/libmicroros.a(librmw_microxrcedds-types.c.obj)
                0x00000000100041e0                rmw_uxrce_init_service_memory
 .text.rmw_uxrce_init_client_memory
                0x0000000010004228       0x48 /home/cameron/AutoTurretPico/libmicroros/libmicroros.a(librmw_microxrcedds-types.c.obj)
                0x0000000010004228                rmw_uxrce_init_client_memory
 .text.rmw_uxrce_init_publisher_memory
                0x0000000010004270       0x48 /home/cameron/AutoTurretPico/libmicroros/libmicroros.a(librmw_microxrcedds-types.c.obj)
                0x0000000010004270                rmw_uxrce_init_publisher_memory
 .text.rmw_uxrce_init_subscription_memory
                0x00000000100042b8       0x48 /home/cameron/AutoTurretPico/libmicroros/libmicroros.a(librmw_microxrcedds-types.c.obj)
                0x00000000100042b8                rmw_uxrce_init_subscription_memory
 .text.rmw_uxrce_init_node_memory
                0x0000000010004300       0x48 /home/cameron/AutoTurretPico/libmicroros/libmicroros.a(librmw_microxrcedds-types.c.obj)
                0x0000000010004300                rmw_uxrce_init_node_memory
 .text.rmw_uxrce_init_session_memory
                0x0000000010004348       0x50 /home/cameron/AutoTurretPico/libmicroros/libmicroros.a(librmw_microxrcedds-types.c.obj)
                0x0000000010004348                rmw_uxrce_init_session_memory
 .text.rmw_uxrce_init_topic_memory
                0x0000000010004398       0x48 /home/cameron/AutoTurretPico/libmicroros/libmicroros.a(librmw_microxrcedds-types.c.obj)
                0x0000000010004398                rmw_uxrce_init_topic_memory
 .text.rmw_uxrce_init_static_input_buffer_memory
                0x00000000100043e0       0x50 /home/cameron/AutoTurretPico/libmicroros/libmicroros.a(librmw_microxrcedds-types.c.obj)
                0x00000000100043e0                rmw_uxrce_init_static_input_buffer_memory
 .text.rmw_uxrce_init_init_options_impl_memory
                0x0000000010004430       0x48 /home/cameron/AutoTurretPico/libmicroros/libmicroros.a(librmw_microxrcedds-types.c.obj)
                0x0000000010004430                rmw_uxrce_init_init_options_impl_memory
 .text.rmw_uxrce_init_wait_set_memory
                0x0000000010004478       0x48 /home/cameron/AutoTurretPico/libmicroros/libmicroros.a(librmw_microxrcedds-types.c.obj)
                0x0000000010004478                rmw_uxrce_init_wait_set_memory
 .text.rmw_uxrce_init_guard_condition_memory
                0x00000000100044c0       0x48 /home/cameron/AutoTurretPico/libmicroros/libmicroros.a(librmw_microxrcedds-types.c.obj)
                0x00000000100044c0                rmw_uxrce_init_guard_condition_memory
 .text.rmw_uxrce_fini_session_memory
                0x0000000010004508       0x14 /home/cameron/AutoTurretPico/libmicroros/libmicroros.a(librmw_microxrcedds-types.c.obj)
                0x0000000010004508                rmw_uxrce_fini_session_memory
 .text.rmw_uxrce_fini_node_memory
                0x000000001000451c       0x34 /home/cameron/AutoTurretPico/libmicroros/libmicroros.a(librmw_microxrcedds-types.c.obj)
                0x000000001000451c                rmw_uxrce_fini_node_memory
 .text.rmw_uxrce_fini_publisher_memory
                0x0000000010004550       0x34 /home/cameron/AutoTurretPico/libmicroros/libmicroros.a(librmw_microxrcedds-types.c.obj)
                0x0000000010004550                rmw_uxrce_fini_publisher_memory
 .text.rmw_uxrce_fini_subscription_memory
                0x0000000010004584       0x34 /home/cameron/AutoTurretPico/libmicroros/libmicroros.a(librmw_microxrcedds-types.c.obj)
                0x0000000010004584                rmw_uxrce_fini_subscription_memory
 .text.rmw_uxrce_fini_service_memory
                0x00000000100045b8       0x34 /home/cameron/AutoTurretPico/libmicroros/libmicroros.a(librmw_microxrcedds-types.c.obj)
                0x00000000100045b8                rmw_uxrce_fini_service_memory
 .text.rmw_uxrce_fini_client_memory
                0x00000000100045ec       0x34 /home/cameron/AutoTurretPico/libmicroros/libmicroros.a(librmw_microxrcedds-types.c.obj)
                0x00000000100045ec                rmw_uxrce_fini_client_memory
 .text.rmw_uxrce_fini_topic_memory
                0x0000000010004620       0x18 /home/cameron/AutoTurretPico/libmicroros/libmicroros.a(librmw_microxrcedds-types.c.obj)
                0x0000000010004620                rmw_uxrce_fini_topic_memory
 .text.rmw_uxrce_get_static_input_buffer_for_entity
                0x0000000010004638       0xb4 /home/cameron/AutoTurretPico/libmicroros/libmicroros.a(librmw_microxrcedds-types.c.obj)
                0x0000000010004638                rmw_uxrce_get_static_input_buffer_for_entity
 .text.run_xrce_session
                0x00000000100046ec       0x44 /home/cameron/AutoTurretPico/libmicroros/libmicroros.a(librmw_microxrcedds-utils.c.obj)
                0x00000000100046ec                run_xrce_session
 .text.is_uxrce_rmw_identifier_valid
                0x0000000010004730       0x20 /home/cameron/AutoTurretPico/libmicroros/libmicroros.a(librmw_microxrcedds-utils.c.obj)
                0x0000000010004730                is_uxrce_rmw_identifier_valid
 .text.get_message_typesupport_handle_function
                0x0000000010004750       0x18 /home/cameron/AutoTurretPico/libmicroros/libmicroros.a(librosidl_runtime_c-message_type_support.c.obj)
                0x0000000010004750                get_message_typesupport_handle_function
 .text.rosidl_typesupport_c__get_message_type_support_handle__std_msgs__msg__Bool
                0x0000000010004768       0x1c /home/cameron/AutoTurretPico/libmicroros/libmicroros.a(libstd_msgs__rosidl_typesupport_c-bool__type_support.cpp.obj)
                0x0000000010004768                rosidl_typesupport_c__get_message_type_support_handle__std_msgs__msg__Bool
 .text.startup._GLOBAL__sub_I_rosidl_typesupport_c__get_message_type_support_handle__std_msgs__msg__Bool
                0x0000000010004784       0x14 /home/cameron/AutoTurretPico/libmicroros/libmicroros.a(libstd_msgs__rosidl_typesupport_c-bool__type_support.cpp.obj)
 .text.std_msgs__msg__Bool__rosidl_typesupport_introspection_c__Bool_init_function
                0x0000000010004798        0x8 /home/cameron/AutoTurretPico/libmicroros/libmicroros.a(libstd_msgs__rosidl_typesupport_introspection_c-bool__type_support.c.obj)
                0x0000000010004798                std_msgs__msg__Bool__rosidl_typesupport_introspection_c__Bool_init_function
 .text.std_msgs__msg__Bool__rosidl_typesupport_introspection_c__Bool_fini_function
                0x00000000100047a0        0x8 /home/cameron/AutoTurretPico/libmicroros/libmicroros.a(libstd_msgs__rosidl_typesupport_introspection_c-bool__type_support.c.obj)
                0x00000000100047a0                std_msgs__msg__Bool__rosidl_typesupport_introspection_c__Bool_fini_function
 .text.rosidl_typesupport_introspection_c__get_message_type_support_handle__std_msgs__msg__Bool
                0x00000000100047a8       0x1c /home/cameron/AutoTurretPico/libmicroros/libmicroros.a(libstd_msgs__rosidl_typesupport_introspection_c-bool__type_support.c.obj)
                0x00000000100047a8                rosidl_typesupport_introspection_c__get_message_type_support_handle__std_msgs__msg__Bool
 .text._Bool__max_serialized_size
                0x00000000100047c4       0x10 /home/cameron/AutoTurretPico/libmicroros/libmicroros.a(libstd_msgs__rosidl_typesupport_microxrcedds_c-bool__type_support_c.c.obj)
 .text._Bool__cdr_deserialize
                0x00000000100047d4       0x10 /home/cameron/AutoTurretPico/libmicroros/libmicroros.a(libstd_msgs__rosidl_typesupport_microxrcedds_c-bool__type_support_c.c.obj)
 .text.get_serialized_size_std_msgs__msg__Bool
                0x00000000100047e4       0x18 /home/cameron/AutoTurretPico/libmicroros/libmicroros.a(libstd_msgs__rosidl_typesupport_microxrcedds_c-bool__type_support_c.c.obj)
                0x00000000100047e4                get_serialized_size_std_msgs__msg__Bool
 .text._Bool__cdr_serialize
                0x00000000100047fc       0x18 /home/cameron/AutoTurretPico/libmicroros/libmicroros.a(libstd_msgs__rosidl_typesupport_microxrcedds_c-bool__type_support_c.c.obj)
 .text._Bool__get_serialized_size
                0x0000000010004814       0x18 /home/cameron/AutoTurretPico/libmicroros/libmicroros.a(libstd_msgs__rosidl_typesupport_microxrcedds_c-bool__type_support_c.c.obj)
 .text.rosidl_typesupport_microxrcedds_c__get_message_type_support_handle__std_msgs__msg__Bool
                0x000000001000482c        0x8 /home/cameron/AutoTurretPico/libmicroros/libmicroros.a(libstd_msgs__rosidl_typesupport_microxrcedds_c-bool__type_support_c.c.obj)
                0x000000001000482c                rosidl_typesupport_microxrcedds_c__get_message_type_support_handle__std_msgs__msg__Bool
 .text.ucdr_serialize_bool
                0x0000000010004834       0x2c /home/cameron/AutoTurretPico/libmicroros/libmicroros.a(libmicrocdr-basic.c.obj)
                0x0000000010004834                ucdr_serialize_bool
 .text.ucdr_deserialize_bool
                0x0000000010004860       0x30 /home/cameron/AutoTurretPico/libmicroros/libmicroros.a(libmicrocdr-basic.c.obj)
                0x0000000010004860                ucdr_deserialize_bool
 .text.ucdr_serialize_uint8_t
                0x0000000010004890       0x2c /home/cameron/AutoTurretPico/libmicroros/libmicroros.a(libmicrocdr-basic.c.obj)
                0x0000000010004890                ucdr_serialize_uint8_t
 .text.ucdr_deserialize_uint8_t
                0x00000000100048bc       0x30 /home/cameron/AutoTurretPico/libmicroros/libmicroros.a(libmicrocdr-basic.c.obj)
                0x00000000100048bc                ucdr_deserialize_uint8_t
 .text.ucdr_serialize_uint16_t
                0x00000000100048ec       0xe8 /home/cameron/AutoTurretPico/libmicroros/libmicroros.a(libmicrocdr-basic.c.obj)
                0x00000000100048ec                ucdr_serialize_uint16_t
 .text.ucdr_serialize_endian_uint16_t
                0x00000000100049d4       0xf0 /home/cameron/AutoTurretPico/libmicroros/libmicroros.a(libmicrocdr-basic.c.obj)
                0x00000000100049d4                ucdr_serialize_endian_uint16_t
 .text.ucdr_deserialize_uint16_t
                0x0000000010004ac4       0xe0 /home/cameron/AutoTurretPico/libmicroros/libmicroros.a(libmicrocdr-basic.c.obj)
                0x0000000010004ac4                ucdr_deserialize_uint16_t
 .text.ucdr_deserialize_endian_uint16_t
                0x0000000010004ba4       0xe8 /home/cameron/AutoTurretPico/libmicroros/libmicroros.a(libmicrocdr-basic.c.obj)
                0x0000000010004ba4                ucdr_deserialize_endian_uint16_t
 .text.ucdr_serialize_uint32_t
                0x0000000010004c8c      0x110 /home/cameron/AutoTurretPico/libmicroros/libmicroros.a(libmicrocdr-basic.c.obj)
                0x0000000010004c8c                ucdr_serialize_uint32_t
 .text.ucdr_serialize_endian_uint32_t
                0x0000000010004d9c      0x110 /home/cameron/AutoTurretPico/libmicroros/libmicroros.a(libmicrocdr-basic.c.obj)
                0x0000000010004d9c                ucdr_serialize_endian_uint32_t
 .text.ucdr_deserialize_uint32_t
                0x0000000010004eac      0x108 /home/cameron/AutoTurretPico/libmicroros/libmicroros.a(libmicrocdr-basic.c.obj)
                0x0000000010004eac                ucdr_deserialize_uint32_t
 .text.ucdr_deserialize_endian_uint32_t
                0x0000000010004fb4      0x118 /home/cameron/AutoTurretPico/libmicroros/libmicroros.a(libmicrocdr-basic.c.obj)
                0x0000000010004fb4                ucdr_deserialize_endian_uint32_t
 .text.ucdr_serialize_uint64_t
                0x00000000100050cc      0x160 /home/cameron/AutoTurretPico/libmicroros/libmicroros.a(libmicrocdr-basic.c.obj)
                0x00000000100050cc                ucdr_serialize_uint64_t
 .text.ucdr_serialize_int16_t
                0x000000001000522c       0xe8 /home/cameron/AutoTurretPico/libmicroros/libmicroros.a(libmicrocdr-basic.c.obj)
                0x000000001000522c                ucdr_serialize_int16_t
 .text.ucdr_deserialize_int16_t
                0x0000000010005314       0xe0 /home/cameron/AutoTurretPico/libmicroros/libmicroros.a(libmicrocdr-basic.c.obj)
                0x0000000010005314                ucdr_deserialize_int16_t
 .text.ucdr_deserialize_int32_t
                0x00000000100053f4      0x108 /home/cameron/AutoTurretPico/libmicroros/libmicroros.a(libmicrocdr-basic.c.obj)
                0x00000000100053f4                ucdr_deserialize_int32_t
 .text.ucdr_check_buffer_available_for
                0x00000000100054fc       0x18 /home/cameron/AutoTurretPico/libmicroros/libmicroros.a(libmicrocdr-common.c.obj)
                0x00000000100054fc                ucdr_check_buffer_available_for
 .text.ucdr_check_final_buffer_behavior
                0x0000000010005514       0x38 /home/cameron/AutoTurretPico/libmicroros/libmicroros.a(libmicrocdr-common.c.obj)
                0x0000000010005514                ucdr_check_final_buffer_behavior
 .text.ucdr_set_on_full_buffer_callback
                0x000000001000554c        0x8 /home/cameron/AutoTurretPico/libmicroros/libmicroros.a(libmicrocdr-common.c.obj)
                0x000000001000554c                ucdr_set_on_full_buffer_callback
 .text.ucdr_init_buffer_origin_offset_endian
                0x0000000010005554       0x28 /home/cameron/AutoTurretPico/libmicroros/libmicroros.a(libmicrocdr-common.c.obj)
                0x0000000010005554                ucdr_init_buffer_origin_offset_endian
 .text.ucdr_init_buffer_origin_offset
                0x000000001000557c       0x14 /home/cameron/AutoTurretPico/libmicroros/libmicroros.a(libmicrocdr-common.c.obj)
                0x000000001000557c                ucdr_init_buffer_origin_offset
 .text.ucdr_init_buffer_origin
                0x0000000010005590       0x10 /home/cameron/AutoTurretPico/libmicroros/libmicroros.a(libmicrocdr-common.c.obj)
                0x0000000010005590                ucdr_init_buffer_origin
 .text.ucdr_init_buffer
                0x00000000100055a0        0xc /home/cameron/AutoTurretPico/libmicroros/libmicroros.a(libmicrocdr-common.c.obj)
                0x00000000100055a0                ucdr_init_buffer
 .text.ucdr_alignment
                0x00000000100055ac       0x10 /home/cameron/AutoTurretPico/libmicroros/libmicroros.a(libmicrocdr-common.c.obj)
                0x00000000100055ac                ucdr_alignment
 .text.ucdr_buffer_alignment
                0x00000000100055bc       0x1c /home/cameron/AutoTurretPico/libmicroros/libmicroros.a(libmicrocdr-common.c.obj)
                0x00000000100055bc                ucdr_buffer_alignment
 .text.ucdr_align_to
                0x00000000100055d8       0x24 /home/cameron/AutoTurretPico/libmicroros/libmicroros.a(libmicrocdr-common.c.obj)
                0x00000000100055d8                ucdr_align_to
 .text.ucdr_buffer_length
                0x00000000100055fc        0x8 /home/cameron/AutoTurretPico/libmicroros/libmicroros.a(libmicrocdr-common.c.obj)
                0x00000000100055fc                ucdr_buffer_length
 .text.ucdr_buffer_remaining
                0x0000000010005604        0x8 /home/cameron/AutoTurretPico/libmicroros/libmicroros.a(libmicrocdr-common.c.obj)
                0x0000000010005604                ucdr_buffer_remaining
 .text.ucdr_check_final_buffer_behavior_array
                0x000000001000560c       0x44 /home/cameron/AutoTurretPico/libmicroros/libmicroros.a(libmicrocdr-common.c.obj)
                0x000000001000560c                ucdr_check_final_buffer_behavior_array
 .text.ucdr_advance_buffer
                0x0000000010005650       0x40 /home/cameron/AutoTurretPico/libmicroros/libmicroros.a(libmicrocdr-common.c.obj)
                0x0000000010005650                ucdr_advance_buffer
 .text.uxr_buffer_delete_entity
                0x0000000010005690       0x3c /home/cameron/AutoTurretPico/libmicroros/libmicroros.a(libmicroxrcedds_client-common_create_entities.c.obj)
                0x0000000010005690                uxr_buffer_delete_entity
 .text.uxr_common_create_entity
                0x00000000100056cc       0x54 /home/cameron/AutoTurretPico/libmicroros/libmicroros.a(libmicroxrcedds_client-common_create_entities.c.obj)
                0x00000000100056cc                uxr_common_create_entity
 .text.uxr_buffer_create_participant_bin
                0x0000000010005720       0x68 /home/cameron/AutoTurretPico/libmicroros/libmicroros.a(libmicroxrcedds_client-create_entities_bin.c.obj)
                0x0000000010005720                uxr_buffer_create_participant_bin
 .text.uxr_object_id
                0x0000000010005788       0x10 /home/cameron/AutoTurretPico/libmicroros/libmicroros.a(libmicroxrcedds_client-object_id.c.obj)
                0x0000000010005788                uxr_object_id
 .text.uxr_object_id_from_raw
                0x0000000010005798       0x20 /home/cameron/AutoTurretPico/libmicroros/libmicroros.a(libmicroxrcedds_client-object_id.c.obj)
                0x0000000010005798                uxr_object_id_from_raw
 .text.uxr_object_id_to_raw
                0x00000000100057b8       0x18 /home/cameron/AutoTurretPico/libmicroros/libmicroros.a(libmicroxrcedds_client-object_id.c.obj)
                0x00000000100057b8                uxr_object_id_to_raw
 .text.on_get_fragmentation_info
                0x00000000100057d0       0x38 /home/cameron/AutoTurretPico/libmicroros/libmicroros.a(libmicroxrcedds_client-session.c.obj)
 .text.read_submessage_get_info
                0x0000000010005808       0x74 /home/cameron/AutoTurretPico/libmicroros/libmicroros.a(libmicroxrcedds_client-session.c.obj)
 .text.write_submessage_acknack.isra.0
                0x000000001000587c       0x6c /home/cameron/AutoTurretPico/libmicroros/libmicroros.a(libmicroxrcedds_client-session.c.obj)
 .text.uxr_init_session
                0x00000000100058e8       0x48 /home/cameron/AutoTurretPico/libmicroros/libmicroros.a(libmicroxrcedds_client-session.c.obj)
                0x00000000100058e8                uxr_init_session
 .text.uxr_set_status_callback
                0x0000000010005930        0xc /home/cameron/AutoTurretPico/libmicroros/libmicroros.a(libmicroxrcedds_client-session.c.obj)
                0x0000000010005930                uxr_set_status_callback
 .text.uxr_set_topic_callback
                0x000000001000593c        0xc /home/cameron/AutoTurretPico/libmicroros/libmicroros.a(libmicroxrcedds_client-session.c.obj)
                0x000000001000593c                uxr_set_topic_callback
 .text.uxr_set_request_callback
                0x0000000010005948        0xc /home/cameron/AutoTurretPico/libmicroros/libmicroros.a(libmicroxrcedds_client-session.c.obj)
                0x0000000010005948                uxr_set_request_callback
 .text.uxr_set_reply_callback
                0x0000000010005954        0xc /home/cameron/AutoTurretPico/libmicroros/libmicroros.a(libmicroxrcedds_client-session.c.obj)
                0x0000000010005954                uxr_set_reply_callback
 .text.uxr_create_output_best_effort_stream
                0x0000000010005960       0x40 /home/cameron/AutoTurretPico/libmicroros/libmicroros.a(libmicroxrcedds_client-session.c.obj)
                0x0000000010005960                uxr_create_output_best_effort_stream
 .text.uxr_create_output_reliable_stream
                0x00000000100059a0       0x44 /home/cameron/AutoTurretPico/libmicroros/libmicroros.a(libmicroxrcedds_client-session.c.obj)
                0x00000000100059a0                uxr_create_output_reliable_stream
 .text.uxr_create_input_best_effort_stream
                0x00000000100059e4       0x2c /home/cameron/AutoTurretPico/libmicroros/libmicroros.a(libmicroxrcedds_client-session.c.obj)
                0x00000000100059e4                uxr_create_input_best_effort_stream
 .text.uxr_create_input_reliable_stream
                0x0000000010005a10       0x34 /home/cameron/AutoTurretPico/libmicroros/libmicroros.a(libmicroxrcedds_client-session.c.obj)
                0x0000000010005a10                uxr_create_input_reliable_stream
 .text.uxr_epoch_nanos
                0x0000000010005a44       0x14 /home/cameron/AutoTurretPico/libmicroros/libmicroros.a(libmicroxrcedds_client-session.c.obj)
                0x0000000010005a44                uxr_epoch_nanos
 .text.uxr_flash_output_streams
                0x0000000010005a58       0xf8 /home/cameron/AutoTurretPico/libmicroros/libmicroros.a(libmicroxrcedds_client-session.c.obj)
                0x0000000010005a58                uxr_flash_output_streams
 .text.read_submessage_info
                0x0000000010005b50       0xa8 /home/cameron/AutoTurretPico/libmicroros/libmicroros.a(libmicroxrcedds_client-session.c.obj)
                0x0000000010005b50                read_submessage_info
 .text.read_submessage_list
                0x0000000010005bf8      0x3a8 /home/cameron/AutoTurretPico/libmicroros/libmicroros.a(libmicroxrcedds_client-session.c.obj)
 .text.listen_message_reliably
                0x0000000010005fa0      0x2ac /home/cameron/AutoTurretPico/libmicroros/libmicroros.a(libmicroxrcedds_client-session.c.obj)
 .text.uxr_run_session_until_all_status
                0x000000001000624c       0xc4 /home/cameron/AutoTurretPico/libmicroros/libmicroros.a(libmicroxrcedds_client-session.c.obj)
                0x000000001000624c                uxr_run_session_until_all_status
 .text.wait_session_status
                0x0000000010006310      0x1d0 /home/cameron/AutoTurretPico/libmicroros/libmicroros.a(libmicroxrcedds_client-session.c.obj)
 .text.uxr_delete_session_retries
                0x00000000100064e0       0x50 /home/cameron/AutoTurretPico/libmicroros/libmicroros.a(libmicroxrcedds_client-session.c.obj)
                0x00000000100064e0                uxr_delete_session_retries
 .text.uxr_create_session
                0x0000000010006530      0x1f4 /home/cameron/AutoTurretPico/libmicroros/libmicroros.a(libmicroxrcedds_client-session.c.obj)
                0x0000000010006530                uxr_create_session
 .text.uxr_prepare_stream_to_write_submessage
                0x0000000010006724       0x90 /home/cameron/AutoTurretPico/libmicroros/libmicroros.a(libmicroxrcedds_client-session.c.obj)
                0x0000000010006724                uxr_prepare_stream_to_write_submessage
 .text.uxr_init_session_info
                0x00000000100067b4       0x20 /home/cameron/AutoTurretPico/libmicroros/libmicroros.a(libmicroxrcedds_client-session_info.c.obj)
                0x00000000100067b4                uxr_init_session_info
 .text.uxr_buffer_create_session
                0x00000000100067d4       0x60 /home/cameron/AutoTurretPico/libmicroros/libmicroros.a(libmicroxrcedds_client-session_info.c.obj)
                0x00000000100067d4                uxr_buffer_create_session
 .text.uxr_buffer_delete_session
                0x0000000010006834       0x34 /home/cameron/AutoTurretPico/libmicroros/libmicroros.a(libmicroxrcedds_client-session_info.c.obj)
                0x0000000010006834                uxr_buffer_delete_session
 .text.uxr_read_create_session_status
                0x0000000010006868       0x18 /home/cameron/AutoTurretPico/libmicroros/libmicroros.a(libmicroxrcedds_client-session_info.c.obj)
                0x0000000010006868                uxr_read_create_session_status
 .text.uxr_read_delete_session_status
                0x0000000010006880       0x34 /home/cameron/AutoTurretPico/libmicroros/libmicroros.a(libmicroxrcedds_client-session_info.c.obj)
                0x0000000010006880                uxr_read_delete_session_status
 .text.uxr_stamp_create_session_header
                0x00000000100068b4       0x28 /home/cameron/AutoTurretPico/libmicroros/libmicroros.a(libmicroxrcedds_client-session_info.c.obj)
                0x00000000100068b4                uxr_stamp_create_session_header
 .text.uxr_stamp_session_header
                0x00000000100068dc       0x28 /home/cameron/AutoTurretPico/libmicroros/libmicroros.a(libmicroxrcedds_client-session_info.c.obj)
                0x00000000100068dc                uxr_stamp_session_header
 .text.uxr_read_session_header
                0x0000000010006904       0x90 /home/cameron/AutoTurretPico/libmicroros/libmicroros.a(libmicroxrcedds_client-session_info.c.obj)
                0x0000000010006904                uxr_read_session_header
 .text.uxr_session_header_offset
                0x0000000010006994       0x10 /home/cameron/AutoTurretPico/libmicroros/libmicroros.a(libmicroxrcedds_client-session_info.c.obj)
                0x0000000010006994                uxr_session_header_offset
 .text.uxr_init_base_object_request
                0x00000000100069a4       0x3c /home/cameron/AutoTurretPico/libmicroros/libmicroros.a(libmicroxrcedds_client-session_info.c.obj)
                0x00000000100069a4                uxr_init_base_object_request
 .text.uxr_parse_base_object_request
                0x00000000100069e0       0x24 /home/cameron/AutoTurretPico/libmicroros/libmicroros.a(libmicroxrcedds_client-session_info.c.obj)
                0x00000000100069e0                uxr_parse_base_object_request
 .text.uxr_stream_id
                0x0000000010006a04       0x4c /home/cameron/AutoTurretPico/libmicroros/libmicroros.a(libmicroxrcedds_client-stream_id.c.obj)
                0x0000000010006a04                uxr_stream_id
 .text.uxr_stream_id_from_raw
                0x0000000010006a50       0x54 /home/cameron/AutoTurretPico/libmicroros/libmicroros.a(libmicroxrcedds_client-stream_id.c.obj)
                0x0000000010006a50                uxr_stream_id_from_raw
 .text.uxr_init_stream_storage
                0x0000000010006aa4       0x14 /home/cameron/AutoTurretPico/libmicroros/libmicroros.a(libmicroxrcedds_client-stream_storage.c.obj)
                0x0000000010006aa4                uxr_init_stream_storage
 .text.uxr_reset_stream_storage
                0x0000000010006ab8       0x80 /home/cameron/AutoTurretPico/libmicroros/libmicroros.a(libmicroxrcedds_client-stream_storage.c.obj)
                0x0000000010006ab8                uxr_reset_stream_storage
 .text.uxr_add_output_best_effort_buffer
                0x0000000010006b38       0x40 /home/cameron/AutoTurretPico/libmicroros/libmicroros.a(libmicroxrcedds_client-stream_storage.c.obj)
                0x0000000010006b38                uxr_add_output_best_effort_buffer
 .text.uxr_add_output_reliable_buffer
                0x0000000010006b78       0x4c /home/cameron/AutoTurretPico/libmicroros/libmicroros.a(libmicroxrcedds_client-stream_storage.c.obj)
                0x0000000010006b78                uxr_add_output_reliable_buffer
 .text.uxr_add_input_best_effort_buffer
                0x0000000010006bc4       0x44 /home/cameron/AutoTurretPico/libmicroros/libmicroros.a(libmicroxrcedds_client-stream_storage.c.obj)
                0x0000000010006bc4                uxr_add_input_best_effort_buffer
 .text.uxr_add_input_reliable_buffer
                0x0000000010006c08       0x4c /home/cameron/AutoTurretPico/libmicroros/libmicroros.a(libmicroxrcedds_client-stream_storage.c.obj)
                0x0000000010006c08                uxr_add_input_reliable_buffer
 .text.uxr_get_output_best_effort_stream
                0x0000000010006c54       0x10 /home/cameron/AutoTurretPico/libmicroros/libmicroros.a(libmicroxrcedds_client-stream_storage.c.obj)
                0x0000000010006c54                uxr_get_output_best_effort_stream
 .text.uxr_get_output_reliable_stream
                0x0000000010006c64       0x18 /home/cameron/AutoTurretPico/libmicroros/libmicroros.a(libmicroxrcedds_client-stream_storage.c.obj)
                0x0000000010006c64                uxr_get_output_reliable_stream
 .text.uxr_get_input_best_effort_stream
                0x0000000010006c7c       0x14 /home/cameron/AutoTurretPico/libmicroros/libmicroros.a(libmicroxrcedds_client-stream_storage.c.obj)
                0x0000000010006c7c                uxr_get_input_best_effort_stream
 .text.uxr_get_input_reliable_stream
                0x0000000010006c90       0x18 /home/cameron/AutoTurretPico/libmicroros/libmicroros.a(libmicroxrcedds_client-stream_storage.c.obj)
                0x0000000010006c90                uxr_get_input_reliable_stream
 .text.uxr_buffer_submessage_header
                0x0000000010006ca8       0x34 /home/cameron/AutoTurretPico/libmicroros/libmicroros.a(libmicroxrcedds_client-submessage.c.obj)
                0x0000000010006ca8                uxr_buffer_submessage_header
 .text.uxr_read_submessage_header
                0x0000000010006cdc       0x4c /home/cameron/AutoTurretPico/libmicroros/libmicroros.a(libmicroxrcedds_client-submessage.c.obj)
                0x0000000010006cdc                uxr_read_submessage_header
 .text.uxr_submessage_padding
                0x0000000010006d28       0x14 /home/cameron/AutoTurretPico/libmicroros/libmicroros.a(libmicroxrcedds_client-submessage.c.obj)
                0x0000000010006d28                uxr_submessage_padding
 .text.uxr_millis
                0x0000000010006d3c       0x38 /home/cameron/AutoTurretPico/libmicroros/libmicroros.a(libmicroxrcedds_client-time.c.obj)
                0x0000000010006d3c                uxr_millis
 .text.uxr_nanos
                0x0000000010006d74       0x2c /home/cameron/AutoTurretPico/libmicroros/libmicroros.a(libmicroxrcedds_client-time.c.obj)
                0x0000000010006d74                uxr_nanos
 .text.uxr_serialize_message_header
                0x0000000010006da0       0x34 /home/cameron/AutoTurretPico/libmicroros/libmicroros.a(libmicroxrcedds_client-xrce_header.c.obj)
                0x0000000010006da0                uxr_serialize_message_header
 .text.uxr_deserialize_message_header
                0x0000000010006dd4       0x34 /home/cameron/AutoTurretPico/libmicroros/libmicroros.a(libmicroxrcedds_client-xrce_header.c.obj)
                0x0000000010006dd4                uxr_deserialize_message_header
 .text.uxr_serialize_submessage_header
                0x0000000010006e08       0x20 /home/cameron/AutoTurretPico/libmicroros/libmicroros.a(libmicroxrcedds_client-xrce_subheader.c.obj)
                0x0000000010006e08                uxr_serialize_submessage_header
 .text.uxr_deserialize_submessage_header
                0x0000000010006e28       0x20 /home/cameron/AutoTurretPico/libmicroros/libmicroros.a(libmicroxrcedds_client-xrce_subheader.c.obj)
                0x0000000010006e28                uxr_deserialize_submessage_header
 .text.uxr_serialize_CLIENT_Representation
                0x0000000010006e48       0xbc /home/cameron/AutoTurretPico/libmicroros/libmicroros.a(libmicroxrcedds_client-xrce_types.c.obj)
                0x0000000010006e48                uxr_serialize_CLIENT_Representation
 .text.uxr_deserialize_CLIENT_Representation
                0x0000000010006f04       0xd0 /home/cameron/AutoTurretPico/libmicroros/libmicroros.a(libmicroxrcedds_client-xrce_types.c.obj)
                0x0000000010006f04                uxr_deserialize_CLIENT_Representation
 .text.uxr_serialize_AGENT_Representation
                0x0000000010006fd4       0x98 /home/cameron/AutoTurretPico/libmicroros/libmicroros.a(libmicroxrcedds_client-xrce_types.c.obj)
                0x0000000010006fd4                uxr_serialize_AGENT_Representation
 .text.uxr_serialize_DATAWRITER_Representation
                0x000000001000706c       0x50 /home/cameron/AutoTurretPico/libmicroros/libmicroros.a(libmicroxrcedds_client-xrce_types.c.obj)
                0x000000001000706c                uxr_serialize_DATAWRITER_Representation
 .text.uxr_serialize_ObjectVariant.part.0
                0x00000000100070bc       0xdc /home/cameron/AutoTurretPico/libmicroros/libmicroros.a(libmicroxrcedds_client-xrce_types.c.obj)
 .text.uxr_deserialize_DATAWRITER_Representation
                0x0000000010007198       0x54 /home/cameron/AutoTurretPico/libmicroros/libmicroros.a(libmicroxrcedds_client-xrce_types.c.obj)
                0x0000000010007198                uxr_deserialize_DATAWRITER_Representation
 .text.uxr_serialize_OBJK_DomainParticipant_Binary
                0x00000000100071ec       0x44 /home/cameron/AutoTurretPico/libmicroros/libmicroros.a(libmicroxrcedds_client-xrce_types.c.obj)
                0x00000000100071ec                uxr_serialize_OBJK_DomainParticipant_Binary
 .text.uxr_deserialize_ObjectVariant
                0x0000000010007230      0x13c /home/cameron/AutoTurretPico/libmicroros/libmicroros.a(libmicroxrcedds_client-xrce_types.c.obj)
                0x0000000010007230                uxr_deserialize_ObjectVariant
 .text.uxr_deserialize_BaseObjectRequest
                0x000000001000736c       0x20 /home/cameron/AutoTurretPico/libmicroros/libmicroros.a(libmicroxrcedds_client-xrce_types.c.obj)
                0x000000001000736c                uxr_deserialize_BaseObjectRequest
 .text.uxr_serialize_ActivityInfoVariant
                0x000000001000738c      0x120 /home/cameron/AutoTurretPico/libmicroros/libmicroros.a(libmicroxrcedds_client-xrce_types.c.obj)
                0x000000001000738c                uxr_serialize_ActivityInfoVariant
 .text.uxr_deserialize_BaseObjectReply
                0x00000000100074ac       0x40 /home/cameron/AutoTurretPico/libmicroros/libmicroros.a(libmicroxrcedds_client-xrce_types.c.obj)
                0x00000000100074ac                uxr_deserialize_BaseObjectReply
 .text.uxr_serialize_ReadSpecification
                0x00000000100074ec       0x9c /home/cameron/AutoTurretPico/libmicroros/libmicroros.a(libmicroxrcedds_client-xrce_types.c.obj)
                0x00000000100074ec                uxr_serialize_ReadSpecification
 .text.uxr_serialize_CREATE_CLIENT_Payload
                0x0000000010007588        0x8 /home/cameron/AutoTurretPico/libmicroros/libmicroros.a(libmicroxrcedds_client-xrce_types.c.obj)
                0x0000000010007588                uxr_serialize_CREATE_CLIENT_Payload
 .text.uxr_serialize_CREATE_Payload
                0x0000000010007590      0x118 /home/cameron/AutoTurretPico/libmicroros/libmicroros.a(libmicroxrcedds_client-xrce_types.c.obj)
                0x0000000010007590                uxr_serialize_CREATE_Payload
 .text.uxr_deserialize_GET_INFO_Payload
                0x00000000100076a8       0x28 /home/cameron/AutoTurretPico/libmicroros/libmicroros.a(libmicroxrcedds_client-xrce_types.c.obj)
                0x00000000100076a8                uxr_deserialize_GET_INFO_Payload
 .text.uxr_serialize_DELETE_Payload
                0x00000000100076d0       0x20 /home/cameron/AutoTurretPico/libmicroros/libmicroros.a(libmicroxrcedds_client-xrce_types.c.obj)
                0x00000000100076d0                uxr_serialize_DELETE_Payload
 .text.uxr_deserialize_STATUS_AGENT_Payload
                0x00000000100076f0       0x68 /home/cameron/AutoTurretPico/libmicroros/libmicroros.a(libmicroxrcedds_client-xrce_types.c.obj)
                0x00000000100076f0                uxr_deserialize_STATUS_AGENT_Payload
 .text.uxr_deserialize_STATUS_Payload
                0x0000000010007758       0x40 /home/cameron/AutoTurretPico/libmicroros/libmicroros.a(libmicroxrcedds_client-xrce_types.c.obj)
                0x0000000010007758                uxr_deserialize_STATUS_Payload
 .text.uxr_serialize_INFO_Payload
                0x0000000010007798       0xa0 /home/cameron/AutoTurretPico/libmicroros/libmicroros.a(libmicroxrcedds_client-xrce_types.c.obj)
                0x0000000010007798                uxr_serialize_INFO_Payload
 .text.uxr_serialize_READ_DATA_Payload
                0x0000000010007838       0x28 /home/cameron/AutoTurretPico/libmicroros/libmicroros.a(libmicroxrcedds_client-xrce_types.c.obj)
                0x0000000010007838                uxr_serialize_READ_DATA_Payload
 .text.uxr_serialize_ACKNACK_Payload
                0x0000000010007860       0x28 /home/cameron/AutoTurretPico/libmicroros/libmicroros.a(libmicroxrcedds_client-xrce_types.c.obj)
                0x0000000010007860                uxr_serialize_ACKNACK_Payload
 .text.uxr_deserialize_ACKNACK_Payload
                0x0000000010007888       0x28 /home/cameron/AutoTurretPico/libmicroros/libmicroros.a(libmicroxrcedds_client-xrce_types.c.obj)
                0x0000000010007888                uxr_deserialize_ACKNACK_Payload
 .text.uxr_serialize_HEARTBEAT_Payload
                0x00000000100078b0       0x28 /home/cameron/AutoTurretPico/libmicroros/libmicroros.a(libmicroxrcedds_client-xrce_types.c.obj)
                0x00000000100078b0                uxr_serialize_HEARTBEAT_Payload
 .text.uxr_deserialize_HEARTBEAT_Payload
                0x00000000100078d8       0x24 /home/cameron/AutoTurretPico/libmicroros/libmicroros.a(libmicroxrcedds_client-xrce_types.c.obj)
                0x00000000100078d8                uxr_deserialize_HEARTBEAT_Payload
 .text.uxr_deserialize_TIMESTAMP_REPLY_Payload
                0x00000000100078fc       0x5c /home/cameron/AutoTurretPico/libmicroros/libmicroros.a(libmicroxrcedds_client-xrce_types.c.obj)
                0x00000000100078fc                uxr_deserialize_TIMESTAMP_REPLY_Payload
 .text.uxr_deserialize_SampleIdentity
                0x0000000010007958       0x5c /home/cameron/AutoTurretPico/libmicroros/libmicroros.a(libmicroxrcedds_client-xrce_types.c.obj)
                0x0000000010007958                uxr_deserialize_SampleIdentity
 .text.rcl_convert_rmw_ret_to_rcl_ret
                0x00000000100079b4       0x1c /home/cameron/AutoTurretPico/libmicroros/libmicroros.a(librcl-common.c.obj)
                0x00000000100079b4                rcl_convert_rmw_ret_to_rcl_ret
 .text.rcl_get_zero_initialized_context
                0x00000000100079d0       0x10 /home/cameron/AutoTurretPico/libmicroros/libmicroros.a(librcl-context.c.obj)
                0x00000000100079d0                rcl_get_zero_initialized_context
 .text.rcl_context_is_valid
                0x00000000100079e0       0x14 /home/cameron/AutoTurretPico/libmicroros/libmicroros.a(librcl-context.c.obj)
                0x00000000100079e0                rcl_context_is_valid
 .text.__cleanup_context
                0x00000000100079f4       0xe0 /home/cameron/AutoTurretPico/libmicroros/libmicroros.a(librcl-context.c.obj)
                0x00000000100079f4                __cleanup_context
 .text.rcl_init
                0x0000000010007ad4      0x294 /home/cameron/AutoTurretPico/libmicroros/libmicroros.a(librcl-init.c.obj)
                0x0000000010007ad4                rcl_init
 .text.rcl_get_zero_initialized_init_options
                0x0000000010007d68        0x4 /home/cameron/AutoTurretPico/libmicroros/libmicroros.a(librcl-init_options.c.obj)
                0x0000000010007d68                rcl_get_zero_initialized_init_options
 .text.rcl_init_options_init
                0x0000000010007d6c       0xa8 /home/cameron/AutoTurretPico/libmicroros/libmicroros.a(librcl-init_options.c.obj)
                0x0000000010007d6c                rcl_init_options_init
 .text.rcl_init_options_fini
                0x0000000010007e14       0x4c /home/cameron/AutoTurretPico/libmicroros/libmicroros.a(librcl-init_options.c.obj)
                0x0000000010007e14                rcl_init_options_fini
 .text.rcl_init_options_copy
                0x0000000010007e60       0xa8 /home/cameron/AutoTurretPico/libmicroros/libmicroros.a(librcl-init_options.c.obj)
                0x0000000010007e60                rcl_init_options_copy
 .text.rcl_get_localhost_only
                0x0000000010007f08       0x4c /home/cameron/AutoTurretPico/libmicroros/libmicroros.a(librcl-localhost.c.obj)
                0x0000000010007f08                rcl_get_localhost_only
 .text.rcl_get_zero_initialized_node
                0x0000000010007f54       0x10 /home/cameron/AutoTurretPico/libmicroros/libmicroros.a(librcl-node.c.obj)
                0x0000000010007f54                rcl_get_zero_initialized_node
 .text.rcl_node_init
                0x0000000010007f64      0x2d8 /home/cameron/AutoTurretPico/libmicroros/libmicroros.a(librcl-node.c.obj)
                0x0000000010007f64                rcl_node_init
 .text.rcl_node_get_default_options
                0x000000001000823c       0x1c /home/cameron/AutoTurretPico/libmicroros/libmicroros.a(librcl-node_options.c.obj)
                0x000000001000823c                rcl_node_get_default_options
 .text.rcl_node_options_copy
                0x0000000010008258       0x38 /home/cameron/AutoTurretPico/libmicroros/libmicroros.a(librcl-node_options.c.obj)
                0x0000000010008258                rcl_node_options_copy
 .text.rcl_node_options_fini
                0x0000000010008290       0x28 /home/cameron/AutoTurretPico/libmicroros/libmicroros.a(librcl-node_options.c.obj)
                0x0000000010008290                rcl_node_options_fini
 .text.exact_match_lookup
                0x00000000100082b8       0x88 /home/cameron/AutoTurretPico/libmicroros/libmicroros.a(librcl-security.c.obj)
                0x00000000100082b8                exact_match_lookup
 .text.rcl_get_secure_root
                0x0000000010008340       0xd8 /home/cameron/AutoTurretPico/libmicroros/libmicroros.a(librcl-security.c.obj)
                0x0000000010008340                rcl_get_secure_root
 .text.rcl_get_security_options_from_environment
                0x0000000010008418       0x84 /home/cameron/AutoTurretPico/libmicroros/libmicroros.a(librcl-security.c.obj)
                0x0000000010008418                rcl_get_security_options_from_environment
 .text.rcl_get_system_time
                0x000000001000849c        0xc /home/cameron/AutoTurretPico/libmicroros/libmicroros.a(librcl-time.c.obj)
 .text.rcl_get_steady_time
                0x00000000100084a8        0xc /home/cameron/AutoTurretPico/libmicroros/libmicroros.a(librcl-time.c.obj)
 .text.rcl_get_ros_time
                0x00000000100084b4       0x20 /home/cameron/AutoTurretPico/libmicroros/libmicroros.a(librcl-time.c.obj)
 .text.rcl_clock_init
                0x00000000100084d4       0xe4 /home/cameron/AutoTurretPico/libmicroros/libmicroros.a(librcl-time.c.obj)
                0x00000000100084d4                rcl_clock_init
 .text.rcl_validate_enclave_name_with_size
                0x00000000100085b8       0x7c /home/cameron/AutoTurretPico/libmicroros/libmicroros.a(librcl-validate_enclave_name.c.obj)
                0x00000000100085b8                rcl_validate_enclave_name_with_size
 .text.rcl_validate_enclave_name
                0x0000000010008634       0x24 /home/cameron/AutoTurretPico/libmicroros/libmicroros.a(librcl-validate_enclave_name.c.obj)
                0x0000000010008634                rcl_validate_enclave_name
 .text.__atomic_load_8
                0x0000000010008658       0x4c /home/cameron/AutoTurretPico/libmicroros/libmicroros.a(librcutils-atomic_64bits.c.obj)
                0x0000000010008658                __atomic_load_8
 .text.rcutils_get_env
                0x00000000100086a4       0x38 /home/cameron/AutoTurretPico/libmicroros/libmicroros.a(librcutils-env.c.obj)
                0x00000000100086a4                rcutils_get_env
 .text.rcutils_is_directory
                0x00000000100086dc        0x4 /home/cameron/AutoTurretPico/libmicroros/libmicroros.a(librcutils-filesystem.c.obj)
                0x00000000100086dc                rcutils_is_directory
 .text.rcutils_join_path
                0x00000000100086e0        0xc /home/cameron/AutoTurretPico/libmicroros/libmicroros.a(librcutils-filesystem.c.obj)
                0x00000000100086e0                rcutils_join_path
 .text.rcutils_to_native_path
                0x00000000100086ec       0x10 /home/cameron/AutoTurretPico/libmicroros/libmicroros.a(librcutils-filesystem.c.obj)
                0x00000000100086ec                rcutils_to_native_path
 .text.rcutils_format_string_limit
                0x00000000100086fc       0x78 /home/cameron/AutoTurretPico/libmicroros/libmicroros.a(librcutils-format_string.c.obj)
                0x00000000100086fc                rcutils_format_string_limit
 .text.rcutils_snprintf
                0x0000000010008774       0x38 /home/cameron/AutoTurretPico/libmicroros/libmicroros.a(librcutils-snprintf.c.obj)
                0x0000000010008774                rcutils_snprintf
 .text.rcutils_vsnprintf
                0x00000000100087ac       0x28 /home/cameron/AutoTurretPico/libmicroros/libmicroros.a(librcutils-snprintf.c.obj)
                0x00000000100087ac                rcutils_vsnprintf
 .text.rcutils_strdup
                0x00000000100087d4       0x6c /home/cameron/AutoTurretPico/libmicroros/libmicroros.a(librcutils-strdup.c.obj)
                0x00000000100087d4                rcutils_strdup
 .text.rcutils_system_time_now
                0x0000000010008840       0x58 /home/cameron/AutoTurretPico/libmicroros/libmicroros.a(librcutils-time_unix.c.obj)
                0x0000000010008840                rcutils_system_time_now
 .text.rcutils_steady_time_now
                0x0000000010008898       0x58 /home/cameron/AutoTurretPico/libmicroros/libmicroros.a(librcutils-time_unix.c.obj)
                0x0000000010008898                rcutils_steady_time_now
 .text.rmw_get_zero_initialized_context
                0x00000000100088f0       0x30 /home/cameron/AutoTurretPico/libmicroros/libmicroros.a(librmw-init.c.obj)
                0x00000000100088f0                rmw_get_zero_initialized_context
 .text.rmw_get_zero_initialized_init_options
                0x0000000010008920       0x48 /home/cameron/AutoTurretPico/libmicroros/libmicroros.a(librmw-init_options.c.obj)
                0x0000000010008920                rmw_get_zero_initialized_init_options
 .text.rmw_get_default_security_options
                0x0000000010008968        0x8 /home/cameron/AutoTurretPico/libmicroros/libmicroros.a(librmw-security_options.c.obj)
                0x0000000010008968                rmw_get_default_security_options
 .text.rmw_validate_full_topic_name
                0x0000000010008970      0x118 /home/cameron/AutoTurretPico/libmicroros/libmicroros.a(librmw-validate_full_topic_name.c.obj)
                0x0000000010008970                rmw_validate_full_topic_name
 .text.rmw_validate_namespace_with_size
                0x0000000010008a88       0x88 /home/cameron/AutoTurretPico/libmicroros/libmicroros.a(librmw-validate_namespace.c.obj)
                0x0000000010008a88                rmw_validate_namespace_with_size
 .text.rmw_validate_namespace
                0x0000000010008b10       0x24 /home/cameron/AutoTurretPico/libmicroros/libmicroros.a(librmw-validate_namespace.c.obj)
                0x0000000010008b10                rmw_validate_namespace
 .text.rmw_namespace_validation_result_string
                0x0000000010008b34       0x18 /home/cameron/AutoTurretPico/libmicroros/libmicroros.a(librmw-validate_namespace.c.obj)
                0x0000000010008b34                rmw_namespace_validation_result_string
 .text.rmw_validate_node_name
                0x0000000010008b4c       0xa4 /home/cameron/AutoTurretPico/libmicroros/libmicroros.a(librmw-validate_node_name.c.obj)
                0x0000000010008b4c                rmw_validate_node_name
 .text.rmw_node_name_validation_result_string
                0x0000000010008bf0       0x18 /home/cameron/AutoTurretPico/libmicroros/libmicroros.a(librmw-validate_node_name.c.obj)
                0x0000000010008bf0                rmw_node_name_validation_result_string
 .text.get_memory
                0x0000000010008c08       0x28 /home/cameron/AutoTurretPico/libmicroros/libmicroros.a(librmw_microxrcedds-memory.c.obj)
                0x0000000010008c08                get_memory
 .text.put_memory
                0x0000000010008c30       0x30 /home/cameron/AutoTurretPico/libmicroros/libmicroros.a(librmw_microxrcedds-memory.c.obj)
                0x0000000010008c30                put_memory
 .text.rmw_get_implementation_identifier
                0x0000000010008c60        0xc /home/cameron/AutoTurretPico/libmicroros/libmicroros.a(librmw_microxrcedds-rmw_get_implementation_identifier.c.obj)
                0x0000000010008c60                rmw_get_implementation_identifier
 .text.rmw_init_options_init
                0x0000000010008c6c       0xc8 /home/cameron/AutoTurretPico/libmicroros/libmicroros.a(librmw_microxrcedds-rmw_init.c.obj)
                0x0000000010008c6c                rmw_init_options_init
 .text.rmw_init_options_copy
                0x0000000010008d34       0x6c /home/cameron/AutoTurretPico/libmicroros/libmicroros.a(librmw_microxrcedds-rmw_init.c.obj)
                0x0000000010008d34                rmw_init_options_copy
 .text.rmw_init_options_fini
                0x0000000010008da0       0x6c /home/cameron/AutoTurretPico/libmicroros/libmicroros.a(librmw_microxrcedds-rmw_init.c.obj)
                0x0000000010008da0                rmw_init_options_fini
 .text.rmw_init
                0x0000000010008e0c      0x298 /home/cameron/AutoTurretPico/libmicroros/libmicroros.a(librmw_microxrcedds-rmw_init.c.obj)
                0x0000000010008e0c                rmw_init
 .text.rmw_context_fini
                0x00000000100090a4       0x68 /home/cameron/AutoTurretPico/libmicroros/libmicroros.a(librmw_microxrcedds-rmw_init.c.obj)
                0x00000000100090a4                rmw_context_fini
 .text.destroy_topic
                0x000000001000910c       0x58 /home/cameron/AutoTurretPico/libmicroros/libmicroros.a(librmw_microxrcedds-rmw_microxrcedds_topic.c.obj)
                0x000000001000910c                destroy_topic
 .text.create_node
                0x0000000010009164      0x128 /home/cameron/AutoTurretPico/libmicroros/libmicroros.a(librmw_microxrcedds-rmw_node.c.obj)
                0x0000000010009164                create_node
 .text.rmw_create_node
                0x000000001000928c       0x2c /home/cameron/AutoTurretPico/libmicroros/libmicroros.a(librmw_microxrcedds-rmw_node.c.obj)
                0x000000001000928c                rmw_create_node
 .text.rmw_destroy_node
                0x00000000100092b8      0x124 /home/cameron/AutoTurretPico/libmicroros/libmicroros.a(librmw_microxrcedds-rmw_node.c.obj)
                0x00000000100092b8                rmw_destroy_node
 .text.rmw_node_get_graph_guard_condition
                0x00000000100093dc       0x10 /home/cameron/AutoTurretPico/libmicroros/libmicroros.a(librmw_microxrcedds-rmw_node.c.obj)
                0x00000000100093dc                rmw_node_get_graph_guard_condition
 .text.rmw_destroy_service
                0x00000000100093ec       0xc0 /home/cameron/AutoTurretPico/libmicroros/libmicroros.a(librmw_microxrcedds-rmw_service.c.obj)
                0x00000000100093ec                rmw_destroy_service
 .text.rmw_destroy_subscription
                0x00000000100094ac      0x10c /home/cameron/AutoTurretPico/libmicroros/libmicroros.a(librmw_microxrcedds-rmw_subscription.c.obj)
                0x00000000100094ac                rmw_destroy_subscription
 .text.rmw_uxrce_transport_init
                0x00000000100095b8       0x2c /home/cameron/AutoTurretPico/libmicroros/libmicroros.a(librmw_microxrcedds-rmw_uxrce_transports.c.obj)
                0x00000000100095b8                rmw_uxrce_transport_init
 .text.rmw_uros_epoch_nanos
                0x00000000100095e4       0x24 /home/cameron/AutoTurretPico/libmicroros/libmicroros.a(librmw_microxrcedds-time_sync.c.obj)
                0x00000000100095e4                rmw_uros_epoch_nanos
 .text.rosidl_typesupport_c__get_message_typesupport_handle_function
                0x0000000010009608       0x68 /home/cameron/AutoTurretPico/libmicroros/libmicroros.a(librosidl_typesupport_c-message_type_support_dispatch.cpp.obj)
                0x0000000010009608                rosidl_typesupport_c__get_message_typesupport_handle_function
 .text.std_msgs__msg__Bool__get_type_hash
                0x0000000010009670        0x8 /home/cameron/AutoTurretPico/libmicroros/libmicroros.a(libstd_msgs__rosidl_generator_c-bool__description.c.obj)
                0x0000000010009670                std_msgs__msg__Bool__get_type_hash
 .text.std_msgs__msg__Bool__get_type_description
                0x0000000010009678       0x18 /home/cameron/AutoTurretPico/libmicroros/libmicroros.a(libstd_msgs__rosidl_generator_c-bool__description.c.obj)
                0x0000000010009678                std_msgs__msg__Bool__get_type_description
 .text.std_msgs__msg__Bool__get_type_description_sources
                0x0000000010009690       0x34 /home/cameron/AutoTurretPico/libmicroros/libmicroros.a(libstd_msgs__rosidl_generator_c-bool__description.c.obj)
                0x0000000010009690                std_msgs__msg__Bool__get_type_description_sources
 .text.std_msgs__msg__Bool__init
                0x00000000100096c4        0x8 /home/cameron/AutoTurretPico/libmicroros/libmicroros.a(libstd_msgs__rosidl_generator_c-bool__functions.c.obj)
                0x00000000100096c4                std_msgs__msg__Bool__init
 .text.std_msgs__msg__Bool__fini
                0x00000000100096cc        0x4 /home/cameron/AutoTurretPico/libmicroros/libmicroros.a(libstd_msgs__rosidl_generator_c-bool__functions.c.obj)
                0x00000000100096cc                std_msgs__msg__Bool__fini
 .text.ucdr_serialize_endian_array_char
                0x00000000100096d0       0x68 /home/cameron/AutoTurretPico/libmicroros/libmicroros.a(libmicrocdr-array.c.obj)
                0x00000000100096d0                ucdr_serialize_endian_array_char
 .text.ucdr_deserialize_endian_array_char
                0x0000000010009738       0x68 /home/cameron/AutoTurretPico/libmicroros/libmicroros.a(libmicrocdr-array.c.obj)
                0x0000000010009738                ucdr_deserialize_endian_array_char
 .text.ucdr_serialize_array_uint8_t
                0x00000000100097a0       0x68 /home/cameron/AutoTurretPico/libmicroros/libmicroros.a(libmicrocdr-array.c.obj)
                0x00000000100097a0                ucdr_serialize_array_uint8_t
 .text.ucdr_serialize_endian_array_uint8_t
                0x0000000010009808       0x68 /home/cameron/AutoTurretPico/libmicroros/libmicroros.a(libmicrocdr-array.c.obj)
                0x0000000010009808                ucdr_serialize_endian_array_uint8_t
 .text.ucdr_deserialize_array_uint8_t
                0x0000000010009870       0x68 /home/cameron/AutoTurretPico/libmicroros/libmicroros.a(libmicrocdr-array.c.obj)
                0x0000000010009870                ucdr_deserialize_array_uint8_t
 .text.ucdr_deserialize_endian_array_uint8_t
                0x00000000100098d8       0x68 /home/cameron/AutoTurretPico/libmicroros/libmicroros.a(libmicrocdr-array.c.obj)
                0x00000000100098d8                ucdr_deserialize_endian_array_uint8_t
 .text.ucdr_serialize_sequence_char
                0x0000000010009940       0x24 /home/cameron/AutoTurretPico/libmicroros/libmicroros.a(libmicrocdr-sequence.c.obj)
                0x0000000010009940                ucdr_serialize_sequence_char
 .text.ucdr_deserialize_sequence_char
                0x0000000010009964       0x30 /home/cameron/AutoTurretPico/libmicroros/libmicroros.a(libmicrocdr-sequence.c.obj)
                0x0000000010009964                ucdr_deserialize_sequence_char
 .text.ucdr_serialize_sequence_uint8_t
                0x0000000010009994       0x24 /home/cameron/AutoTurretPico/libmicroros/libmicroros.a(libmicrocdr-sequence.c.obj)
                0x0000000010009994                ucdr_serialize_sequence_uint8_t
 .text.ucdr_deserialize_sequence_uint8_t
                0x00000000100099b8       0x30 /home/cameron/AutoTurretPico/libmicroros/libmicroros.a(libmicrocdr-sequence.c.obj)
                0x00000000100099b8                ucdr_deserialize_sequence_uint8_t
 .text.ucdr_serialize_string
                0x00000000100099e8       0x18 /home/cameron/AutoTurretPico/libmicroros/libmicroros.a(libmicrocdr-string.c.obj)
                0x00000000100099e8                ucdr_serialize_string
 .text.ucdr_deserialize_string
                0x0000000010009a00       0x10 /home/cameron/AutoTurretPico/libmicroros/libmicroros.a(libmicrocdr-string.c.obj)
                0x0000000010009a00                ucdr_deserialize_string
 .text.get_custom_error
                0x0000000010009a10        0xc /home/cameron/AutoTurretPico/libmicroros/libmicroros.a(libmicroxrcedds_client-custom_transport.c.obj)
 .text.recv_custom_msg
                0x0000000010009a1c       0xb0 /home/cameron/AutoTurretPico/libmicroros/libmicroros.a(libmicroxrcedds_client-custom_transport.c.obj)
 .text.send_custom_msg
                0x0000000010009acc       0x5c /home/cameron/AutoTurretPico/libmicroros/libmicroros.a(libmicroxrcedds_client-custom_transport.c.obj)
 .text.uxr_set_custom_transport_callbacks
                0x0000000010009b28       0x24 /home/cameron/AutoTurretPico/libmicroros/libmicroros.a(libmicroxrcedds_client-custom_transport.c.obj)
                0x0000000010009b28                uxr_set_custom_transport_callbacks
 .text.uxr_init_custom_transport
                0x0000000010009b4c       0x88 /home/cameron/AutoTurretPico/libmicroros/libmicroros.a(libmicroxrcedds_client-custom_transport.c.obj)
                0x0000000010009b4c                uxr_init_custom_transport
 .text.uxr_close_custom_transport
                0x0000000010009bd4        0xc /home/cameron/AutoTurretPico/libmicroros/libmicroros.a(libmicroxrcedds_client-custom_transport.c.obj)
                0x0000000010009bd4                uxr_close_custom_transport
 .text.uxr_init_input_best_effort_stream
                0x0000000010009be0        0x8 /home/cameron/AutoTurretPico/libmicroros/libmicroros.a(libmicroxrcedds_client-input_best_effort_stream.c.obj)
                0x0000000010009be0                uxr_init_input_best_effort_stream
 .text.uxr_reset_input_best_effort_stream
                0x0000000010009be8        0x8 /home/cameron/AutoTurretPico/libmicroros/libmicroros.a(libmicroxrcedds_client-input_best_effort_stream.c.obj)
                0x0000000010009be8                uxr_reset_input_best_effort_stream
 .text.uxr_receive_best_effort_message
                0x0000000010009bf0       0x18 /home/cameron/AutoTurretPico/libmicroros/libmicroros.a(libmicroxrcedds_client-input_best_effort_stream.c.obj)
                0x0000000010009bf0                uxr_receive_best_effort_message
 .text.on_full_input_buffer
                0x0000000010009c08       0x94 /home/cameron/AutoTurretPico/libmicroros/libmicroros.a(libmicroxrcedds_client-input_reliable_stream.c.obj)
 .text.uxr_init_input_reliable_stream
                0x0000000010009c9c       0x74 /home/cameron/AutoTurretPico/libmicroros/libmicroros.a(libmicroxrcedds_client-input_reliable_stream.c.obj)
                0x0000000010009c9c                uxr_init_input_reliable_stream
 .text.uxr_reset_input_reliable_stream
                0x0000000010009d10       0x54 /home/cameron/AutoTurretPico/libmicroros/libmicroros.a(libmicroxrcedds_client-input_reliable_stream.c.obj)
                0x0000000010009d10                uxr_reset_input_reliable_stream
 .text.uxr_receive_reliable_message
                0x0000000010009d64      0x144 /home/cameron/AutoTurretPico/libmicroros/libmicroros.a(libmicroxrcedds_client-input_reliable_stream.c.obj)
                0x0000000010009d64                uxr_receive_reliable_message
 .text.uxr_next_input_reliable_buffer_available
                0x0000000010009ea8      0x134 /home/cameron/AutoTurretPico/libmicroros/libmicroros.a(libmicroxrcedds_client-input_reliable_stream.c.obj)
                0x0000000010009ea8                uxr_next_input_reliable_buffer_available
 .text.uxr_process_heartbeat
                0x0000000010009fdc       0x18 /home/cameron/AutoTurretPico/libmicroros/libmicroros.a(libmicroxrcedds_client-input_reliable_stream.c.obj)
                0x0000000010009fdc                uxr_process_heartbeat
 .text.uxr_compute_acknack
                0x0000000010009ff4       0xe8 /home/cameron/AutoTurretPico/libmicroros/libmicroros.a(libmicroxrcedds_client-input_reliable_stream.c.obj)
                0x0000000010009ff4                uxr_compute_acknack
 .text.uxr_init_output_best_effort_stream
                0x000000001000a0dc       0x10 /home/cameron/AutoTurretPico/libmicroros/libmicroros.a(libmicroxrcedds_client-output_best_effort_stream.c.obj)
                0x000000001000a0dc                uxr_init_output_best_effort_stream
 .text.uxr_reset_output_best_effort_stream
                0x000000001000a0ec        0xc /home/cameron/AutoTurretPico/libmicroros/libmicroros.a(libmicroxrcedds_client-output_best_effort_stream.c.obj)
                0x000000001000a0ec                uxr_reset_output_best_effort_stream
 .text.uxr_prepare_best_effort_buffer_to_write
                0x000000001000a0f8       0x40 /home/cameron/AutoTurretPico/libmicroros/libmicroros.a(libmicroxrcedds_client-output_best_effort_stream.c.obj)
                0x000000001000a0f8                uxr_prepare_best_effort_buffer_to_write
 .text.uxr_prepare_best_effort_buffer_to_send
                0x000000001000a138       0x48 /home/cameron/AutoTurretPico/libmicroros/libmicroros.a(libmicroxrcedds_client-output_best_effort_stream.c.obj)
                0x000000001000a138                uxr_prepare_best_effort_buffer_to_send
 .text.on_full_output_buffer
                0x000000001000a180       0x6c /home/cameron/AutoTurretPico/libmicroros/libmicroros.a(libmicroxrcedds_client-output_reliable_stream.c.obj)
                0x000000001000a180                on_full_output_buffer
 .text.uxr_init_output_reliable_stream
                0x000000001000a1ec       0x80 /home/cameron/AutoTurretPico/libmicroros/libmicroros.a(libmicroxrcedds_client-output_reliable_stream.c.obj)
                0x000000001000a1ec                uxr_init_output_reliable_stream
 .text.uxr_reset_output_reliable_stream
                0x000000001000a26c       0x5c /home/cameron/AutoTurretPico/libmicroros/libmicroros.a(libmicroxrcedds_client-output_reliable_stream.c.obj)
                0x000000001000a26c                uxr_reset_output_reliable_stream
 .text.uxr_prepare_reliable_buffer_to_write
                0x000000001000a2c8      0x368 /home/cameron/AutoTurretPico/libmicroros/libmicroros.a(libmicroxrcedds_client-output_reliable_stream.c.obj)
                0x000000001000a2c8                uxr_prepare_reliable_buffer_to_write
 .text.uxr_prepare_next_reliable_buffer_to_send
                0x000000001000a630       0xa4 /home/cameron/AutoTurretPico/libmicroros/libmicroros.a(libmicroxrcedds_client-output_reliable_stream.c.obj)
                0x000000001000a630                uxr_prepare_next_reliable_buffer_to_send
 .text.uxr_update_output_stream_heartbeat_timestamp
                0x000000001000a6d4       0x58 /home/cameron/AutoTurretPico/libmicroros/libmicroros.a(libmicroxrcedds_client-output_reliable_stream.c.obj)
                0x000000001000a6d4                uxr_update_output_stream_heartbeat_timestamp
 .text.uxr_begin_output_nack_buffer_it
                0x000000001000a72c        0x4 /home/cameron/AutoTurretPico/libmicroros/libmicroros.a(libmicroxrcedds_client-output_reliable_stream.c.obj)
                0x000000001000a72c                uxr_begin_output_nack_buffer_it
 .text.uxr_next_reliable_nack_buffer_to_send
                0x000000001000a730       0x88 /home/cameron/AutoTurretPico/libmicroros/libmicroros.a(libmicroxrcedds_client-output_reliable_stream.c.obj)
                0x000000001000a730                uxr_next_reliable_nack_buffer_to_send
 .text.uxr_process_acknack
                0x000000001000a7b8       0x80 /home/cameron/AutoTurretPico/libmicroros/libmicroros.a(libmicroxrcedds_client-output_reliable_stream.c.obj)
                0x000000001000a7b8                uxr_process_acknack
 .text.uxr_buffer_cancel_data
                0x000000001000a838       0x4c /home/cameron/AutoTurretPico/libmicroros/libmicroros.a(libmicroxrcedds_client-read_access.c.obj)
                0x000000001000a838                uxr_buffer_cancel_data
 .text.read_submessage_format
                0x000000001000a884      0x1ac /home/cameron/AutoTurretPico/libmicroros/libmicroros.a(libmicroxrcedds_client-read_access.c.obj)
                0x000000001000a884                read_submessage_format
 .text.uxr_seq_num_add