Archive member included to satisfy reference by file (symbol)

/home/cameron/AutoTurretPico/libmicroros/libmicroros.a(librcl-publisher.c.obj)
                              CMakeFiles/turret.dir/turretMainLoop.cpp.obj (rcl_publish)
/home/cameron/AutoTurretPico/libmicroros/libmicroros.a(librclc-executor.c.obj)
                              CMakeFiles/turret.dir/turretMainLoop.cpp.obj (rclc_executor_init)
/home/cameron/AutoTurretPico/libmicroros/libmicroros.a(librclc-executor_handle.c.obj)
                              /home/cameron/AutoTurretPico/libmicroros/libmicroros.a(librclc-executor.c.obj) (rclc_executor_handle_counters_zero_init)
/home/cameron/AutoTurretPico/libmicroros/libmicroros.a(librclc-init.c.obj)
                              CMakeFiles/turret.dir/turretMainLoop.cpp.obj (rclc_support_init)
/home/cameron/AutoTurretPico/libmicroros/libmicroros.a(librclc-node.c.obj)
                              CMakeFiles/turret.dir/turretMainLoop.cpp.obj (rclc_node_init_default)
/home/cameron/AutoTurretPico/libmicroros/libmicroros.a(librclc-publisher.c.obj)
                              CMakeFiles/turret.dir/turretMainLoop.cpp.obj (rclc_publisher_init_default)
/home/cameron/AutoTurretPico/libmicroros/libmicroros.a(librclc-sleep.c.obj)
                              /home/cameron/AutoTurretPico/libmicroros/libmicroros.a(librclc-executor.c.obj) (rclc_sleep_ms)
/home/cameron/AutoTurretPico/libmicroros/libmicroros.a(librcutils-allocator.c.obj)
                              CMakeFiles/turret.dir/turretMainLoop.cpp.obj (rcutils_get_default_allocator)
/home/cameron/AutoTurretPico/libmicroros/libmicroros.a(librcutils-error_handling.c.obj)
                              /home/cameron/AutoTurretPico/libmicroros/libmicroros.a(librcl-publisher.c.obj) (rcutils_reset_error)
/home/cameron/AutoTurretPico/libmicroros/libmicroros.a(librcutils-time_unix.c.obj)
                              /home/cameron/AutoTurretPico/libmicroros/libmicroros.a(librclc-executor.c.obj) (rcutils_system_time_now)
/home/cameron/AutoTurretPico/libmicroros/libmicroros.a(librmw-publisher_options.c.obj)
                              /home/cameron/AutoTurretPico/libmicroros/libmicroros.a(librcl-publisher.c.obj) (rmw_get_default_publisher_options)
/home/cameron/AutoTurretPico/libmicroros/libmicroros.a(librmw_microxrcedds-rmw_publish.c.obj)
                              /home/cameron/AutoTurretPico/libmicroros/libmicroros.a(librcl-publisher.c.obj) (rmw_publish)
/home/cameron/AutoTurretPico/libmicroros/libmicroros.a(librmw_microxrcedds-rmw_publisher.c.obj)
                              /home/cameron/AutoTurretPico/libmicroros/libmicroros.a(librcl-publisher.c.obj) (rmw_create_publisher)
/home/cameron/AutoTurretPico/libmicroros/libmicroros.a(librmw_microxrcedds-types.c.obj)
                              /home/cameron/AutoTurretPico/libmicroros/libmicroros.a(librmw_microxrcedds-rmw_publisher.c.obj) (rmw_uxrce_fini_publisher_memory)
/home/cameron/AutoTurretPico/libmicroros/libmicroros.a(librmw_microxrcedds-utils.c.obj)
                              /home/cameron/AutoTurretPico/libmicroros/libmicroros.a(librmw_microxrcedds-rmw_publisher.c.obj) (run_xrce_session)
/home/cameron/AutoTurretPico/libmicroros/libmicroros.a(librosidl_runtime_c-message_type_support.c.obj)
                              /home/cameron/AutoTurretPico/libmicroros/libmicroros.a(librmw_microxrcedds-rmw_publisher.c.obj) (get_message_typesupport_handle)
/home/cameron/AutoTurretPico/libmicroros/libmicroros.a(libstd_msgs__rosidl_typesupport_c-bool__type_support.cpp.obj)
                              CMakeFiles/turret.dir/turretMainLoop.cpp.obj (rosidl_typesupport_c__get_message_type_support_handle__std_msgs__msg__Bool)
/home/cameron/AutoTurretPico/libmicroros/libmicroros.a(libstd_msgs__rosidl_typesupport_introspection_c-bool__type_support.c.obj)
                              /home/cameron/AutoTurretPico/libmicroros/libmicroros.a(libstd_msgs__rosidl_typesupport_c-bool__type_support.cpp.obj) (rosidl_typesupport_introspection_c__get_message_type_support_handle__std_msgs__msg__Bool)
/home/cameron/AutoTurretPico/libmicroros/libmicroros.a(libstd_msgs__rosidl_typesupport_microxrcedds_c-bool__type_support_c.c.obj)
                              /home/cameron/AutoTurretPico/libmicroros/libmicroros.a(libstd_msgs__rosidl_typesupport_c-bool__type_support.cpp.obj) (rosidl_typesupport_microxrcedds_c__get_message_type_support_handle__std_msgs__msg__Bool)
/home/cameron/AutoTurretPico/libmicroros/libmicroros.a(libmicrocdr-basic.c.obj)
                              /home/cameron/AutoTurretPico/libmicroros/libmicroros.a(libstd_msgs__rosidl_typesupport_microxrcedds_c-bool__type_support_c.c.obj) (ucdr_serialize_bool)
/home/cameron/AutoTurretPico/libmicroros/libmicroros.a(libmicrocdr-common.c.obj)
                              /home/cameron/AutoTurretPico/libmicroros/libmicroros.a(libmicrocdr-basic.c.obj) (ucdr_check_buffer_available_for)
[...]
Memory Configuration

Name             Origin             Length             Attributes
FLASH            0x0000000010000000 0x0000000000200000 xr
RAM              0x0000000020000000 0x0000000000040000 xrw
SCRATCH_X        0x0000000020040000 0x0000000000001000 xrw
SCRATCH_Y        0x0000000020041000 0x0000000000001000 xrw
*default*        0x0000000000000000 0xffffffffffffffff

Linker script and memory map

LOAD /usr/lib/gcc/arm-none-eabi/10.3.1/thumb/v6-m/nofp/crti.o
LOAD /usr/lib/gcc/arm-none-eabi/10.3.1/thumb/v6-m/nofp/crtbegin.o
LOAD /usr/lib/gcc/arm-none-eabi/10.3.1/../../../arm-none-eabi/lib/thumb/v6-m/nofp/crt0.o

.flash_begin    0x0000000010000000        0x0
                0x0000000010000000                __flash_binary_start = .

.boot2          0x0000000010000000      0x100
                0x0000000010000000                __boot2_start__ = .
 *(.boot2)
 .boot2         0x0000000010000000      0x100 /tmp/cclnOp6j.o
                0x0000000010000100                __boot2_end__ = .
                0x0000000000000001                ASSERT (((__boot2_end__ - __boot2_start__) == 0x100), ERROR: Pico second stage bootloader must be 256 bytes in size)

.text           0x0000000010000100    0x12630
                0x0000000010000100                __logical_binary_start = .
 *(.vectors)
 .vectors       0x0000000010000100       0xd4 CMakeFiles/turret.dir/home/cameron/pico-sdk/src/rp2_common/pico_standard_link/crt0.S.obj
                0x0000000010000100                __vectors
                0x0000000010000100                __VECTOR_TABLE
                0x00000000100001c0                isr_invalid
                0x00000000100001c0                __default_isrs_start
                0x00000000100001c2                isr_nmi
                0x00000000100001c4                isr_hardfault
                0x00000000100001c6                isr_svcall
                0x00000000100001c8                isr_pendsv
                0x00000000100001ca                isr_systick
                0x00000000100001cc                isr_irq30
                0x00000000100001cc                __unhandled_user_irq
                0x00000000100001cc                isr_irq13
                0x00000000100001cc                isr_irq27
                0x00000000100001cc                isr_irq31
                0x00000000100001cc                isr_irq5
                0x00000000100001cc                isr_irq11
                0x00000000100001cc                isr_irq23
                0x00000000100001cc                isr_irq18
                0x00000000100001cc                isr_irq28
                0x00000000100001cc                isr_irq19
                0x00000000100001cc                isr_irq0
                0x00000000100001cc                isr_irq6
                0x00000000100001cc                isr_irq22
                0x00000000100001cc                isr_irq17
                0x00000000100001cc                isr_irq14
                0x00000000100001cc                isr_irq2
                0x00000000100001cc                isr_irq10
                0x00000000100001cc                isr_irq8
                0x00000000100001cc                isr_irq24
                0x00000000100001cc                isr_irq1
                0x00000000100001cc                isr_irq7
                0x00000000100001cc                isr_irq21
                0x00000000100001cc                isr_irq20
                0x00000000100001cc                isr_irq15
                0x00000000100001cc                isr_irq25
                0x00000000100001cc                isr_irq4
                0x00000000100001cc                isr_irq16
                0x00000000100001cc                isr_irq29
                0x00000000100001cc                isr_irq26
                0x00000000100001cc                __default_isrs_end
                0x00000000100001cc                isr_irq3
                0x00000000100001cc                isr_irq12
                0x00000000100001cc                isr_irq9
                0x00000000100001d2                unhandled_user_irq_num_in_r0
 *(.binary_info_header)
 .binary_info_header
                0x00000000100001d4       0x14 CMakeFiles/turret.dir/home/cameron/pico-sdk/src/rp2_common/pico_standard_link/crt0.S.obj
                0x00000000100001e8                __binary_info_header_end = .
 *(.reset)
 .reset         0x00000000100001e8       0xa0 CMakeFiles/turret.dir/home/cameron/pico-sdk/src/rp2_common/pico_standard_link/crt0.S.obj
                0x00000000100001e8                _entry_point
 .reset         0x0000000010000288       0x30 CMakeFiles/turret.dir/home/cameron/pico-sdk/src/rp2_common/pico_standard_link/binary_info.c.obj
 *(.init)
 .init          0x00000000100002b8        0x4 /usr/lib/gcc/arm-none-eabi/10.3.1/thumb/v6-m/nofp/crti.o
                0x00000000100002b8                _init
 *(EXCLUDE_FILE(*libm.a: *libc.a:*lib_a-mem*.o *libgcc.a:) .text*)
 .text          0x00000000100002bc       0x98 /usr/lib/gcc/arm-none-eabi/10.3.1/thumb/v6-m/nofp/crtbegin.o
 .text.startup.main
                0x0000000010000354       0x64 CMakeFiles/turret.dir/turretMainLoop.cpp.obj
                0x0000000010000354                main
 .text.startup._GLOBAL__sub_I_LeftLimitPublisher
                0x00000000100003b8       0x10 CMakeFiles/turret.dir/turretMainLoop.cpp.obj
 .text.running_on_fpga
                0x00000000100003c8       0x10 CMakeFiles/turret.dir/home/cameron/pico-sdk/src/rp2_common/pico_platform/platform.c.obj
                0x00000000100003c8                running_on_fpga
 .text.hw_claim_or_assert
                0x00000000100003d8       0x44 CMakeFiles/turret.dir/home/cameron/pico-sdk/src/rp2_common/hardware_claim/claim.c.obj
                0x00000000100003d8                hw_claim_or_assert
 .text.spin_locks_reset
                0x000000001000041c       0x1c CMakeFiles/turret.dir/home/cameron/pico-sdk/src/rp2_common/hardware_sync/sync.c.obj
                0x000000001000041c                spin_locks_reset
 .text.next_striped_spin_lock_num
                0x0000000010000438       0x18 CMakeFiles/turret.dir/home/cameron/pico-sdk/src/rp2_common/hardware_sync/sync.c.obj
                0x0000000010000438                next_striped_spin_lock_num
 .text.irq_set_enabled
                0x0000000010000450       0x24 CMakeFiles/turret.dir/home/cameron/pico-sdk/src/rp2_common/hardware_irq/irq.c.obj
                0x0000000010000450                irq_set_enabled
 .text.irq_get_vtable_handler
                0x0000000010000474       0x10 CMakeFiles/turret.dir/home/cameron/pico-sdk/src/rp2_common/hardware_irq/irq.c.obj
                0x0000000010000474                irq_get_vtable_handler
 .text.irq_set_exclusive_handler
                0x0000000010000484       0x54 CMakeFiles/turret.dir/home/cameron/pico-sdk/src/rp2_common/hardware_irq/irq.c.obj
                0x0000000010000484                irq_set_exclusive_handler
 .text.irq_remove_handler
                0x00000000100004d8      0x1b0 CMakeFiles/turret.dir/home/cameron/pico-sdk/src/rp2_common/hardware_irq/irq.c.obj
                0x00000000100004d8                irq_remove_handler
 .text.irq_add_tail_to_free_list
                0x0000000010000688       0xb4 CMakeFiles/turret.dir/home/cameron/pico-sdk/src/rp2_common/hardware_irq/irq.c.obj
                0x0000000010000688                irq_add_tail_to_free_list
 .text.irq_init_priorities
                0x000000001000073c       0x24 CMakeFiles/turret.dir/home/cameron/pico-sdk/src/rp2_common/hardware_irq/irq.c.obj
                0x000000001000073c                irq_init_priorities
 .text.lock_init
                0x0000000010000760       0x10 CMakeFiles/turret.dir/home/cameron/pico-sdk/src/common/pico_sync/lock_core.c.obj
                0x0000000010000760                lock_init
 .text.mutex_init
                0x0000000010000770       0x1c CMakeFiles/turret.dir/home/cameron/pico-sdk/src/common/pico_sync/mutex.c.obj
                0x0000000010000770                mutex_init
 .text.recursive_mutex_init
                0x000000001000078c       0x1c CMakeFiles/turret.dir/home/cameron/pico-sdk/src/common/pico_sync/mutex.c.obj
                0x000000001000078c                recursive_mutex_init
 .text.timer_pool_entry_comparator
                0x00000000100007a8       0x34 CMakeFiles/turret.dir/home/cameron/pico-sdk/src/common/pico_time/time.c.obj
                0x00000000100007a8                timer_pool_entry_comparator
 .text.sleep_until_callback
                0x00000000100007dc       0x30 CMakeFiles/turret.dir/home/cameron/pico-sdk/src/common/pico_time/time.c.obj
 .text.add_alarm_under_lock.isra.0
                0x000000001000080c      0x100 CMakeFiles/turret.dir/home/cameron/pico-sdk/src/common/pico_time/time.c.obj
 .text.alarm_pool_alarm_callback
                0x000000001000090c      0x1bc CMakeFiles/turret.dir/home/cameron/pico-sdk/src/common/pico_time/time.c.obj
 .text.alarm_pool_init_default
                0x0000000010000ac8       0x6c CMakeFiles/turret.dir/home/cameron/pico-sdk/src/common/pico_time/time.c.obj
                0x0000000010000ac8                alarm_pool_init_default
 .text.alarm_pool_add_alarm_at
                0x0000000010000b34      0x178 CMakeFiles/turret.dir/home/cameron/pico-sdk/src/common/pico_time/time.c.obj
                0x0000000010000b34                alarm_pool_add_alarm_at
 .text.best_effort_wfe_or_timeout
                0x0000000010000cac       0xd4 CMakeFiles/turret.dir/home/cameron/pico-sdk/src/common/pico_time/time.c.obj
                0x0000000010000cac                best_effort_wfe_or_timeout
 .text.hardware_alarm_irq_handler
                0x0000000010000d80       0xbc CMakeFiles/turret.dir/home/cameron/pico-sdk/src/rp2_common/hardware_timer/timer.c.obj
 .text.hardware_alarm_claim
                0x0000000010000e3c       0x18 CMakeFiles/turret.dir/home/cameron/pico-sdk/src/rp2_common/hardware_timer/timer.c.obj
                0x0000000010000e3c                hardware_alarm_claim
 .text.time_us_64
                0x0000000010000e54       0x14 CMakeFiles/turret.dir/home/cameron/pico-sdk/src/rp2_common/hardware_timer/timer.c.obj
                0x0000000010000e54                time_us_64
 .text.hardware_alarm_set_callback
                0x0000000010000e68       0x8c CMakeFiles/turret.dir/home/cameron/pico-sdk/src/rp2_common/hardware_timer/timer.c.obj
                0x0000000010000e68                hardware_alarm_set_callback
 .text.hardware_alarm_set_target
                0x0000000010000ef4       0xd4 CMakeFiles/turret.dir/home/cameron/pico-sdk/src/rp2_common/hardware_timer/timer.c.obj
                0x0000000010000ef4                hardware_alarm_set_target
 .text.hardware_alarm_cancel
                0x0000000010000fc8       0x3c CMakeFiles/turret.dir/home/cameron/pico-sdk/src/rp2_common/hardware_timer/timer.c.obj
                0x0000000010000fc8                hardware_alarm_cancel
 .text.ph_merge_nodes
                0x0000000010001004       0x68 CMakeFiles/turret.dir/home/cameron/pico-sdk/src/common/pico_util/pheap.c.obj
 .text.ph_post_alloc_init
                0x000000001000106c       0x3c CMakeFiles/turret.dir/home/cameron/pico-sdk/src/common/pico_util/pheap.c.obj
                0x000000001000106c                ph_post_alloc_init
 .text.ph_merge_two_pass
                0x00000000100010a8       0x90 CMakeFiles/turret.dir/home/cameron/pico-sdk/src/common/pico_util/pheap.c.obj
                0x00000000100010a8                ph_merge_two_pass
 .text.ph_remove_any_head
                0x0000000010001138      0x100 CMakeFiles/turret.dir/home/cameron/pico-sdk/src/common/pico_util/pheap.c.obj
 .text.ph_remove_head
                0x0000000010001238      0x104 CMakeFiles/turret.dir/home/cameron/pico-sdk/src/common/pico_util/pheap.c.obj
                0x0000000010001238                ph_remove_head
 .text.ph_remove_and_free_node
                0x000000001000133c       0x7c CMakeFiles/turret.dir/home/cameron/pico-sdk/src/common/pico_util/pheap.c.obj
                0x000000001000133c                ph_remove_and_free_node
 .text.clocks_init
                0x00000000100013b8      0x2d0 CMakeFiles/turret.dir/home/cameron/pico-sdk/src/rp2_common/hardware_clocks/clocks.c.obj
                0x00000000100013b8                clocks_init
 .text.pll_init
                0x0000000010001688       0xa0 CMakeFiles/turret.dir/home/cameron/pico-sdk/src/rp2_common/hardware_pll/pll.c.obj
                0x0000000010001688                pll_init
 .text.watchdog_start_tick
                0x0000000010001728       0x10 CMakeFiles/turret.dir/home/cameron/pico-sdk/src/rp2_common/hardware_watchdog/watchdog.c.obj
                0x0000000010001728                watchdog_start_tick
 .text.xosc_init
                0x0000000010001738       0x28 CMakeFiles/turret.dir/home/cameron/pico-sdk/src/rp2_common/hardware_xosc/xosc.c.obj
                0x0000000010001738                xosc_init
 .text.runtime_init
                0x0000000010001760       0xf0 CMakeFiles/turret.dir/home/cameron/pico-sdk/src/rp2_common/pico_runtime/runtime.c.obj
                0x0000000010001760                runtime_init
 .text._exit    0x0000000010001850        0x4 CMakeFiles/turret.dir/home/cameron/pico-sdk/src/rp2_common/pico_runtime/runtime.c.obj
                0x0000000010001850                _exit
 .text._sbrk    0x0000000010001854       0x34 CMakeFiles/turret.dir/home/cameron/pico-sdk/src/rp2_common/pico_runtime/runtime.c.obj
                0x0000000010001854                _sbrk
 .text.exit     0x0000000010001888        0x8 CMakeFiles/turret.dir/home/cameron/pico-sdk/src/rp2_common/pico_runtime/runtime.c.obj
                0x0000000010001888                exit
 .text.panic    0x0000000010001890       0x30 CMakeFiles/turret.dir/home/cameron/pico-sdk/src/rp2_common/pico_runtime/runtime.c.obj
                0x0000000010001890                panic
 .text.hard_assertion_failure
                0x00000000100018c0        0xc CMakeFiles/turret.dir/home/cameron/pico-sdk/src/rp2_common/pico_runtime/runtime.c.obj
                0x00000000100018c0                hard_assertion_failure
 .text._out_buffer
                0x00000000100018cc        0x8 CMakeFiles/turret.dir/home/cameron/pico-sdk/src/rp2_common/pico_printf/printf.c.obj
 .text._out_null
                0x00000000100018d4        0x4 CMakeFiles/turret.dir/home/cameron/pico-sdk/src/rp2_common/pico_printf/printf.c.obj
 .text._out_rev
                0x00000000100018d8       0x9c CMakeFiles/turret.dir/home/cameron/pico-sdk/src/rp2_common/pico_printf/printf.c.obj
 .text._ntoa_format
                0x0000000010001974      0x1cc CMakeFiles/turret.dir/home/cameron/pico-sdk/src/rp2_common/pico_printf/printf.c.obj
 .text._out_char
                0x0000000010001b40       0x10 CMakeFiles/turret.dir/home/cameron/pico-sdk/src/rp2_common/pico_printf/printf.c.obj
 .text._etoa    0x0000000010001b50      0x44c CMakeFiles/turret.dir/home/cameron/pico-sdk/src/rp2_common/pico_printf/printf.c.obj
 .text._ftoa    0x0000000010001f9c      0x398 CMakeFiles/turret.dir/home/cameron/pico-sdk/src/rp2_common/pico_printf/printf.c.obj
 .text._vsnprintf
                0x0000000010002334      0xb04 CMakeFiles/turret.dir/home/cameron/pico-sdk/src/rp2_common/pico_printf/printf.c.obj
 .text.__wrap_snprintf
                0x0000000010002e38       0x28 CMakeFiles/turret.dir/home/cameron/pico-sdk/src/rp2_common/pico_printf/printf.c.obj
                0x0000000010002e38                __wrap_snprintf
 .text.__wrap_vsnprintf
                0x0000000010002e60       0x1c CMakeFiles/turret.dir/home/cameron/pico-sdk/src/rp2_common/pico_printf/printf.c.obj
                0x0000000010002e60                __wrap_vsnprintf
 .text.weak_raw_vprintf
                0x0000000010002e7c       0x30 CMakeFiles/turret.dir/home/cameron/pico-sdk/src/rp2_common/pico_printf/printf.c.obj
                0x0000000010002e7c                weak_raw_vprintf
 .text          0x0000000010002eac       0x10 CMakeFiles/turret.dir/home/cameron/pico-sdk/src/rp2_common/pico_bit_ops/bit_ops_aeabi.S.obj
 .text.rom_func_lookup
                0x0000000010002ebc       0x10 CMakeFiles/turret.dir/home/cameron/pico-sdk/src/rp2_common/pico_bootrom/bootrom.c.obj
                0x0000000010002ebc                rom_func_lookup
 .text.rom_data_lookup
                0x0000000010002ecc       0x10 CMakeFiles/turret.dir/home/cameron/pico-sdk/src/rp2_common/pico_bootrom/bootrom.c.obj
                0x0000000010002ecc                rom_data_lookup
 .text.rom_funcs_lookup
                0x0000000010002edc       0x44 CMakeFiles/turret.dir/home/cameron/pico-sdk/src/rp2_common/pico_bootrom/bootrom.c.obj
                0x0000000010002edc                rom_funcs_lookup
 .text.__wrap___aeabi_idiv
                0x0000000010002f20       0x50 CMakeFiles/turret.dir/home/cameron/pico-sdk/src/rp2_common/pico_divider/divider.S.obj
                0x0000000010002f20                __wrap___aeabi_idivmod
                0x0000000010002f20                divmod_s32s32
                0x0000000010002f20                div_s32s32
                0x0000000010002f20                __wrap___aeabi_idiv
                0x0000000010002f28                divmod_s32s32_unsafe
                0x0000000010002f54                divmod_s32s32_savestate
 .text.__wrap___aeabi_uidiv
                0x0000000010002f70       0x4c CMakeFiles/turret.dir/home/cameron/pico-sdk/src/rp2_common/pico_divider/divider.S.obj
                0x0000000010002f70                __wrap___aeabi_uidiv
                0x0000000010002f70                __wrap___aeabi_uidivmod
                0x0000000010002f70                div_u32u32
                0x0000000010002f70                divmod_u32u32
                0x0000000010002f78                divmod_u32u32_unsafe
                0x0000000010002fa0                divmod_u32u32_savestate
 .text.__wrap___aeabi_ldiv
                0x0000000010002fbc      0x424 CMakeFiles/turret.dir/home/cameron/pico-sdk/src/rp2_common/pico_divider/divider.S.obj
                0x0000000010002fbc                div_s64s64
                0x0000000010002fbc                divmod_s64s64
                0x0000000010002fbc                __wrap___aeabi_ldivmod
                0x0000000010002fec                div_u64u64
                0x0000000010002fec                divmod_u64u64
                0x0000000010002fec                __wrap___aeabi_uldivmod
                0x0000000010002ffc                divmod_u64u64_savestate
                0x000000001000301c                divmod_s64s64_unsafe
                0x00000000100030a4                divmod_u64u64_unsafe
 .text.__wrap___aeabi_darithmetic
                0x00000000100033e0       0x80 CMakeFiles/turret.dir/home/cameron/pico-sdk/src/rp2_common/pico_double/double_aeabi.S.obj
                0x00000000100033e0                __wrap___aeabi_drsub
                0x00000000100033e6                __wrap___aeabi_dsub
                0x00000000100033f8                __wrap___aeabi_dadd
                0x000000001000340a                __wrap___aeabi_ddiv
                0x0000000010003446                __wrap___aeabi_dmul
 .text.__wrap___aeabi_cdcmple
                0x0000000010003460       0x6c CMakeFiles/turret.dir/home/cameron/pico-sdk/src/rp2_common/pico_double/double_aeabi.S.obj
                0x0000000010003460                __wrap___aeabi_cdrcmple
                0x0000000010003470                __wrap___aeabi_cdcmple
                0x0000000010003470                __wrap___aeabi_cdcmpeq
 .text.__wrap___aeabi_dcmplt
                0x00000000100034cc        0xc CMakeFiles/turret.dir/home/cameron/pico-sdk/src/rp2_common/pico_double/double_aeabi.S.obj
                0x00000000100034cc                __wrap___aeabi_dcmplt
 .text.__wrap___aeabi_dcmple
                0x00000000100034d8       0x10 CMakeFiles/turret.dir/home/cameron/pico-sdk/src/rp2_common/pico_double/double_aeabi.S.obj
                0x00000000100034d8                __wrap___aeabi_dcmple
 .text.__wrap___aeabi_dcmpge
                0x00000000100034e8       0x10 CMakeFiles/turret.dir/home/cameron/pico-sdk/src/rp2_common/pico_double/double_aeabi.S.obj
                0x00000000100034e8                __wrap___aeabi_dcmpge
 .text.__wrap___aeabi_dcmpgt
                0x00000000100034f8        0xa CMakeFiles/turret.dir/home/cameron/pico-sdk/src/rp2_common/pico_double/double_aeabi.S.obj
                0x00000000100034f8                __wrap___aeabi_dcmpgt
 .text.__wrap___aeabi_dcmpun
                0x0000000010003502       0x1c CMakeFiles/turret.dir/home/cameron/pico-sdk/src/rp2_common/pico_double/double_aeabi.S.obj
                0x0000000010003502                __wrap___aeabi_dcmpun
 *fill*         0x000000001000351e        0x2 
 .text.__wrap___aeabi_i2d
                0x0000000010003520       0x38 CMakeFiles/turret.dir/home/cameron/pico-sdk/src/rp2_common/pico_double/double_aeabi.S.obj
                0x0000000010003520                __wrap___aeabi_ui2d
                0x0000000010003528                __wrap___aeabi_i2d
 .text.__wrap___aeabi_d2iz
                0x0000000010003558       0x48 CMakeFiles/turret.dir/home/cameron/pico-sdk/src/rp2_common/pico_double/double_aeabi.S.obj
                0x0000000010003558                __wrap___aeabi_d2iz
                0x0000000010003558                double2int_z
 .text.__wrap___aeabi_d2uiz
                0x00000000100035a0       0x18 CMakeFiles/turret.dir/home/cameron/pico-sdk/src/rp2_common/pico_double/double_aeabi.S.obj
                0x00000000100035a0                double2uint
                0x00000000100035a0                __wrap___aeabi_d2uiz
 .text.__aeabi_double_init
                0x00000000100035b8       0x94 CMakeFiles/turret.dir/home/cameron/pico-sdk/src/rp2_common/pico_double/double_init_rom.c.obj
                0x00000000100035b8                __aeabi_double_init
 .text.double_table_shim_on_use_helper
                0x000000001000364c       0x2c CMakeFiles/turret.dir/home/cameron/pico-sdk/src/rp2_common/pico_double/double_v1_rom_shim.S.obj
                0x000000001000364c                double_table_shim_on_use_helper
 .text.__wrap___aeabi_dsub
                0x0000000010003678       0x10 CMakeFiles/turret.dir/home/cameron/pico-sdk/src/rp2_common/pico_double/double_v1_rom_shim.S.obj
                0x0000000010003678                drsub_shim
                0x000000001000367e                dsub_shim
 .text.dadd_shim
                0x0000000010003688      0x15c CMakeFiles/turret.dir/home/cameron/pico-sdk/src/rp2_common/pico_double/double_v1_rom_shim.S.obj
                0x0000000010003688                dadd_shim
 .text.dmul_shim
                0x00000000100037e4      0x15c CMakeFiles/turret.dir/home/cameron/pico-sdk/src/rp2_common/pico_double/double_v1_rom_shim.S.obj
                0x00000000100037e4                dmul_shim
 .text.ddiv_shim
                0x0000000010003940      0x1b0 CMakeFiles/turret.dir/home/cameron/pico-sdk/src/rp2_common/pico_double/double_v1_rom_shim.S.obj
                0x0000000010003940                ddiv_shim
 .text.double2uint_shim
                0x0000000010003af0        0xe CMakeFiles/turret.dir/home/cameron/pico-sdk/src/rp2_common/pico_double/double_v1_rom_shim.S.obj
                0x0000000010003af0                double2uint_shim
                0x0000000010003af2                double2ufix_shim
 *fill*         0x0000000010003afe        0x2 
 .text.double2uint64_shim
                0x0000000010003b00       0x70 CMakeFiles/turret.dir/home/cameron/pico-sdk/src/rp2_common/pico_double/double_v1_rom_shim.S.obj
                0x0000000010003b00                double2uint64_shim
                0x0000000010003b02                double2ufix64_shim
                0x0000000010003b22                d2fix_a
 .text.dunpacks
                0x0000000010003b70       0x3c CMakeFiles/turret.dir/home/cameron/pico-sdk/src/rp2_common/pico_double/double_v1_rom_shim.S.obj
                0x0000000010003b70                dunpacks
 .text.__aeabi_lmul
                0x0000000010003bac       0x32 CMakeFiles/turret.dir/home/cameron/pico-sdk/src/rp2_common/pico_int64_ops/pico_int64_ops_aeabi.S.obj
                0x0000000010003bac                __wrap___aeabi_lmul
 *fill*         0x0000000010003bde        0x2 
 .text.__wrap___aeabi_farithmetic
                0x0000000010003be0       0x48 CMakeFiles/turret.dir/home/cameron/pico-sdk/src/rp2_common/pico_float/float_aeabi.S.obj
                0x0000000010003be0                __wrap___aeabi_frsub
                0x0000000010003be6                __wrap___aeabi_fsub
                0x0000000010003bec                __wrap___aeabi_fadd
                0x0000000010003bf2                __wrap___aeabi_fdiv
                0x0000000010003c1a                __wrap___aeabi_fmul
 .text.__wrap___aeabi_ui2f
                0x0000000010003c28        0xa CMakeFiles/turret.dir/home/cameron/pico-sdk/src/rp2_common/pico_float/float_aeabi.S.obj
                0x0000000010003c28                __wrap___aeabi_ui2f
 *fill*         0x0000000010003c32        0x2 
 .text.__wrap___aeabi_i2f
                0x0000000010003c34       0x44 CMakeFiles/turret.dir/home/cameron/pico-sdk/src/rp2_common/pico_float/float_aeabi.S.obj
                0x0000000010003c34                __wrap___aeabi_i2f
 .text.__wrap___aeabi_f2iz
                0x0000000010003c78       0x4e CMakeFiles/turret.dir/home/cameron/pico-sdk/src/rp2_common/pico_float/float_aeabi.S.obj
                0x0000000010003c78                __wrap___aeabi_f2iz
                0x0000000010003c78                float2int_z
 *fill*         0x0000000010003cc6        0x2 
 .text.float2int
                0x0000000010003cc8       0x14 CMakeFiles/turret.dir/home/cameron/pico-sdk/src/rp2_common/pico_float/float_aeabi.S.obj
                0x0000000010003cc8                float2int
 .text.__wrap___aeabi_f2uiz
                0x0000000010003cdc        0xc CMakeFiles/turret.dir/home/cameron/pico-sdk/src/rp2_common/pico_float/float_aeabi.S.obj
                0x0000000010003cdc                __wrap___aeabi_f2uiz
 .text.__aeabi_float_init
                0x0000000010003ce8       0x64 CMakeFiles/turret.dir/home/cameron/pico-sdk/src/rp2_common/pico_float/float_init_rom.c.obj
                0x0000000010003ce8                __aeabi_float_init
 .text.float_table_shim_on_use_helper
                0x0000000010003d4c       0x2c CMakeFiles/turret.dir/home/cameron/pico-sdk/src/rp2_common/pico_float/float_v1_rom_shim.S.obj
                0x0000000010003d4c                float_table_shim_on_use_helper
 .text.float232_shims
                0x0000000010003d78       0x18 CMakeFiles/turret.dir/home/cameron/pico-sdk/src/rp2_common/pico_float/float_v1_rom_shim.S.obj
                0x0000000010003d78                float2int_shim
                0x0000000010003d7a                float2fix_shim
 .text.__wrap_malloc
                0x0000000010003d90       0x24 CMakeFiles/turret.dir/home/cameron/pico-sdk/src/rp2_common/pico_malloc/pico_malloc.c.obj
                0x0000000010003d90                __wrap_malloc
 .text.__wrap_calloc
                0x0000000010003db4       0x24 CMakeFiles/turret.dir/home/cameron/pico-sdk/src/rp2_common/pico_malloc/pico_malloc.c.obj
                0x0000000010003db4                __wrap_calloc
 .text.__wrap_realloc
                0x0000000010003dd8       0x24 CMakeFiles/turret.dir/home/cameron/pico-sdk/src/rp2_common/pico_malloc/pico_malloc.c.obj
                0x0000000010003dd8                __wrap_realloc
 .text.__wrap_free
                0x0000000010003dfc        0x8 CMakeFiles/turret.dir/home/cameron/pico-sdk/src/rp2_common/pico_malloc/pico_malloc.c.obj
                0x0000000010003dfc                __wrap_free
 .text          0x0000000010003e04       0x10 CMakeFiles/turret.dir/home/cameron/pico-sdk/src/rp2_common/pico_mem_ops/mem_ops_aeabi.S.obj
                0x0000000010003e04                __aeabi_mem_init
 .text.memset   0x0000000010003e14        0xc CMakeFiles/turret.dir/home/cameron/pico-sdk/src/rp2_common/pico_mem_ops/mem_ops_aeabi.S.obj
                0x0000000010003e14                __wrap_memset
 .text.memcpy   0x0000000010003e20        0xc CMakeFiles/turret.dir/home/cameron/pico-sdk/src/rp2_common/pico_mem_ops/mem_ops_aeabi.S.obj
                0x0000000010003e20                __wrap___aeabi_memcpy
                0x0000000010003e20                __wrap_memcpy
 .text.stdio_out_chars_no_crlf
                0x0000000010003e2c       0x10 CMakeFiles/turret.dir/home/cameron/pico-sdk/src/rp2_common/pico_stdio/stdio.c.obj
 .text.stdio_out_chars_crlf
                0x0000000010003e3c       0x10 CMakeFiles/turret.dir/home/cameron/pico-sdk/src/rp2_common/pico_stdio/stdio.c.obj
 .text.stdio_put_string.isra.0
                0x0000000010003e4c       0xfc CMakeFiles/turret.dir/home/cameron/pico-sdk/src/rp2_common/pico_stdio/stdio.c.obj
 .text.__wrap_putchar
                0x0000000010003f48       0x98 CMakeFiles/turret.dir/home/cameron/pico-sdk/src/rp2_common/pico_stdio/stdio.c.obj
                0x0000000010003f48                __wrap_putchar
 .text.__wrap_puts
                0x0000000010003fe0       0x3c CMakeFiles/turret.dir/home/cameron/pico-sdk/src/rp2_common/pico_stdio/stdio.c.obj
                0x0000000010003fe0                __wrap_puts
 .text.startup._retrieve_unique_id_on_boot
                0x000000001000401c       0x10 CMakeFiles/turret.dir/home/cameron/pico-sdk/src/rp2_common/pico_unique_id/unique_id.c.obj
 .text.flash_get_unique_id
                0x000000001000402c       0x40 CMakeFiles/turret.dir/home/cameron/pico-sdk/src/rp2_common/hardware_flash/flash.c.obj
                0x000000001000402c                flash_get_unique_id
 .text.rcl_get_zero_initialized_publisher
                0x000000001000406c        0xc /home/cameron/AutoTurretPico/libmicroros/libmicroros.a(librcl-publisher.c.obj)
                0x000000001000406c                rcl_get_zero_initialized_publisher
 .text.rcl_publisher_init
                0x0000000010004078      0x13c /home/cameron/AutoTurretPico/libmicroros/libmicroros.a(librcl-publisher.c.obj)
                0x0000000010004078                rcl_publisher_init
 .text.rcl_publisher_get_default_options
                0x00000000100041b4       0x74 /home/cameron/AutoTurretPico/libmicroros/libmicroros.a(librcl-publisher.c.obj)
                0x00000000100041b4                rcl_publisher_get_default_options
 .text.rcl_publish
                0x0000000010004228       0x4c /home/cameron/AutoTurretPico/libmicroros/libmicroros.a(librcl-publisher.c.obj)
                0x0000000010004228                rcl_publish
 .text.rcl_publisher_is_valid
                0x0000000010004274       0x30 /home/cameron/AutoTurretPico/libmicroros/libmicroros.a(librcl-publisher.c.obj)
                0x0000000010004274                rcl_publisher_is_valid
 .text.rcl_publisher_is_valid_except_context
                0x00000000100042a4       0x1c /home/cameron/AutoTurretPico/libmicroros/libmicroros.a(librcl-publisher.c.obj)
                0x00000000100042a4                rcl_publisher_is_valid_except_context
 .text._rclc_check_for_new_data
                0x00000000100042c0       0x94 /home/cameron/AutoTurretPico/libmicroros/libmicroros.a(librclc-executor.c.obj)
 .text._rclc_take_new_data
                0x0000000010004354      0x2dc /home/cameron/AutoTurretPico/libmicroros/libmicroros.a(librclc-executor.c.obj)
 .text.rclc_executor_trigger_any
                0x0000000010004630       0x6c /home/cameron/AutoTurretPico/libmicroros/libmicroros.a(librclc-executor.c.obj)
                0x0000000010004630                rclc_executor_trigger_any
 .text._rclc_execute
                0x000000001000469c      0x300 /home/cameron/AutoTurretPico/libmicroros/libmicroros.a(librclc-executor.c.obj)
 .text.rclc_executor_init
                0x000000001000499c       0xc0 /home/cameron/AutoTurretPico/libmicroros/libmicroros.a(librclc-executor.c.obj)
                0x000000001000499c                rclc_executor_init
 .text.rclc_executor_add_timer
                0x0000000010004a5c       0x54 /home/cameron/AutoTurretPico/libmicroros/libmicroros.a(librclc-executor.c.obj)
                0x0000000010004a5c                rclc_executor_add_timer
 .text.rclc_executor_prepare
                0x0000000010004ab0       0x8c /home/cameron/AutoTurretPico/libmicroros/libmicroros.a(librclc-executor.c.obj)
                0x0000000010004ab0                rclc_executor_prepare
 .text.rclc_executor_spin_some
                0x0000000010004b3c      0x2d0 /home/cameron/AutoTurretPico/libmicroros/libmicroros.a(librclc-executor.c.obj)
                0x0000000010004b3c                rclc_executor_spin_some
 .text.rclc_executor_spin
                0x0000000010004e0c       0x20 /home/cameron/AutoTurretPico/libmicroros/libmicroros.a(librclc-executor.c.obj)
                0x0000000010004e0c                rclc_executor_spin
 .text.rclc_executor_handle_counters_zero_init
                0x0000000010004e2c       0x18 /home/cameron/AutoTurretPico/libmicroros/libmicroros.a(librclc-executor_handle.c.obj)
                0x0000000010004e2c                rclc_executor_handle_counters_zero_init
 .text.rclc_executor_handle_init
                0x0000000010004e44       0x20 /home/cameron/AutoTurretPico/libmicroros/libmicroros.a(librclc-executor_handle.c.obj)
                0x0000000010004e44                rclc_executor_handle_init
 .text.rclc_support_init
                0x0000000010004e64       0x94 /home/cameron/AutoTurretPico/libmicroros/libmicroros.a(librclc-init.c.obj)
                0x0000000010004e64                rclc_support_init
 .text.rclc_node_init_default
                0x0000000010004ef8       0x74 /home/cameron/AutoTurretPico/libmicroros/libmicroros.a(librclc-node.c.obj)
                0x0000000010004ef8                rclc_node_init_default
 .text.rclc_publisher_init_default
                0x0000000010004f6c       0x68 /home/cameron/AutoTurretPico/libmicroros/libmicroros.a(librclc-publisher.c.obj)
                0x0000000010004f6c                rclc_publisher_init_default
 .text.__default_zero_allocate
                0x0000000010004fd4        0x8 /home/cameron/AutoTurretPico/libmicroros/libmicroros.a(librcutils-allocator.c.obj)
 .text.__default_reallocate
                0x0000000010004fdc        0x8 /home/cameron/AutoTurretPico/libmicroros/libmicroros.a(librcutils-allocator.c.obj)
 .text.__default_deallocate
                0x0000000010004fe4        0x8 /home/cameron/AutoTurretPico/libmicroros/libmicroros.a(librcutils-allocator.c.obj)
 .text.__default_allocate
                0x0000000010004fec        0x8 /home/cameron/AutoTurretPico/libmicroros/libmicroros.a(librcutils-allocator.c.obj)
 .text.rcutils_get_zero_initialized_allocator
                0x0000000010004ff4       0x14 /home/cameron/AutoTurretPico/libmicroros/libmicroros.a(librcutils-allocator.c.obj)
                0x0000000010004ff4                rcutils_get_zero_initialized_allocator
 .text.rcutils_get_default_allocator
                0x0000000010005008       0x14 /home/cameron/AutoTurretPico/libmicroros/libmicroros.a(librcutils-allocator.c.obj)
                0x0000000010005008                rcutils_get_default_allocator
 .text.rcutils_allocator_is_valid
                0x000000001000501c       0x24 /home/cameron/AutoTurretPico/libmicroros/libmicroros.a(librcutils-allocator.c.obj)
                0x000000001000501c                rcutils_allocator_is_valid
 .text.rcutils_get_error_string
                0x0000000010005040       0x34 /home/cameron/AutoTurretPico/libmicroros/libmicroros.a(librcutils-error_handling.c.obj)
                0x0000000010005040                rcutils_get_error_string
 .text.rcutils_reset_error
                0x0000000010005074       0x38 /home/cameron/AutoTurretPico/libmicroros/libmicroros.a(librcutils-error_handling.c.obj)
                0x0000000010005074                rcutils_reset_error
 .text.rcutils_system_time_now
                0x00000000100050ac       0x58 /home/cameron/AutoTurretPico/libmicroros/libmicroros.a(librcutils-time_unix.c.obj)
                0x00000000100050ac                rcutils_system_time_now
 .text.rcutils_steady_time_now
                0x0000000010005104       0x58 /home/cameron/AutoTurretPico/libmicroros/libmicroros.a(librcutils-time_unix.c.obj)
                0x0000000010005104                rcutils_steady_time_now
 .text.rmw_get_default_publisher_options
                0x000000001000515c        0x8 /home/cameron/AutoTurretPico/libmicroros/libmicroros.a(librmw-publisher_options.c.obj)
                0x000000001000515c                rmw_get_default_publisher_options
 .text.flush_session
                0x0000000010005164        0xc /home/cameron/AutoTurretPico/libmicroros/libmicroros.a(librmw_microxrcedds-rmw_publish.c.obj)
                0x0000000010005164                flush_session
 .text.rmw_publish
                0x0000000010005170       0xd0 /home/cameron/AutoTurretPico/libmicroros/libmicroros.a(librmw_microxrcedds-rmw_publish.c.obj)
                0x0000000010005170                rmw_publish
 .text.rmw_create_publisher
                0x0000000010005240      0x204 /home/cameron/AutoTurretPico/libmicroros/libmicroros.a(librmw_microxrcedds-rmw_publisher.c.obj)
                0x0000000010005240                rmw_create_publisher
 .text.rmw_publisher_get_actual_qos
                0x0000000010005444       0x20 /home/cameron/AutoTurretPico/libmicroros/libmicroros.a(librmw_microxrcedds-rmw_publisher.c.obj)
                0x0000000010005444                rmw_publisher_get_actual_qos
 .text.rmw_destroy_publisher
                0x0000000010005464       0xe4 /home/cameron/AutoTurretPico/libmicroros/libmicroros.a(librmw_microxrcedds-rmw_publisher.c.obj)
                0x0000000010005464                rmw_destroy_publisher
 .text.rmw_uxrce_init_service_memory
                0x0000000010005548       0x48 /home/cameron/AutoTurretPico/libmicroros/libmicroros.a(librmw_microxrcedds-types.c.obj)
                0x0000000010005548                rmw_uxrce_init_service_memory
 .text.rmw_uxrce_init_client_memory
                0x0000000010005590       0x48 /home/cameron/AutoTurretPico/libmicroros/libmicroros.a(librmw_microxrcedds-types.c.obj)
                0x0000000010005590                rmw_uxrce_init_client_memory
 .text.rmw_uxrce_init_publisher_memory
                0x00000000100055d8       0x48 /home/cameron/AutoTurretPico/libmicroros/libmicroros.a(librmw_microxrcedds-types.c.obj)
                0x00000000100055d8                rmw_uxrce_init_publisher_memory
 .text.rmw_uxrce_init_subscription_memory
                0x0000000010005620       0x48 /home/cameron/AutoTurretPico/libmicroros/libmicroros.a(librmw_microxrcedds-types.c.obj)
                0x0000000010005620                rmw_uxrce_init_subscription_memory
 .text.rmw_uxrce_init_node_memory
                0x0000000010005668       0x48 /home/cameron/AutoTurretPico/libmicroros/libmicroros.a(librmw_microxrcedds-types.c.obj)
                0x0000000010005668                rmw_uxrce_init_node_memory
 .text.rmw_uxrce_init_session_memory
                0x00000000100056b0       0x50 /home/cameron/AutoTurretPico/libmicroros/libmicroros.a(librmw_microxrcedds-types.c.obj)
                0x00000000100056b0                rmw_uxrce_init_session_memory
 .text.rmw_uxrce_init_topic_memory
                0x0000000010005700       0x48 /home/cameron/AutoTurretPico/libmicroros/libmicroros.a(librmw_microxrcedds-types.c.obj)
                0x0000000010005700                rmw_uxrce_init_topic_memory
 .text.rmw_uxrce_init_static_input_buffer_memory
                0x0000000010005748       0x50 /home/cameron/AutoTurretPico/libmicroros/libmicroros.a(librmw_microxrcedds-types.c.obj)
                0x0000000010005748                rmw_uxrce_init_static_input_buffer_memory
 .text.rmw_uxrce_init_init_options_impl_memory
                0x0000000010005798       0x48 /home/cameron/AutoTurretPico/libmicroros/libmicroros.a(librmw_microxrcedds-types.c.obj)
                0x0000000010005798                rmw_uxrce_init_init_options_impl_memory
 .text.rmw_uxrce_init_wait_set_memory
                0x00000000100057e0       0x48 /home/cameron/AutoTurretPico/libmicroros/libmicroros.a(librmw_microxrcedds-types.c.obj)
                0x00000000100057e0                rmw_uxrce_init_wait_set_memory
 .text.rmw_uxrce_init_guard_condition_memory
                0x0000000010005828       0x48 /home/cameron/AutoTurretPico/libmicroros/libmicroros.a(librmw_microxrcedds-types.c.obj)
                0x0000000010005828                rmw_uxrce_init_guard_condition_memory
 .text.rmw_uxrce_fini_session_memory
                0x0000000010005870       0x14 /home/cameron/AutoTurretPico/libmicroros/libmicroros.a(librmw_microxrcedds-types.c.obj)
                0x0000000010005870                rmw_uxrce_fini_session_memory
 .text.rmw_uxrce_fini_node_memory
                0x0000000010005884       0x34 /home/cameron/AutoTurretPico/libmicroros/libmicroros.a(librmw_microxrcedds-types.c.obj)
                0x0000000010005884                rmw_uxrce_fini_node_memory
 .text.rmw_uxrce_fini_publisher_memory
                0x00000000100058b8       0x34 /home/cameron/AutoTurretPico/libmicroros/libmicroros.a(librmw_microxrcedds-types.c.obj)
                0x00000000100058b8                rmw_uxrce_fini_publisher_memory
 .text.rmw_uxrce_fini_subscription_memory
                0x00000000100058ec       0x34 /home/cameron/AutoTurretPico/libmicroros/libmicroros.a(librmw_microxrcedds-types.c.obj)
                0x00000000100058ec                rmw_uxrce_fini_subscription_memory
 .text.rmw_uxrce_fini_service_memory
                0x0000000010005920       0x34 /home/cameron/AutoTurretPico/libmicroros/libmicroros.a(librmw_microxrcedds-types.c.obj)
                0x0000000010005920                rmw_uxrce_fini_service_memory
 .text.rmw_uxrce_fini_client_memory
                0x0000000010005954       0x34 /home/cameron/AutoTurretPico/libmicroros/libmicroros.a(librmw_microxrcedds-types.c.obj)
                0x0000000010005954                rmw_uxrce_fini_client_memory
 .text.rmw_uxrce_fini_topic_memory
                0x0000000010005988       0x18 /home/cameron/AutoTurretPico/libmicroros/libmicroros.a(librmw_microxrcedds-types.c.obj)
                0x0000000010005988                rmw_uxrce_fini_topic_memory
 .text.rmw_uxrce_get_static_input_buffer_for_entity
                0x00000000100059a0       0xb4 /home/cameron/AutoTurretPico/libmicroros/libmicroros.a(librmw_microxrcedds-types.c.obj)
                0x00000000100059a0                rmw_uxrce_get_static_input_buffer_for_entity
 .text.rmw_uxrce_find_static_input_buffer_by_owner
                0x0000000010005a54       0x5c /home/cameron/AutoTurretPico/libmicroros/libmicroros.a(librmw_microxrcedds-types.c.obj)
                0x0000000010005a54                rmw_uxrce_find_static_input_buffer_by_owner
 .text.rmw_uxrce_clean_expired_static_input_buffer
                0x0000000010005ab0      0x108 /home/cameron/AutoTurretPico/libmicroros/libmicroros.a(librmw_microxrcedds-types.c.obj)
                0x0000000010005ab0                rmw_uxrce_clean_expired_static_input_buffer
 .text.run_xrce_session
                0x0000000010005bb8       0x44 /home/cameron/AutoTurretPico/libmicroros/libmicroros.a(librmw_microxrcedds-utils.c.obj)
                0x0000000010005bb8                run_xrce_session
 .text.convert_qos_profile
                0x0000000010005bfc       0x28 /home/cameron/AutoTurretPico/libmicroros/libmicroros.a(librmw_microxrcedds-utils.c.obj)
                0x0000000010005bfc                convert_qos_profile
 .text.generate_type_name
                0x0000000010005c24       0x68 /home/cameron/AutoTurretPico/libmicroros/libmicroros.a(librmw_microxrcedds-utils.c.obj)
                0x0000000010005c24                generate_type_name
 .text.generate_topic_name
                0x0000000010005c8c       0x38 /home/cameron/AutoTurretPico/libmicroros/libmicroros.a(librmw_microxrcedds-utils.c.obj)
                0x0000000010005c8c                generate_topic_name
 .text.is_uxrce_rmw_identifier_valid
                0x0000000010005cc4       0x20 /home/cameron/AutoTurretPico/libmicroros/libmicroros.a(librmw_microxrcedds-utils.c.obj)
                0x0000000010005cc4                is_uxrce_rmw_identifier_valid
 .text.get_message_typesupport_handle
                0x0000000010005ce4        0x8 /home/cameron/AutoTurretPico/libmicroros/libmicroros.a(librosidl_runtime_c-message_type_support.c.obj)
                0x0000000010005ce4                get_message_typesupport_handle
 .text.get_message_typesupport_handle_function
                0x0000000010005cec       0x18 /home/cameron/AutoTurretPico/libmicroros/libmicroros.a(librosidl_runtime_c-message_type_support.c.obj)
                0x0000000010005cec                get_message_typesupport_handle_function
 .text.rosidl_typesupport_c__get_message_type_support_handle__std_msgs__msg__Bool
                0x0000000010005d04       0x1c /home/cameron/AutoTurretPico/libmicroros/libmicroros.a(libstd_msgs__rosidl_typesupport_c-bool__type_support.cpp.obj)
                0x0000000010005d04                rosidl_typesupport_c__get_message_type_support_handle__std_msgs__msg__Bool
 .text.startup._GLOBAL__sub_I_rosidl_typesupport_c__get_message_type_support_handle__std_msgs__msg__Bool
                0x0000000010005d20       0x14 /home/cameron/AutoTurretPico/libmicroros/libmicroros.a(libstd_msgs__rosidl_typesupport_c-bool__type_support.cpp.obj)
 .text.std_msgs__msg__Bool__rosidl_typesupport_introspection_c__Bool_init_function
                0x0000000010005d34        0x8 /home/cameron/AutoTurretPico/libmicroros/libmicroros.a(libstd_msgs__rosidl_typesupport_introspection_c-bool__type_support.c.obj)
                0x0000000010005d34                std_msgs__msg__Bool__rosidl_typesupport_introspection_c__Bool_init_function
 .text.std_msgs__msg__Bool__rosidl_typesupport_introspection_c__Bool_fini_function
                0x0000000010005d3c        0x8 /home/cameron/AutoTurretPico/libmicroros/libmicroros.a(libstd_msgs__rosidl_typesupport_introspection_c-bool__type_support.c.obj)
                0x0000000010005d3c                std_msgs__msg__Bool__rosidl_typesupport_introspection_c__Bool_fini_function
 .text.rosidl_typesupport_introspection_c__get_message_type_support_handle__std_msgs__msg__Bool
                0x0000000010005d44       0x1c /home/cameron/AutoTurretPico/libmicroros/libmicroros.a(libstd_msgs__rosidl_typesupport_introspection_c-bool__type_support.c.obj)
                0x0000000010005d44                rosidl_typesupport_introspection_c__get_message_type_support_handle__std_msgs__msg__Bool
 .text._Bool__max_serialized_size
                0x0000000010005d60       0x10 /home/cameron/AutoTurretPico/libmicroros/libmicroros.a(libstd_msgs__rosidl_typesupport_microxrcedds_c-bool__type_support_c.c.obj)
 .text._Bool__cdr_deserialize
                0x0000000010005d70       0x10 /home/cameron/AutoTurretPico/libmicroros/libmicroros.a(libstd_msgs__rosidl_typesupport_microxrcedds_c-bool__type_support_c.c.obj)
 .text.get_serialized_size_std_msgs__msg__Bool
                0x0000000010005d80       0x18 /home/cameron/AutoTurretPico/libmicroros/libmicroros.a(libstd_msgs__rosidl_typesupport_microxrcedds_c-bool__type_support_c.c.obj)
                0x0000000010005d80                get_serialized_size_std_msgs__msg__Bool
 .text._Bool__cdr_serialize
                0x0000000010005d98       0x18 /home/cameron/AutoTurretPico/libmicroros/libmicroros.a(libstd_msgs__rosidl_typesupport_microxrcedds_c-bool__type_support_c.c.obj)
 .text._Bool__get_serialized_size
                0x0000000010005db0       0x18 /home/cameron/AutoTurretPico/libmicroros/libmicroros.a(libstd_msgs__rosidl_typesupport_microxrcedds_c-bool__type_support_c.c.obj)
 .text.rosidl_typesupport_microxrcedds_c__get_message_type_support_handle__std_msgs__msg__Bool
                0x0000000010005dc8        0x8 /home/cameron/AutoTurretPico/libmicroros/libmicroros.a(libstd_msgs__rosidl_typesupport_microxrcedds_c-bool__type_support_c.c.obj)
                0x0000000010005dc8                rosidl_typesupport_microxrcedds_c__get_message_type_support_handle__std_msgs__msg__Bool
 .text.ucdr_serialize_bool
                0x0000000010005dd0       0x2c /home/cameron/AutoTurretPico/libmicroros/libmicroros.a(libmicrocdr-basic.c.obj)
                0x0000000010005dd0                ucdr_serialize_bool
 .text.ucdr_deserialize_bool
                0x0000000010005dfc       0x30 /home/cameron/AutoTurretPico/libmicroros/libmicroros.a(libmicrocdr-basic.c.obj)
                0x0000000010005dfc                ucdr_deserialize_bool
 .text.ucdr_serialize_uint8_t
                0x0000000010005e2c       0x2c /home/cameron/AutoTurretPico/libmicroros/libmicroros.a(libmicrocdr-basic.c.obj)
                0x0000000010005e2c                ucdr_serialize_uint8_t
 .text.ucdr_deserialize_uint8_t
                0x0000000010005e58       0x30 /home/cameron/AutoTurretPico/libmicroros/libmicroros.a(libmicrocdr-basic.c.obj)
                0x0000000010005e58                ucdr_deserialize_uint8_t
 .text.ucdr_serialize_uint16_t
                0x0000000010005e88       0xe8 /home/cameron/AutoTurretPico/libmicroros/libmicroros.a(libmicrocdr-basic.c.obj)
                0x0000000010005e88                ucdr_serialize_uint16_t
 .text.ucdr_serialize_endian_uint16_t
                0x0000000010005f70       0xf0 /home/cameron/AutoTurretPico/libmicroros/libmicroros.a(libmicrocdr-basic.c.obj)
                0x0000000010005f70                ucdr_serialize_endian_uint16_t
 .text.ucdr_deserialize_uint16_t
                0x0000000010006060       0xe0 /home/cameron/AutoTurretPico/libmicroros/libmicroros.a(libmicrocdr-basic.c.obj)
                0x0000000010006060                ucdr_deserialize_uint16_t
 .text.ucdr_deserialize_endian_uint16_t
                0x0000000010006140       0xe8 /home/cameron/AutoTurretPico/libmicroros/libmicroros.a(libmicrocdr-basic.c.obj)
                0x0000000010006140                ucdr_deserialize_endian_uint16_t
 .text.ucdr_serialize_uint32_t
                0x0000000010006228      0x110 /home/cameron/AutoTurretPico/libmicroros/libmicroros.a(libmicrocdr-basic.c.obj)
                0x0000000010006228                ucdr_serialize_uint32_t
 .text.ucdr_serialize_endian_uint32_t
                0x0000000010006338      0x110 /home/cameron/AutoTurretPico/libmicroros/libmicroros.a(libmicrocdr-basic.c.obj)
                0x0000000010006338                ucdr_serialize_endian_uint32_t
 .text.ucdr_deserialize_uint32_t
                0x0000000010006448      0x108 /home/cameron/AutoTurretPico/libmicroros/libmicroros.a(libmicrocdr-basic.c.obj)
                0x0000000010006448                ucdr_deserialize_uint32_t
 .text.ucdr_deserialize_endian_uint32_t
                0x0000000010006550      0x118 /home/cameron/AutoTurretPico/libmicroros/libmicroros.a(libmicrocdr-basic.c.obj)
                0x0000000010006550                ucdr_deserialize_endian_uint32_t
 .text.ucdr_serialize_uint64_t
                0x0000000010006668      0x160 /home/cameron/AutoTurretPico/libmicroros/libmicroros.a(libmicrocdr-basic.c.obj)
                0x0000000010006668                ucdr_serialize_uint64_t
 .text.ucdr_serialize_int16_t
                0x00000000100067c8       0xe8 /home/cameron/AutoTurretPico/libmicroros/libmicroros.a(libmicrocdr-basic.c.obj)
                0x00000000100067c8                ucdr_serialize_int16_t
 .text.ucdr_deserialize_int16_t
                0x00000000100068b0       0xe0 /home/cameron/AutoTurretPico/libmicroros/libmicroros.a(libmicrocdr-basic.c.obj)
                0x00000000100068b0                ucdr_deserialize_int16_t
 .text.ucdr_serialize_int32_t
                0x0000000010006990      0x110 /home/cameron/AutoTurretPico/libmicroros/libmicroros.a(libmicrocdr-basic.c.obj)
                0x0000000010006990                ucdr_serialize_int32_t
 .text.ucdr_deserialize_int32_t
                0x0000000010006aa0      0x108 /home/cameron/AutoTurretPico/libmicroros/libmicroros.a(libmicrocdr-basic.c.obj)
                0x0000000010006aa0                ucdr_deserialize_int32_t
 .text.ucdr_check_buffer_available_for
                0x0000000010006ba8       0x18 /home/cameron/AutoTurretPico/libmicroros/libmicroros.a(libmicrocdr-common.c.obj)
                0x0000000010006ba8                ucdr_check_buffer_available_for
 .text.ucdr_check_final_buffer_behavior
                0x0000000010006bc0       0x38 /home/cameron/AutoTurretPico/libmicroros/libmicroros.a(libmicrocdr-common.c.obj)
                0x0000000010006bc0                ucdr_check_final_buffer_behavior
 .text.ucdr_set_on_full_buffer_callback
                0x0000000010006bf8        0x8 /home/cameron/AutoTurretPico/libmicroros/libmicroros.a(libmicrocdr-common.c.obj)
                0x0000000010006bf8                ucdr_set_on_full_buffer_callback
 .text.ucdr_init_buffer_origin_offset_endian
                0x0000000010006c00       0x28 /home/cameron/AutoTurretPico/libmicroros/libmicroros.a(libmicrocdr-common.c.obj)
                0x0000000010006c00                ucdr_init_buffer_origin_offset_endian
 .text.ucdr_init_buffer_origin_offset
                0x0000000010006c28       0x14 /home/cameron/AutoTurretPico/libmicroros/libmicroros.a(libmicrocdr-common.c.obj)
                0x0000000010006c28                ucdr_init_buffer_origin_offset
 .text.ucdr_init_buffer_origin
                0x0000000010006c3c       0x10 /home/cameron/AutoTurretPico/libmicroros/libmicroros.a(libmicrocdr-common.c.obj)
                0x0000000010006c3c                ucdr_init_buffer_origin
 .text.ucdr_init_buffer
                0x0000000010006c4c        0xc /home/cameron/AutoTurretPico/libmicroros/libmicroros.a(libmicrocdr-common.c.obj)
                0x0000000010006c4c                ucdr_init_buffer
 .text.ucdr_alignment
                0x0000000010006c58       0x10 /home/cameron/AutoTurretPico/libmicroros/libmicroros.a(libmicrocdr-common.c.obj)
                0x0000000010006c58                ucdr_alignment
 .text.ucdr_buffer_alignment
                0x0000000010006c68       0x1c /home/cameron/AutoTurretPico/libmicroros/libmicroros.a(libmicrocdr-common.c.obj)
                0x0000000010006c68                ucdr_buffer_alignment
 .text.ucdr_align_to
                0x0000000010006c84       0x24 /home/cameron/AutoTurretPico/libmicroros/libmicroros.a(libmicrocdr-common.c.obj)
                0x0000000010006c84                ucdr_align_to
 .text.ucdr_buffer_length
                0x0000000010006ca8        0x8 /home/cameron/AutoTurretPico/libmicroros/libmicroros.a(libmicrocdr-common.c.obj)
                0x0000000010006ca8                ucdr_buffer_length
 .text.ucdr_buffer_remaining
                0x0000000010006cb0        0x8 /home/cameron/AutoTurretPico/libmicroros/libmicroros.a(libmicrocdr-common.c.obj)
                0x0000000010006cb0                ucdr_buffer_remaining
 .text.ucdr_check_final_buffer_behavior_array
                0x0000000010006cb8       0x44 /home/cameron/AutoTurretPico/libmicroros/libmicroros.a(libmicrocdr-common.c.obj)
                0x0000000010006cb8                ucdr_check_final_buffer_behavior_array
 .text.ucdr_advance_buffer
                0x0000000010006cfc       0x40 /home/cameron/AutoTurretPico/libmicroros/libmicroros.a(libmicrocdr-common.c.obj)
                0x0000000010006cfc                ucdr_advance_buffer
 .text.uxr_buffer_delete_entity
                0x0000000010006d3c       0x3c /home/cameron/AutoTurretPico/libmicroros/libmicroros.a(libmicroxrcedds_client-common_create_entities.c.obj)
                0x0000000010006d3c                uxr_buffer_delete_entity
 .text.uxr_common_create_entity
                0x0000000010006d78       0x54 /home/cameron/AutoTurretPico/libmicroros/libmicroros.a(libmicroxrcedds_client-common_create_entities.c.obj)
                0x0000000010006d78                uxr_common_create_entity
 .text.uxr_buffer_create_participant_bin
                0x0000000010006dcc       0x68 /home/cameron/AutoTurretPico/libmicroros/libmicroros.a(libmicroxrcedds_client-create_entities_bin.c.obj)
                0x0000000010006dcc                uxr_buffer_create_participant_bin
 .text.uxr_buffer_create_topic_bin
                0x0000000010006e34       0x70 /home/cameron/AutoTurretPico/libmicroros/libmicroros.a(libmicroxrcedds_client-create_entities_bin.c.obj)
                0x0000000010006e34                uxr_buffer_create_topic_bin
 .text.uxr_buffer_create_publisher_bin
                0x0000000010006ea4       0x6c /home/cameron/AutoTurretPico/libmicroros/libmicroros.a(libmicroxrcedds_client-create_entities_bin.c.obj)
                0x0000000010006ea4                uxr_buffer_create_publisher_bin
 .text.uxr_buffer_create_datawriter_bin
                0x0000000010006f10       0xcc /home/cameron/AutoTurretPico/libmicroros/libmicroros.a(libmicroxrcedds_client-create_entities_bin.c.obj)
                0x0000000010006f10                uxr_buffer_create_datawriter_bin
 .text.uxr_object_id
                0x0000000010006fdc       0x10 /home/cameron/AutoTurretPico/libmicroros/libmicroros.a(libmicroxrcedds_client-object_id.c.obj)
                0x0000000010006fdc                uxr_object_id
 .text.uxr_object_id_from_raw
                0x0000000010006fec       0x20 /home/cameron/AutoTurretPico/libmicroros/libmicroros.a(libmicroxrcedds_client-object_id.c.obj)
                0x0000000010006fec                uxr_object_id_from_raw
 .text.uxr_object_id_to_raw
                0x000000001000700c       0x18 /home/cameron/AutoTurretPico/libmicroros/libmicroros.a(libmicroxrcedds_client-object_id.c.obj)
                0x000000001000700c                uxr_object_id_to_raw
 .text.on_get_fragmentation_info
                0x0000000010007024       0x38 /home/cameron/AutoTurretPico/libmicroros/libmicroros.a(libmicroxrcedds_client-session.c.obj)
 .text.read_submessage_get_info
                0x000000001000705c       0x74 /home/cameron/AutoTurretPico/libmicroros/libmicroros.a(libmicroxrcedds_client-session.c.obj)
 .text.write_submessage_acknack.isra.0
                0x00000000100070d0       0x6c /home/cameron/AutoTurretPico/libmicroros/libmicroros.a(libmicroxrcedds_client-session.c.obj)
 .text.uxr_init_session
                0x000000001000713c       0x48 /home/cameron/AutoTurretPico/libmicroros/libmicroros.a(libmicroxrcedds_client-session.c.obj)
                0x000000001000713c                uxr_init_session
 .text.uxr_set_status_callback
                0x0000000010007184        0xc /home/cameron/AutoTurretPico/libmicroros/libmicroros.a(libmicroxrcedds_client-session.c.obj)
                0x0000000010007184                uxr_set_status_callback
 .text.uxr_set_topic_callback
                0x0000000010007190        0xc /home/cameron/AutoTurretPico/libmicroros/libmicroros.a(libmicroxrcedds_client-session.c.obj)
                0x0000000010007190                uxr_set_topic_callback
 .text.uxr_set_request_callback
                0x000000001000719c        0xc /home/cameron/AutoTurretPico/libmicroros/libmicroros.a(libmicroxrcedds_client-session.c.obj)
                0x000000001000719c                uxr_set_request_callback
 .text.uxr_set_reply_callback
                0x00000000100071a8        0xc /home/cameron/AutoTurretPico/libmicroros/libmicroros.a(libmicroxrcedds_client-session.c.obj)
                0x00000000100071a8                uxr_set_reply_callback
 .text.uxr_create_output_best_effort_stream
                0x00000000100071b4       0x40 /home/cameron/AutoTurretPico/libmicroros/libmicroros.a(libmicroxrcedds_client-session.c.obj)
                0x00000000100071b4                uxr_create_output_best_effort_stream
 .text.uxr_create_output_reliable_stream
                0x00000000100071f4       0x44 /home/cameron/AutoTurretPico/libmicroros/libmicroros.a(libmicroxrcedds_client-session.c.obj)
                0x00000000100071f4                uxr_create_output_reliable_stream
 .text.uxr_create_input_best_effort_stream
                0x0000000010007238       0x2c /home/cameron/AutoTurretPico/libmicroros/libmicroros.a(libmicroxrcedds_client-session.c.obj)
                0x0000000010007238                uxr_create_input_best_effort_stream
 .text.uxr_create_input_reliable_stream
                0x0000000010007264       0x34 /home/cameron/AutoTurretPico/libmicroros/libmicroros.a(libmicroxrcedds_client-session.c.obj)
                0x0000000010007264                uxr_create_input_reliable_stream
 .text.uxr_epoch_nanos
                0x0000000010007298       0x14 /home/cameron/AutoTurretPico/libmicroros/libmicroros.a(libmicroxrcedds_client-session.c.obj)
                0x0000000010007298                uxr_epoch_nanos
 .text.uxr_flash_output_streams
                0x00000000100072ac       0xf8 /home/cameron/AutoTurretPico/libmicroros/libmicroros.a(libmicroxrcedds_client-session.c.obj)
                0x00000000100072ac                uxr_flash_output_streams
 .text.read_submessage_info
                0x00000000100073a4       0xa8 /home/cameron/AutoTurretPico/libmicroros/libmicroros.a(libmicroxrcedds_client-session.c.obj)
                0x00000000100073a4                read_submessage_info
 .text.read_submessage_list
                0x000000001000744c      0x3a8 /home/cameron/AutoTurretPico/libmicroros/libmicroros.a(libmicroxrcedds_client-session.c.obj)
 .text.listen_message_reliably
                0x00000000100077f4      0x2ac /home/cameron/AutoTurretPico/libmicroros/libmicroros.a(libmicroxrcedds_client-session.c.obj)
 .text.uxr_run_session_timeout
                0x0000000010007aa0       0x30 /home/cameron/AutoTurretPico/libmicroros/libmicroros.a(libmicroxrcedds_client-session.c.obj)
                0x0000000010007aa0                uxr_run_session_timeout
 .text.uxr_run_session_until_data
                0x0000000010007ad0       0x3c /home/cameron/AutoTurretPico/libmicroros/libmicroros.a(libmicroxrcedds_client-session.c.obj)
                0x0000000010007ad0                uxr_run_session_until_data
 .text.uxr_run_session_until_confirm_delivery
                0x0000000010007b0c       0x4c /home/cameron/AutoTurretPico/libmicroros/libmicroros.a(libmicroxrcedds_client-session.c.obj)
                0x0000000010007b0c                uxr_run_session_until_confirm_delivery
 .text.uxr_run_session_until_all_status
                0x0000000010007b58       0xc4 /home/cameron/AutoTurretPico/libmicroros/libmicroros.a(libmicroxrcedds_client-session.c.obj)
                0x0000000010007b58                uxr_run_session_until_all_status
 .text.wait_session_status
                0x0000000010007c1c      0x1d0 /home/cameron/AutoTurretPico/libmicroros/libmicroros.a(libmicroxrcedds_client-session.c.obj)
 .text.uxr_delete_session_retries
                0x0000000010007dec       0x50 /home/cameron/AutoTurretPico/libmicroros/libmicroros.a(libmicroxrcedds_client-session.c.obj)
                0x0000000010007dec                uxr_delete_session_retries
 .text.uxr_create_session
                0x0000000010007e3c      0x1f4 /home/cameron/AutoTurretPico/libmicroros/libmicroros.a(libmicroxrcedds_client-session.c.obj)
                0x0000000010007e3c                uxr_create_session
 .text.uxr_prepare_stream_to_write_submessage
                0x0000000010008030       0x90 /home/cameron/AutoTurretPico/libmicroros/libmicroros.a(libmicroxrcedds_client-session.c.obj)
                0x0000000010008030                uxr_prepare_stream_to_write_submessage
 .text.uxr_init_session_info
                0x00000000100080c0       0x20 /home/cameron/AutoTurretPico/libmicroros/libmicroros.a(libmicroxrcedds_client-session_info.c.obj)
                0x00000000100080c0                uxr_init_session_info
 .text.uxr_buffer_create_session
                0x00000000100080e0       0x60 /home/cameron/AutoTurretPico/libmicroros/libmicroros.a(libmicroxrcedds_client-session_info.c.obj)
                0x00000000100080e0                uxr_buffer_create_session
 .text.uxr_buffer_delete_session
                0x0000000010008140       0x34 /home/cameron/AutoTurretPico/libmicroros/libmicroros.a(libmicroxrcedds_client-session_info.c.obj)
                0x0000000010008140                uxr_buffer_delete_session
 .text.uxr_read_create_session_status
                0x0000000010008174       0x18 /home/cameron/AutoTurretPico/libmicroros/libmicroros.a(libmicroxrcedds_client-session_info.c.obj)
                0x0000000010008174                uxr_read_create_session_status
 .text.uxr_read_delete_session_status
                0x000000001000818c       0x34 /home/cameron/AutoTurretPico/libmicroros/libmicroros.a(libmicroxrcedds_client-session_info.c.obj)
                0x000000001000818c                uxr_read_delete_session_status
 .text.uxr_stamp_create_session_header
                0x00000000100081c0       0x28 /home/cameron/AutoTurretPico/libmicroros/libmicroros.a(libmicroxrcedds_client-session_info.c.obj)
                0x00000000100081c0                uxr_stamp_create_session_header
 .text.uxr_stamp_session_header
                0x00000000100081e8       0x28 /home/cameron/AutoTurretPico/libmicroros/libmicroros.a(libmicroxrcedds_client-session_info.c.obj)
                0x00000000100081e8                uxr_stamp_session_header
 .text.uxr_read_session_header
                0x0000000010008210       0x90 /home/cameron/AutoTurretPico/libmicroros/libmicroros.a(libmicroxrcedds_client-session_info.c.obj)
                0x0000000010008210                uxr_read_session_header
 .text.uxr_session_header_offset
                0x00000000100082a0       0x10 /home/cameron/AutoTurretPico/libmicroros/libmicroros.a(libmicroxrcedds_client-session_info.c.obj)
                0x00000000100082a0                uxr_session_header_offset
 .text.uxr_init_base_object_request
                0x00000000100082b0       0x3c /home/cameron/AutoTurretPico/libmicroros/libmicroros.a(libmicroxrcedds_client-session_info.c.obj)
                0x00000000100082b0                uxr_init_base_object_request
 .text.uxr_parse_base_object_request
                0x00000000100082ec       0x24 /home/cameron/AutoTurretPico/libmicroros/libmicroros.a(libmicroxrcedds_client-session_info.c.obj)
                0x00000000100082ec                uxr_parse_base_object_request
 .text.uxr_stream_id
                0x0000000010008310       0x4c /home/cameron/AutoTurretPico/libmicroros/libmicroros.a(libmicroxrcedds_client-stream_id.c.obj)
                0x0000000010008310                uxr_stream_id
 .text.uxr_stream_id_from_raw
                0x000000001000835c       0x54 /home/cameron/AutoTurretPico/libmicroros/libmicroros.a(libmicroxrcedds_client-stream_id.c.obj)
                0x000000001000835c                uxr_stream_id_from_raw
 .text.uxr_init_stream_storage
                0x00000000100083b0       0x14 /home/cameron/AutoTurretPico/libmicroros/libmicroros.a(libmicroxrcedds_client-stream_storage.c.obj)
                0x00000000100083b0                uxr_init_stream_storage
 .text.uxr_reset_stream_storage
                0x00000000100083c4       0x80 /home/cameron/AutoTurretPico/libmicroros/libmicroros.a(libmicroxrcedds_client-stream_storage.c.obj)
                0x00000000100083c4                uxr_reset_stream_storage
 .text.uxr_add_output_best_effort_buffer
                0x0000000010008444       0x40 /home/cameron/AutoTurretPico/libmicroros/libmicroros.a(libmicroxrcedds_client-stream_storage.c.obj)
                0x0000000010008444                uxr_add_output_best_effort_buffer
 .text.uxr_add_output_reliable_buffer
                0x0000000010008484       0x4c /home/cameron/AutoTurretPico/libmicroros/libmicroros.a(libmicroxrcedds_client-stream_storage.c.obj)
                0x0000000010008484                uxr_add_output_reliable_buffer
 .text.uxr_add_input_best_effort_buffer
                0x00000000100084d0       0x44 /home/cameron/AutoTurretPico/libmicroros/libmicroros.a(libmicroxrcedds_client-stream_storage.c.obj)
                0x00000000100084d0                uxr_add_input_best_effort_buffer
 .text.uxr_add_input_reliable_buffer
                0x0000000010008514       0x4c /home/cameron/AutoTurretPico/libmicroros/libmicroros.a(libmicroxrcedds_client-stream_storage.c.obj)
                0x0000000010008514                uxr_add_input_reliable_buffer
 .text.uxr_get_output_best_effort_stream
                0x0000000010008560       0x10 /home/cameron/AutoTurretPico/libmicroros/libmicroros.a(libmicroxrcedds_client-stream_storage.c.obj)
                0x0000000010008560                uxr_get_output_best_effort_stream
 .text.uxr_get_output_reliable_stream
                0x0000000010008570       0x18 /home/cameron/AutoTurretPico/libmicroros/libmicroros.a(libmicroxrcedds_client-stream_storage.c.obj)
                0x0000000010008570                uxr_get_output_reliable_stream
 .text.uxr_get_input_best_effort_stream
                0x0000000010008588       0x14 /home/cameron/AutoTurretPico/libmicroros/libmicroros.a(libmicroxrcedds_client-stream_storage.c.obj)
                0x0000000010008588                uxr_get_input_best_effort_stream
 .text.uxr_get_input_reliable_stream
                0x000000001000859c       0x18 /home/cameron/AutoTurretPico/libmicroros/libmicroros.a(libmicroxrcedds_client-stream_storage.c.obj)
                0x000000001000859c                uxr_get_input_reliable_stream
 .text.uxr_output_streams_confirmed
                0x00000000100085b4       0x30 /home/cameron/AutoTurretPico/libmicroros/libmicroros.a(libmicroxrcedds_client-stream_storage.c.obj)
                0x00000000100085b4                uxr_output_streams_confirmed
 .text.uxr_buffer_submessage_header
                0x00000000100085e4       0x34 /home/cameron/AutoTurretPico/libmicroros/libmicroros.a(libmicroxrcedds_client-submessage.c.obj)
                0x00000000100085e4                uxr_buffer_submessage_header
 .text.uxr_read_submessage_header
                0x0000000010008618       0x4c /home/cameron/AutoTurretPico/libmicroros/libmicroros.a(libmicroxrcedds_client-submessage.c.obj)
                0x0000000010008618                uxr_read_submessage_header
 .text.uxr_submessage_padding
                0x0000000010008664       0x14 /home/cameron/AutoTurretPico/libmicroros/libmicroros.a(libmicroxrcedds_client-submessage.c.obj)
                0x0000000010008664                uxr_submessage_padding
 .text.uxr_millis
                0x0000000010008678       0x38 /home/cameron/AutoTurretPico/libmicroros/libmicroros.a(libmicroxrcedds_client-time.c.obj)
                0x0000000010008678                uxr_millis
 .text.uxr_nanos
                0x00000000100086b0       0x2c /home/cameron/AutoTurretPico/libmicroros/libmicroros.a(libmicroxrcedds_client-time.c.obj)
                0x00000000100086b0                uxr_nanos
 .text.on_full_output_buffer_fragmented
                0x00000000100086dc      0x12c /home/cameron/AutoTurretPico/libmicroros/libmicroros.a(libmicroxrcedds_client-write_access.c.obj)
                0x00000000100086dc                on_full_output_buffer_fragmented
 .text.uxr_prepare_output_stream
                0x0000000010008808       0x60 /home/cameron/AutoTurretPico/libmicroros/libmicroros.a(libmicroxrcedds_client-write_access.c.obj)
                0x0000000010008808                uxr_prepare_output_stream
 .text.uxr_prepare_output_stream_fragmented
                0x0000000010008868      0x1d8 /home/cameron/AutoTurretPico/libmicroros/libmicroros.a(libmicroxrcedds_client-write_access.c.obj)
                0x0000000010008868                uxr_prepare_output_stream_fragmented
 .text.uxr_serialize_message_header
                0x0000000010008a40       0x34 /home/cameron/AutoTurretPico/libmicroros/libmicroros.a(libmicroxrcedds_client-xrce_header.c.obj)
                0x0000000010008a40                uxr_serialize_message_header
 .text.uxr_deserialize_message_header
                0x0000000010008a74       0x34 /home/cameron/AutoTurretPico/libmicroros/libmicroros.a(libmicroxrcedds_client-xrce_header.c.obj)
                0x0000000010008a74                uxr_deserialize_message_header
 .text.uxr_serialize_submessage_header
                0x0000000010008aa8       0x20 /home/cameron/AutoTurretPico/libmicroros/libmicroros.a(libmicroxrcedds_client-xrce_subheader.c.obj)
                0x0000000010008aa8                uxr_serialize_submessage_header
 .text.uxr_deserialize_submessage_header
                0x0000000010008ac8       0x20 /home/cameron/AutoTurretPico/libmicroros/libmicroros.a(libmicroxrcedds_client-xrce_subheader.c.obj)
                0x0000000010008ac8                uxr_deserialize_submessage_header
 .text.uxr_serialize_CLIENT_Representation
                0x0000000010008ae8       0xbc /home/cameron/AutoTurretPico/libmicroros/libmicroros.a(libmicroxrcedds_client-xrce_types.c.obj)
                0x0000000010008ae8                uxr_serialize_CLIENT_Representation
 .text.uxr_deserialize_CLIENT_Representation
                0x0000000010008ba4       0xd0 /home/cameron/AutoTurretPico/libmicroros/libmicroros.a(libmicroxrcedds_client-xrce_types.c.obj)
                0x0000000010008ba4                uxr_deserialize_CLIENT_Representation
 .text.uxr_serialize_AGENT_Representation
                0x0000000010008c74       0x98 /home/cameron/AutoTurretPico/libmicroros/libmicroros.a(libmicroxrcedds_client-xrce_types.c.obj)
                0x0000000010008c74                uxr_serialize_AGENT_Representation
 .text.uxr_serialize_DATAWRITER_Representation
                0x0000000010008d0c       0x50 /home/cameron/AutoTurretPico/libmicroros/libmicroros.a(libmicroxrcedds_client-xrce_types.c.obj)
                0x0000000010008d0c                uxr_serialize_DATAWRITER_Representation
 .text.uxr_serialize_ObjectVariant.part.0
                0x0000000010008d5c       0xdc /home/cameron/AutoTurretPico/libmicroros/libmicroros.a(libmicroxrcedds_client-xrce_types.c.obj)
 .text.uxr_deserialize_DATAWRITER_Representation
                0x0000000010008e38       0x54 /home/cameron/AutoTurretPico/libmicroros/libmicroros.a(libmicroxrcedds_client-xrce_types.c.obj)
                0x0000000010008e38                uxr_deserialize_DATAWRITER_Representation
 .text.uxr_serialize_OBJK_DomainParticipant_Binary
                0x0000000010008e8c       0x44 /home/cameron/AutoTurretPico/libmicroros/libmicroros.a(libmicroxrcedds_client-xrce_types.c.obj)
                0x0000000010008e8c                uxr_serialize_OBJK_DomainParticipant_Binary
 .text.uxr_serialize_OBJK_Topic_Binary
                0x0000000010008ed0       0x5c /home/cameron/AutoTurretPico/libmicroros/libmicroros.a(libmicroxrcedds_client-xrce_types.c.obj)
                0x0000000010008ed0                uxr_serialize_OBJK_Topic_Binary
 .text.uxr_serialize_OBJK_Publisher_Binary_Qos
                0x0000000010008f2c      0x144 /home/cameron/AutoTurretPico/libmicroros/libmicroros.a(libmicroxrcedds_client-xrce_types.c.obj)
                0x0000000010008f2c                uxr_serialize_OBJK_Publisher_Binary_Qos
 .text.uxr_serialize_OBJK_Publisher_Binary
                0x0000000010009070       0x48 /home/cameron/AutoTurretPico/libmicroros/libmicroros.a(libmicroxrcedds_client-xrce_types.c.obj)
                0x0000000010009070                uxr_serialize_OBJK_Publisher_Binary
 .text.uxr_serialize_OBJK_Endpoint_QosBinary
                0x00000000100090b8       0xb8 /home/cameron/AutoTurretPico/libmicroros/libmicroros.a(libmicroxrcedds_client-xrce_types.c.obj)
                0x00000000100090b8                uxr_serialize_OBJK_Endpoint_QosBinary
 .text.uxr_serialize_OBJK_DataWriter_Binary
                0x0000000010009170       0x64 /home/cameron/AutoTurretPico/libmicroros/libmicroros.a(libmicroxrcedds_client-xrce_types.c.obj)
                0x0000000010009170                uxr_serialize_OBJK_DataWriter_Binary
 .text.uxr_deserialize_ObjectVariant
                0x00000000100091d4      0x13c /home/cameron/AutoTurretPico/libmicroros/libmicroros.a(libmicroxrcedds_client-xrce_types.c.obj)
                0x00000000100091d4                uxr_deserialize_ObjectVariant
 .text.uxr_deserialize_BaseObjectRequest
                0x0000000010009310       0x20 /home/cameron/AutoTurretPico/libmicroros/libmicroros.a(libmicroxrcedds_client-xrce_types.c.obj)
                0x0000000010009310                uxr_deserialize_BaseObjectRequest
 .text.uxr_serialize_ActivityInfoVariant
                0x0000000010009330      0x120 /home/cameron/AutoTurretPico/libmicroros/libmicroros.a(libmicroxrcedds_client-xrce_types.c.obj)
                0x0000000010009330                uxr_serialize_ActivityInfoVariant
 .text.uxr_deserialize_BaseObjectReply
                0x0000000010009450       0x40 /home/cameron/AutoTurretPico/libmicroros/libmicroros.a(libmicroxrcedds_client-xrce_types.c.obj)
                0x0000000010009450                uxr_deserialize_BaseObjectReply
 .text.uxr_serialize_ReadSpecification
                0x0000000010009490       0x9c /home/cameron/AutoTurretPico/libmicroros/libmicroros.a(libmicroxrcedds_client-xrce_types.c.obj)
                0x0000000010009490                uxr_serialize_ReadSpecification
 .text.uxr_serialize_CREATE_CLIENT_Payload
                0x000000001000952c        0x8 /home/cameron/AutoTurretPico/libmicroros/libmicroros.a(libmicroxrcedds_client-xrce_types.c.obj)
                0x000000001000952c                uxr_serialize_CREATE_CLIENT_Payload
 .text.uxr_serialize_CREATE_Payload
                0x0000000010009534      0x118 /home/cameron/AutoTurretPico/libmicroros/libmicroros.a(libmicroxrcedds_client-xrce_types.c.obj)
                0x0000000010009534                uxr_serialize_CREATE_Payload
 .text.uxr_deserialize_GET_INFO_Payload
                0x000000001000964c       0x28 /home/cameron/AutoTurretPico/libmicroros/libmicroros.a(libmicroxrcedds_client-xrce_types.c.obj)
                0x000000001000964c                uxr_deserialize_GET_INFO_Payload
 .text.uxr_serialize_DELETE_Payload
                0x0000000010009674       0x20 /home/cameron/AutoTurretPico/libmicroros/libmicroros.a(libmicroxrcedds_client-xrce_types.c.obj)
                0x0000000010009674                uxr_serialize_DELETE_Payload
 .text.uxr_deserialize_STATUS_AGENT_Payload
                0x0000000010009694       0x68 /home/cameron/AutoTurretPico/libmicroros/libmicroros.a(libmicroxrcedds_client-xrce_types.c.obj)
                0x0000000010009694                uxr_deserialize_STATUS_AGENT_Payload
 .text.uxr_deserialize_STATUS_Payload
                0x00000000100096fc       0x40 /home/cameron/AutoTurretPico/libmicroros/libmicroros.a(libmicroxrcedds_client-xrce_types.c.obj)
                0x00000000100096fc                uxr_deserialize_STATUS_Payload
 .text.uxr_serialize_INFO_Payload
                0x000000001000973c       0xa0 /home/cameron/AutoTurretPico/libmicroros/libmicroros.a(libmicroxrcedds_client-xrce_types.c.obj)
                0x000000001000973c                uxr_serialize_INFO_Payload
 .text.uxr_serialize_READ_DATA_Payload
                0x00000000100097dc       0x28 /home/cameron/AutoTurretPico/libmicroros/libmicroros.a(libmicroxrcedds_client-xrce_types.c.obj)
                0x00000000100097dc                uxr_serialize_READ_DATA_Payload
 .text.uxr_serialize_WRITE_DATA_Payload_Data
                0x0000000010009804       0x20 /home/cameron/AutoTurretPico/libmicroros/libmicroros.a(libmicroxrcedds_client-xrce_types.c.obj)
                0x0000000010009804                uxr_serialize_WRITE_DATA_Payload_Data
 .text.uxr_serialize_ACKNACK_Payload
                0x0000000010009824       0x28 /home/cameron/AutoTurretPico/libmicroros/libmicroros.a(libmicroxrcedds_client-xrce_types.c.obj)
                0x0000000010009824                uxr_serialize_ACKNACK_Payload
 .text.uxr_deserialize_ACKNACK_Payload
                0x000000001000984c       0x28 /home/cameron/AutoTurretPico/libmicroros/libmicroros.a(libmicroxrcedds_client-xrce_types.c.obj)
                0x000000001000984c                uxr_deserialize_ACKNACK_Payload
 .text.uxr_serialize_HEARTBEAT_Payload
                0x0000000010009874       0x28 /home/cameron/AutoTurretPico/libmicroros/libmicroros.a(libmicroxrcedds_client-xrce_types.c.obj)
                0x0000000010009874                uxr_serialize_HEARTBEAT_Payload
 .text.uxr_deserialize_HEARTBEAT_Payload
                0x000000001000989c       0x24 /home/cameron/AutoTurretPico/libmicroros/libmicroros.a(libmicroxrcedds_client-xrce_types.c.obj)
                0x000000001000989c                uxr_deserialize_HEARTBEAT_Payload
 .text.uxr_deserialize_TIMESTAMP_REPLY_Payload
                0x00000000100098c0       0x5c /home/cameron/AutoTurretPico/libmicroros/libmicroros.a(libmicroxrcedds_client-xrce_types.c.obj)
                0x00000000100098c0                uxr_deserialize_TIMESTAMP_REPLY_Payload
 .text.uxr_serialize_SampleIdentity
                0x000000001000991c       0x54 /home/cameron/AutoTurretPico/libmicroros/libmicroros.a(libmicroxrcedds_client-xrce_types.c.obj)
                0x000000001000991c                uxr_serialize_SampleIdentity
 .text.uxr_deserialize_SampleIdentity
                0x0000000010009970       0x5c /home/cameron/AutoTurretPico/libmicroros/libmicroros.a(libmicroxrcedds_client-xrce_types.c.obj)
                0x0000000010009970                uxr_deserialize_SampleIdentity
 .text.rcl_client_get_rmw_handle
                0x00000000100099cc       0x18 /home/cameron/AutoTurretPico/libmicroros/libmicroros.a(librcl-client.c.obj)
                0x00000000100099cc                rcl_client_get_rmw_handle
 .text.rcl_send_request
                0x00000000100099e4       0xb4 /home/cameron/AutoTurretPico/libmicroros/libmicroros.a(librcl-client.c.obj)
                0x00000000100099e4                rcl_send_request
 .text.rcl_take_response
                0x0000000010009a98       0xcc /home/cameron/AutoTurretPico/libmicroros/libmicroros.a(librcl-client.c.obj)
                0x0000000010009a98                rcl_take_response
 .text.rcl_client_is_valid
                0x0000000010009b64       0x1c /home/cameron/AutoTurretPico/libmicroros/libmicroros.a(librcl-client.c.obj)
                0x0000000010009b64                rcl_client_is_valid
 .text.rcl_convert_rmw_ret_to_rcl_ret
                0x0000000010009b80       0x1c /home/cameron/AutoTurretPico/libmicroros/libmicroros.a(librcl-common.c.obj)
                0x0000000010009b80                rcl_convert_rmw_ret_to_rcl_ret
 .text.rcl_get_zero_initialized_context
                0x0000000010009b9c       0x10 /home/cameron/AutoTurretPico/libmicroros/libmicroros.a(librcl-context.c.obj)
                0x0000000010009b9c                rcl_get_zero_initialized_context
 .text.rcl_context_is_valid
                0x0000000010009bac       0x14 /home/cameron/AutoTurretPico/libmicroros/libmicroros.a(librcl-context.c.obj)
                0x0000000010009bac                rcl_context_is_valid
 .text.__cleanup_context
                0x0000000010009bc0       0xe0 /home/cameron/AutoTurretPico/libmicroros/libmicroros.a(librcl-context.c.obj)
                0x0000000010009bc0                __cleanup_context
 .text.rcl_init
                0x0000000010009ca0      0x294 /home/cameron/AutoTurretPico/libmicroros/libmicroros.a(librcl-init.c.obj)
                0x0000000010009ca0                rcl_init
 .text.rcl_get_zero_initialized_init_options
                0x0000000010009f34        0x4 /home/cameron/AutoTurretPico/libmicroros/libmicroros.a(librcl-init_options.c.obj)
                0x0000000010009f34                rcl_get_zero_initialized_init_options
 .text.rcl_init_options_init
                0x0000000010009f38       0xa8 /home/cameron/AutoTurretPico/libmicroros/libmicroros.a(librcl-init_options.c.obj)
                0x0000000010009f38                rcl_init_options_init
 .text.rcl_init_options_fini
                0x0000000010009fe0       0x4c /home/cameron/AutoTurretPico/libmicroros/libmicroros.a(librcl-init_options.c.obj)
                0x0000000010009fe0                rcl_init_options_fini
 .text.rcl_init_options_copy
                0x000000001000a02c       0xa8 /home/cameron/AutoTurretPico/libmicroros/libmicroros.a(librcl-init_options.c.obj)
                0x000000001000a02c                rcl_init_options_copy
 .text.rcl_get_localhost_only
                0x000000001000a0d4       0x4c /home/cameron/AutoTurretPico/libmicroros/libmicroros.a(librcl-localhost.c.obj)
                0x000000001000a0d4                rcl_get_localhost_only
 .text.rcl_get_zero_initialized_node
                0x000000001000a120       0x10 /home/cameron/AutoTurretPico/libmicroros/libmicroros.a(librcl-node.c.obj)
                0x000000001000a120                rcl_get_zero_initialized_node
 .text.rcl_node_init
                0x000000001000a130      0x2d8 /home/cameron/AutoTurretPico/libmicroros/libmicroros.a(librcl-node.c.obj)
                0x000000001000a130                rcl_node_init
 .text.rcl_node_is_valid
                0x000000001000a408       0x20 /home/cameron/AutoTurretPico/libmicroros/libmicroros.a(librcl-node.c.obj)
                0x000000001000a408                rcl_node_is_valid
 .text.rcl_node_get_name
                0x000000001000a428       0x18 /home/cameron/AutoTurretPico/libmicroros/libmicroros.a(librcl-node.c.obj)
                0x000000001000a428                rcl_node_get_name
 .text.rcl_node_get_namespace
                0x000000001000a440       0x18 /home/cameron/AutoTurretPico/libmicroros/libmicroros.a(librcl-node.c.obj)
                0x000000001000a440                rcl_node_get_namespace
 .text.rcl_node_get_options
                0x000000001000a458       0x1c /home/cameron/AutoTurretPico/libmicroros/libmicroros.a(librcl-node.c.obj)
                0x000000001000a458                rcl_node_get_options
 .text.rcl_node_get_rmw_handle
                0x000000001000a474       0x14 /home/cameron/AutoTurretPico/libmicroros/libmicroros.a(librcl-node.c.obj)
                0x000000001000a474                rcl_node_get_rmw_handle
 .text.rcl_get_disable_loaned_message
                0x000000001000a488       0x4c /home/cameron/AutoTurretPico/libmicroros/libmicroros.a(librcl-node.c.obj)
                0x000000001000a488                rcl_get_disable_loaned_message
 .text.rcl_node_get_default_options
                0x000000001000a4d4       0x1c /home/cameron/AutoTurretPico/libmicroros/libmicroros.a(librcl-node_options.c.obj)
                0x000000001000a4d4                rcl_node_get_default_options
 .text.rcl_node_options_copy
                0x000000001000a4f0       0x38 /home/cameron/AutoTurretPico/libmicroros/libmicroros.a(librcl-node_options.c.obj)
                0x000000001000a4f0                rcl_node_options_copy
 .text.rcl_node_options_fini
                0x000000001000a528       0x28 /home/cameron/AutoTurretPico/libmicroros/libmicroros.a(librcl-node_options.c.obj)
                0x000000001000a528                rcl_node_options_fini
 .text.rcl_node_resolve_name
                0x000000001000a550      0x154 /home/cameron/AutoTurretPico/libmicroros/libmicroros.a(librcl-node_resolve_name.c.obj)
                0x000000001000a550                rcl_node_resolve_name
 .text.exact_match_lookup
                0x000000001000a6a4       0x88 /home/cameron/AutoTurretPico/libmicroros/libmicroros.a(librcl-security.c.obj)
                0x000000001000a6a4                exact_match_lookup
 .text.rcl_get_secure_root
                0x000000001000a72c       0xd8 /home/cameron/AutoTurretPico/libmicroros/libmicroros.a(librcl-security.c.obj)
                0x000000001000a72c                rcl_get_secure_root
 .text.rcl_get_security_options_from_environment
                0x000000001000a804       0x84 /home/cameron/AutoTurretPico/libmicroros/libmicroros.a(librcl-security.c.obj)
                0x000000001000a804                rcl_get_security_options_from_environment
 .text.rcl_service_get_rmw_handle
                0x000000001000a888       0x18 /home/cameron/AutoTurretPico/libmicroros/libmicroros.a(librcl-service.c.obj)
                0x000000001000a888                rcl_service_get_rmw_handle
 .text.rcl_take_request
                0x000000001000a8a0       0x94 /home/cameron/AutoTurretPico/libmicroros/libmicroros.a(librcl-service.c.obj)
                0x000000001000a8a0                rcl_take_request
 .text.rcl_send_response
                0x000000001000a934       0x68 /home/cameron/AutoTurretPico/libmicroros/libmicroros.a(librcl-service.c.obj)
                0x000000001000a934                rcl_send_response
 .text.rcl_service_is_valid
                0x000000001000a99c       0x1c /home/cameron/AutoTurretPico/libmicroros/libmicroros.a(librcl-service.c.obj)
                0x000000001000a99c                rcl_service_is_valid
 .text.rcl_send_service_event_message
                0x000000001000a9b8      0x128 /home/cameron/AutoTurretPico/libmicroros/libmicroros.a(librcl-service_event_publisher.c.obj)
                0x000000001000a9b8                rcl_send_service_event_message
 .text.rcl_take
                0x000000001000aae0       0x84 /home/cameron/AutoTurretPico/libmicroros/libmicroros.a(librcl-subscription.c.obj)
                0x000000001000aae0                rcl_take
 .text.rcl_subscription_get_rmw_handle
                0x000000001000ab64       0x14 /home/cameron/AutoTurretPico/libmicroros/libmicroros.a(librcl-subscription.c.obj)
                0x000000001000ab64                rcl_subscription_get_rmw_handle
 .text.rcl_subscription_is_valid
                0x000000001000ab78       0x1c /home/cameron/AutoTurretPico/libmicroros/libmicroros.a(librcl-subscription.c.obj)
                0x000000001000ab78                rcl_subscription_is_valid
 .text.rcl_get_system_time
                0x000000001000ab94        0xc /home/cameron/AutoTurretPico/libmicroros/libmicroros.a(librcl-time.c.obj)
 .text.rcl_get_steady_time
                0x000000001000aba0        0xc /home/cameron/AutoTurretPico/libmicroros/libmicroros.a(librcl-time.c.obj)
 .text.rcl_get_ros_time
                0x000000001000abac       0x20 /home/cameron/AutoTurretPico/libmicroros/libmicroros.a(librcl-time.c.obj)
 .text.rcl_clock_valid
                0x000000001000abcc       0x18 /home/cameron/AutoTurretPico/libmicroros/libmicroros.a(librcl-time.c.obj)
                0x000000001000abcc                rcl_clock_valid
 .text.rcl_clock_init
                0x000000001000abe4       0xe4 /home/cameron/AutoTurretPico/libmicroros/libmicroros.a(librcl-time.c.obj)
                0x000000001000abe4                rcl_clock_init
 .text.rcl_clock_get_now
                0x000000001000acc8       0x24 /home/cameron/AutoTurretPico/libmicroros/libmicroros.a(librcl-time.c.obj)
                0x000000001000acc8                rcl_clock_get_now
 .text.rcl_is_enabled_ros_time_override
                0x000000001000acec       0x24 /home/cameron/AutoTurretPico/libmicroros/libmicroros.a(librcl-time.c.obj)
                0x000000001000acec                rcl_is_enabled_ros_time_override
 .text.rcl_timer_clock
                0x000000001000ad10       0x20 /home/cameron/AutoTurretPico/libmicroros/libmicroros.a(librcl-timer.c.obj)
                0x000000001000ad10                rcl_timer_clock
 .text.rcl_timer_call
                0x000000001000ad30      0x110 /home/cameron/AutoTurretPico/libmicroros/libmicroros.a(librcl-timer.c.obj)
                0x000000001000ad30                rcl_timer_call
 .text.rcl_timer_is_ready
                0x000000001000ae40       0x78 /home/cameron/AutoTurretPico/libmicroros/libmicroros.a(librcl-timer.c.obj)
                0x000000001000ae40                rcl_timer_is_ready
 .text.rcl_timer_get_next_call_time
                0x000000001000aeb8       0x48 /home/cameron/AutoTurretPico/libmicroros/libmicroros.a(librcl-timer.c.obj)
                0x000000001000aeb8                rcl_timer_get_next_call_time
 .text.rcl_timer_get_guard_condition
                0x000000001000af00       0x18 /home/cameron/AutoTurretPico/libmicroros/libmicroros.a(librcl-timer.c.obj)
                0x000000001000af00                rcl_timer_get_guard_condition
 .text.rcl_validate_enclave_name_with_size
                0x000000001000af18       0x7c /home/cameron/AutoTurretPico/libmicroros/libmicroros.a(librcl-validate_enclave_name.c.obj)
                0x000000001000af18                rcl_validate_enclave_name_with_size
 .text.rcl_validate_enclave_name
                0x000000001000af94       0x24 /home/cameron/AutoTurretPico/libmicroros/libmicroros.a(librcl-validate_enclave_name.c.obj)
                0x000000001000af94                rcl_validate_enclave_name
 .text.rcl_get_zero_initialized_wait_set
                0x000000001000afb8       0x14 /home/cameron/AutoTurretPico/libmicroros/libmicroros.a(librcl-wait.c.obj)
                0x000000001000afb8                rcl_get_zero_initialized_wait_set
 .text.rcl_wait_set_is_valid
                0x000000001000afcc       0x14 /home/cameron/AutoTurretPico/libmicroros/libmicroros.a(librcl-wait.c.obj)
                0x000000001000afcc                rcl_wait_set_is_valid
 .text.rcl_wait_set_fini
                0x000000001000afe0      0x164 /home/cameron/AutoTurretPico/libmicroros/libmicroros.a(librcl-wait.c.obj)
                0x000000001000afe0                rcl_wait_set_fini
 .text.rcl_wait_set_add_subscription
                0x000000001000b144       0x60 /home/cameron/AutoTurretPico/libmicroros/libmicroros.a(librcl-wait.c.obj)
                0x000000001000b144                rcl_wait_set_add_subscription
 .text.rcl_wait_set_clear
                0x000000001000b1a4      0x110 /home/cameron/AutoTurretPico/libmicroros/libmicroros.a(librcl-wait.c.obj)
                0x000000001000b1a4                rcl_wait_set_clear
 .text.rcl_wait_set_resize
                0x000000001000b2b4      0x388 /home/cameron/AutoTurretPico/libmicroros/libmicroros.a(librcl-wait.c.obj)
                0x000000001000b2b4                rcl_wait_set_resize
 .text.rcl_wait_set_init
                0x000000001000b63c      0x124 /home/cameron/AutoTurretPico/libmicroros/libmicroros.a(librcl-wait.c.obj)
                0x000000001000b63c                rcl_wait_set_init
 .text.rcl_wait_set_add_guard_condition